⚠ Warning: Next.js inferred your workspace root, but it may not be correct.
 We detected multiple lockfiles and selected the directory of C:\Users\Admin\package-lock.json as the root directory.
 To silence this warning, set `turbopack.root` in your Next.js config, or consider removing one of the lockfiles if it's not needed.
   See https://nextjs.org/docs/app/api-reference/config/next-config-js/turbopack#root-directory for more information.
 Detected additional lockfiles: 
   * C:\Users\Admin\Desktop\Portfolio Website\package-lock.json

▲ Next.js 16.2.6 (Turbopack)
- Environments: .env.local

  Creating an optimized production build ...
✓ Compiled successfully in 4.0s
  Running TypeScript ...
  Finished TypeScript in 6.9s ...
  Collecting page data using 16 workers ...
⚠ Using edge runtime on a page currently disables static generation for that page
  Generating static pages using 16 workers (0/18) ...
  Generating static pages using 16 workers (4/18) 
  Generating static pages using 16 workers (8/18) 
  Generating static pages using 16 workers (13/18) 
✓ Generating static pages using 16 workers (18/18) in 901ms
  Finalizing page optimization ...

Route (app)
┌ ○ /
├ ○ /_not-found
├ ○ /about
├ ○ /now
├ ƒ /opengraph-image
├ ○ /resume
├ ○ /robots.txt
├ ○ /sitemap.xml
├ ○ /work
├ ƒ /work/[slug]
├ ƒ /work/-/opengraph-image
├ ○ /writing
└ ● /writing/[slug]
  ├ /writing/figma-plugin-solo-build
  ├ /writing/design-systems-are-products
  ├ /writing/super-app-paradox-neobanks
  └ [+4 more paths]


○  (Static)   prerendered as static content
●  (SSG)      prerendered as static HTML (uses generateStaticParams)
ƒ  (Dynamic)  server-rendered on demand

