
Running 21 tests using 12 workers

  Ô£ô   1 [chromium] ÔÇ║ tests\home.spec.ts:3:5 ÔÇ║ has title (1.6s)
  Ô£ô   2 [chromium] ÔÇ║ tests\home.spec.ts:19:5 ÔÇ║ hero section exists (1.6s)
  Ô£ô   7 [chromium] ÔÇ║ tests\home.spec.ts:26:5 ÔÇ║ aulys showcase exists (1.6s)
  Ô£ô   5 [chromium] ÔÇ║ tests\home.spec.ts:10:5 ÔÇ║ experience section exists (1.7s)
  Ô£ô   3 [chromium] ÔÇ║ tests\home.spec.ts:54:5 ÔÇ║ about section exists (1.7s)
  Ô£ô   4 [chromium] ÔÇ║ tests\home.spec.ts:34:5 ÔÇ║ contact section exists (1.7s)
  Ô£ô  10 [firefox] ÔÇ║ tests\home.spec.ts:10:5 ÔÇ║ experience section exists (3.0s)
  Ô£ô  11 [firefox] ÔÇ║ tests\home.spec.ts:34:5 ÔÇ║ contact section exists (3.2s)
  Ô£ô   8 [firefox] ÔÇ║ tests\home.spec.ts:3:5 ÔÇ║ has title (3.2s)
  Ô£ÿ   6 [chromium] ÔÇ║ tests\home.spec.ts:44:5 ÔÇ║ work section exists (6.7s)
  Ô£ô  12 [firefox] ÔÇ║ tests\home.spec.ts:19:5 ÔÇ║ hero section exists (3.9s)
  Ô£ô  14 [webkit] ÔÇ║ tests\home.spec.ts:19:5 ÔÇ║ hero section exists (2.4s)
  Ô£ô  15 [webkit] ÔÇ║ tests\home.spec.ts:3:5 ÔÇ║ has title (2.4s)
  Ô£ô   9 [firefox] ÔÇ║ tests\home.spec.ts:26:5 ÔÇ║ aulys showcase exists (3.7s)
  Ô£ô  18 [webkit] ÔÇ║ tests\home.spec.ts:26:5 ÔÇ║ aulys showcase exists (3.3s)
  Ô£ô  17 [webkit] ÔÇ║ tests\home.spec.ts:10:5 ÔÇ║ experience section exists (3.6s)
  Ô£ô  13 [firefox] ÔÇ║ tests\home.spec.ts:54:5 ÔÇ║ about section exists (3.6s)
  Ô£ô  19 [webkit] ÔÇ║ tests\home.spec.ts:34:5 ÔÇ║ contact section exists (2.2s)
  Ô£ô  21 [webkit] ÔÇ║ tests\home.spec.ts:54:5 ÔÇ║ about section exists (1.9s)
  Ô£ÿ  16 [firefox] ÔÇ║ tests\home.spec.ts:44:5 ÔÇ║ work section exists (8.1s)
  Ô£ÿ  20 [webkit] ÔÇ║ tests\home.spec.ts:44:5 ÔÇ║ work section exists (7.0s)


  1) [chromium] ÔÇ║ tests\home.spec.ts:44:5 ÔÇ║ work section exists ÔöÇÔöÇÔöÇÔöÇÔöÇÔöÇÔöÇÔöÇÔöÇÔöÇÔöÇÔöÇÔöÇÔöÇÔöÇÔöÇÔöÇÔöÇÔöÇÔöÇÔöÇÔöÇÔöÇÔöÇÔöÇÔöÇÔöÇÔöÇÔöÇÔöÇÔöÇÔöÇÔöÇÔöÇÔöÇÔöÇ

    Error: [2mexpect([22m[31mlocator[39m[2m).[22mtoBeVisible[2m([22m[2m)[22m failed

    Locator: getByText('Aulys Accessibility Suite')
    Expected: visible
    Timeout: 5000ms
    Error: element(s) not found

    Call log:
    [2m  - Expect "toBeVisible" with timeout 5000ms[22m
    [2m  - waiting for getByText('Aulys Accessibility Suite')[22m


      49 |     await expect(workSection).toContainText(/Selected\s*Work/);
      50 |     // Verify at least one project card is visible
    > 51 |     await expect(page.getByText('Aulys Accessibility Suite')).toBeVisible();
         |                                                               ^
      52 | });
      53 |
      54 | test('about section exists', async ({ page }) => {
        at C:\Users\Admin\Desktop\Portfolio Website\tests\home.spec.ts:51:63

    Error Context: test-results\home-work-section-exists-chromium\error-context.md

  2) [firefox] ÔÇ║ tests\home.spec.ts:44:5 ÔÇ║ work section exists ÔöÇÔöÇÔöÇÔöÇÔöÇÔöÇÔöÇÔöÇÔöÇÔöÇÔöÇÔöÇÔöÇÔöÇÔöÇÔöÇÔöÇÔöÇÔöÇÔöÇÔöÇÔöÇÔöÇÔöÇÔöÇÔöÇÔöÇÔöÇÔöÇÔöÇÔöÇÔöÇÔöÇÔöÇÔöÇÔöÇÔöÇ

    Error: [2mexpect([22m[31mlocator[39m[2m).[22mtoBeVisible[2m([22m[2m)[22m failed

    Locator: getByText('Aulys Accessibility Suite')
    Expected: visible
    Timeout: 5000ms
    Error: element(s) not found

    Call log:
    [2m  - Expect "toBeVisible" with timeout 5000ms[22m
    [2m  - waiting for getByText('Aulys Accessibility Suite')[22m


      49 |     await expect(workSection).toContainText(/Selected\s*Work/);
      50 |     // Verify at least one project card is visible
    > 51 |     await expect(page.getByText('Aulys Accessibility Suite')).toBeVisible();
         |                                                               ^
      52 | });
      53 |
      54 | test('about section exists', async ({ page }) => {
        at C:\Users\Admin\Desktop\Portfolio Website\tests\home.spec.ts:51:63

    Error Context: test-results\home-work-section-exists-firefox\error-context.md

  3) [webkit] ÔÇ║ tests\home.spec.ts:44:5 ÔÇ║ work section exists ÔöÇÔöÇÔöÇÔöÇÔöÇÔöÇÔöÇÔöÇÔöÇÔöÇÔöÇÔöÇÔöÇÔöÇÔöÇÔöÇÔöÇÔöÇÔöÇÔöÇÔöÇÔöÇÔöÇÔöÇÔöÇÔöÇÔöÇÔöÇÔöÇÔöÇÔöÇÔöÇÔöÇÔöÇÔöÇÔöÇÔöÇÔöÇ

    Error: [2mexpect([22m[31mlocator[39m[2m).[22mtoBeVisible[2m([22m[2m)[22m failed

    Locator: getByText('Aulys Accessibility Suite')
    Expected: visible
    Timeout: 5000ms
    Error: element(s) not found

    Call log:
    [2m  - Expect "toBeVisible" with timeout 5000ms[22m
    [2m  - waiting for getByText('Aulys Accessibility Suite')[22m


      49 |     await expect(workSection).toContainText(/Selected\s*Work/);
      50 |     // Verify at least one project card is visible
    > 51 |     await expect(page.getByText('Aulys Accessibility Suite')).toBeVisible();
         |                                                               ^
      52 | });
      53 |
      54 | test('about section exists', async ({ page }) => {
        at C:\Users\Admin\Desktop\Portfolio Website\tests\home.spec.ts:51:63

    Error Context: test-results\home-work-section-exists-webkit\error-context.md

  3 failed
    [chromium] ÔÇ║ tests\home.spec.ts:44:5 ÔÇ║ work section exists ÔöÇÔöÇÔöÇÔöÇÔöÇÔöÇÔöÇÔöÇÔöÇÔöÇÔöÇÔöÇÔöÇÔöÇÔöÇÔöÇÔöÇÔöÇÔöÇÔöÇÔöÇÔöÇÔöÇÔöÇÔöÇÔöÇÔöÇÔöÇÔöÇÔöÇÔöÇÔöÇÔöÇÔöÇÔöÇÔöÇÔöÇ
    [firefox] ÔÇ║ tests\home.spec.ts:44:5 ÔÇ║ work section exists ÔöÇÔöÇÔöÇÔöÇÔöÇÔöÇÔöÇÔöÇÔöÇÔöÇÔöÇÔöÇÔöÇÔöÇÔöÇÔöÇÔöÇÔöÇÔöÇÔöÇÔöÇÔöÇÔöÇÔöÇÔöÇÔöÇÔöÇÔöÇÔöÇÔöÇÔöÇÔöÇÔöÇÔöÇÔöÇÔöÇÔöÇÔöÇ
    [webkit] ÔÇ║ tests\home.spec.ts:44:5 ÔÇ║ work section exists ÔöÇÔöÇÔöÇÔöÇÔöÇÔöÇÔöÇÔöÇÔöÇÔöÇÔöÇÔöÇÔöÇÔöÇÔöÇÔöÇÔöÇÔöÇÔöÇÔöÇÔöÇÔöÇÔöÇÔöÇÔöÇÔöÇÔöÇÔöÇÔöÇÔöÇÔöÇÔöÇÔöÇÔöÇÔöÇÔöÇÔöÇÔöÇÔöÇ
  18 passed (17.7s)
