[     232ms] [INFO] %cDownload the React DevTools for a better development experience: https://react.dev/link/react-devtools font-weight:bold @ http://localhost:3000/_next/static/chunks/node_modules_next_dist_115brz8._.js:2477
[     313ms] [LOG] [HMR] connected @ http://localhost:3000/_next/static/chunks/node_modules_next_dist_115brz8._.js:2477
[     776ms] [WARNING] Please ensure that the container has a non-static position, like 'relative', 'fixed', or 'absolute' to ensure scroll offset is calculated correctly. @ http://localhost:3000/_next/static/chunks/node_modules_next_dist_115brz8._.js:2477
[     916ms] [LOG] %c[Vercel Web Analytics]%c Debug mode is enabled by default in development. No requests will be sent to the server. color: rgb(120, 120, 120) color: inherit @ http://localhost:3000/_next/static/chunks/node_modules_next_dist_115brz8._.js:2477
[     916ms] [LOG] %c[Vercel Web Analytics]%c Running queued event color: rgb(120, 120, 120) color: inherit pageview {route: /work/[slug], path: /work/aulys} @ http://localhost:3000/_next/static/chunks/node_modules_next_dist_115brz8._.js:2477
[     916ms] [LOG] %c[Vercel Web Analytics]%c [view] http://localhost:3000/work/aulys color: rgb(120, 120, 120) color: inherit {o: http://localhost:3000/work/aulys, sv: 0.1.3, sdkn: @vercel/analytics/next, sdkv: 2.0.1, ts: 1780999807469} /_vercel/insights/view @ http://localhost:3000/_next/static/chunks/node_modules_next_dist_115brz8._.js:2477
[     917ms] [LOG] %c[Vercel Speed Insights]%c Debug mode is enabled by default in development. No requests will be sent to the server. color: rgb(120, 120, 120) color: inherit @ http://localhost:3000/_next/static/chunks/node_modules_next_dist_115brz8._.js:2477
[   12874ms] [ERROR] Failed to load resource: the server responded with a status of 400 (Bad Request) @ http://localhost:3000/_next/image?url=%2Fimages%2Faulys%2Faudit.png&w=1080&q=75:0
[  130382ms] [ERROR] WebSocket connection to 'ws://localhost:3000/_next/webpack-hmr?id=7AbI3Se2n-rCtifx8AP6A' failed: Error in connection establishment: net::ERR_CONNECTION_REFUSED @ http://localhost:3000/_next/static/chunks/node_modules_next_dist_client_0fhqo1d._.js:13322
[  133714ms] [ERROR] WebSocket connection to 'ws://localhost:3000/_next/webpack-hmr?id=7AbI3Se2n-rCtifx8AP6A' failed: Error in connection establishment: net::ERR_CONNECTION_REFUSED @ http://localhost:3000/_next/static/chunks/node_modules_next_dist_client_0fhqo1d._.js:13322
[  137061ms] [ERROR] WebSocket connection to 'ws://localhost:3000/_next/webpack-hmr?id=7AbI3Se2n-rCtifx8AP6A' failed: Error in connection establishment: net::ERR_CONNECTION_REFUSED @ http://localhost:3000/_next/static/chunks/node_modules_next_dist_client_0fhqo1d._.js:13322
[  140394ms] [ERROR] WebSocket connection to 'ws://localhost:3000/_next/webpack-hmr?id=7AbI3Se2n-rCtifx8AP6A' failed: Error in connection establishment: net::ERR_CONNECTION_REFUSED @ http://localhost:3000/_next/static/chunks/node_modules_next_dist_client_0fhqo1d._.js:13322
[  143731ms] [ERROR] WebSocket connection to 'ws://localhost:3000/_next/webpack-hmr?id=7AbI3Se2n-rCtifx8AP6A' failed: Error in connection establishment: net::ERR_CONNECTION_REFUSED @ http://localhost:3000/_next/static/chunks/node_modules_next_dist_client_0fhqo1d._.js:13322
[  151065ms] [ERROR] WebSocket connection to 'ws://localhost:3000/_next/webpack-hmr?id=7AbI3Se2n-rCtifx8AP6A' failed: Error in connection establishment: net::ERR_CONNECTION_REFUSED @ http://localhost:3000/_next/static/chunks/node_modules_next_dist_client_0fhqo1d._.js:13322
[  158391ms] [ERROR] WebSocket connection to 'ws://localhost:3000/_next/webpack-hmr?id=7AbI3Se2n-rCtifx8AP6A' failed: Error in connection establishment: net::ERR_CONNECTION_REFUSED @ http://localhost:3000/_next/static/chunks/node_modules_next_dist_client_0fhqo1d._.js:13322
[  165732ms] [ERROR] WebSocket connection to 'ws://localhost:3000/_next/webpack-hmr?id=7AbI3Se2n-rCtifx8AP6A' failed: Error in connection establishment: net::ERR_CONNECTION_REFUSED @ http://localhost:3000/_next/static/chunks/node_modules_next_dist_client_0fhqo1d._.js:13322
[  173067ms] [ERROR] WebSocket connection to 'ws://localhost:3000/_next/webpack-hmr?id=7AbI3Se2n-rCtifx8AP6A' failed: Error in connection establishment: net::ERR_CONNECTION_REFUSED @ http://localhost:3000/_next/static/chunks/node_modules_next_dist_client_0fhqo1d._.js:13322
[  180393ms] [ERROR] WebSocket connection to 'ws://localhost:3000/_next/webpack-hmr?id=7AbI3Se2n-rCtifx8AP6A' failed: Error in connection establishment: net::ERR_CONNECTION_REFUSED @ http://localhost:3000/_next/static/chunks/node_modules_next_dist_client_0fhqo1d._.js:13322
[  187742ms] [ERROR] WebSocket connection to 'ws://localhost:3000/_next/webpack-hmr?id=7AbI3Se2n-rCtifx8AP6A' failed: Error in connection establishment: net::ERR_CONNECTION_REFUSED @ http://localhost:3000/_next/static/chunks/node_modules_next_dist_client_0fhqo1d._.js:13322
[  195085ms] [ERROR] WebSocket connection to 'ws://localhost:3000/_next/webpack-hmr?id=7AbI3Se2n-rCtifx8AP6A' failed: Error in connection establishment: net::ERR_CONNECTION_REFUSED @ http://localhost:3000/_next/static/chunks/node_modules_next_dist_client_0fhqo1d._.js:13322
