[     148ms] [ERROR] Failed to load resource: the server responded with a status of 404 (Not Found) @ http://localhost:3000/_vercel/insights/script.js:0
[     148ms] [ERROR] Refused to execute script from 'http://localhost:3000/_vercel/insights/script.js' because its MIME type ('text/html') is not executable, and strict MIME type checking is enabled. @ http://localhost:3000/:0
[     148ms] [ERROR] Failed to load resource: the server responded with a status of 404 (Not Found) @ http://localhost:3000/_vercel/speed-insights/script.js:0
[     148ms] [ERROR] Refused to execute script from 'http://localhost:3000/_vercel/speed-insights/script.js' because its MIME type ('text/html') is not executable, and strict MIME type checking is enabled. @ http://localhost:3000/:0
[     156ms] [LOG] [Vercel Web Analytics] Failed to load script from /_vercel/insights/script.js. Be sure to enable Web Analytics for your project and deploy again. See https://vercel.com/docs/analytics/quickstart for more information. @ http://localhost:3000/_next/static/chunks/0gvzpurwuaw7c.js:0
[     156ms] [LOG] [Vercel Speed Insights] Failed to load script from /_vercel/speed-insights/script.js. Please check if any content blockers are enabled and try again. @ http://localhost:3000/_next/static/chunks/0gvzpurwuaw7c.js:0
[     163ms] [ERROR] Error: <path> attribute d: Expected number, "M 30% 50% C 50% 50%,…". @ http://localhost:3000/_next/static/chunks/0c~n5k-nb05m2.js:0
[     163ms] [ERROR] Error: <path> attribute d: Expected number, "M 30% 50% C 50% 50%,…". @ http://localhost:3000/_next/static/chunks/0c~n5k-nb05m2.js:0
[     163ms] [ERROR] Error: <path> attribute d: Expected number, "M 70% 30% L 85% 30%". @ http://localhost:3000/_next/static/chunks/0c~n5k-nb05m2.js:0
[     163ms] [ERROR] Error: <path> attribute d: Expected number, "M 70% 70% L 85% 70%". @ http://localhost:3000/_next/static/chunks/0c~n5k-nb05m2.js:0
[     163ms] [ERROR] Error: <path> attribute d: Expected number, "M 30% 50% C 50% 50%,…". @ http://localhost:3000/_next/static/chunks/0c~n5k-nb05m2.js:0
[     163ms] [ERROR] Error: <path> attribute d: Expected number, "M 30% 50% C 50% 50%,…". @ http://localhost:3000/_next/static/chunks/0c~n5k-nb05m2.js:0
[     164ms] [ERROR] Error: <path> attribute d: Expected number, "M 30% 50% C 50% 50%,…". @ http://localhost:3000/_next/static/chunks/0c~n5k-nb05m2.js:0
[     164ms] [ERROR] Error: <path> attribute d: Expected number, "M 30% 50% C 50% 50%,…". @ http://localhost:3000/_next/static/chunks/0c~n5k-nb05m2.js:0
[     177ms] [ERROR] Error: <path> attribute d: Expected number, "M 30% 50% C 50% 50%,…". @ http://localhost:3000/_next/static/chunks/0c~n5k-nb05m2.js:0
[     177ms] [ERROR] Error: <path> attribute d: Expected number, "M 30% 50% C 50% 50%,…". @ http://localhost:3000/_next/static/chunks/0c~n5k-nb05m2.js:0
[     177ms] [ERROR] Error: <path> attribute d: Expected number, "M 70% 30% L 85% 30%". @ http://localhost:3000/_next/static/chunks/0c~n5k-nb05m2.js:0
[     177ms] [ERROR] Error: <path> attribute d: Expected number, "M 70% 70% L 85% 70%". @ http://localhost:3000/_next/static/chunks/0c~n5k-nb05m2.js:0
[     178ms] [ERROR] Error: <path> attribute d: Expected number, "M 30% 50% C 50% 50%,…". @ http://localhost:3000/_next/static/chunks/0c~n5k-nb05m2.js:0
[     178ms] [ERROR] Error: <path> attribute d: Expected number, "M 30% 50% C 50% 50%,…". @ http://localhost:3000/_next/static/chunks/0c~n5k-nb05m2.js:0
[     178ms] [ERROR] Error: <path> attribute d: Expected number, "M 30% 50% C 50% 50%,…". @ http://localhost:3000/_next/static/chunks/0c~n5k-nb05m2.js:0
[     178ms] [ERROR] Error: <path> attribute d: Expected number, "M 30% 50% C 50% 50%,…". @ http://localhost:3000/_next/static/chunks/0c~n5k-nb05m2.js:0
[     188ms] [ERROR] Error: <path> attribute d: Expected number, "M 30% 50% C 50% 50%,…". @ http://localhost:3000/_next/static/chunks/0c~n5k-nb05m2.js:0
[     188ms] [ERROR] Error: <path> attribute d: Expected number, "M 30% 50% C 50% 50%,…". @ http://localhost:3000/_next/static/chunks/0c~n5k-nb05m2.js:0
[     188ms] [ERROR] Error: <path> attribute d: Expected number, "M 70% 30% L 85% 30%". @ http://localhost:3000/_next/static/chunks/0c~n5k-nb05m2.js:0
[     188ms] [ERROR] Error: <path> attribute d: Expected number, "M 70% 70% L 85% 70%". @ http://localhost:3000/_next/static/chunks/0c~n5k-nb05m2.js:0
[     188ms] [ERROR] Error: <path> attribute d: Expected number, "M 30% 50% C 50% 50%,…". @ http://localhost:3000/_next/static/chunks/0c~n5k-nb05m2.js:0
[     188ms] [ERROR] Error: <path> attribute d: Expected number, "M 30% 50% C 50% 50%,…". @ http://localhost:3000/_next/static/chunks/0c~n5k-nb05m2.js:0
[     188ms] [ERROR] Error: <path> attribute d: Expected number, "M 30% 50% C 50% 50%,…". @ http://localhost:3000/_next/static/chunks/0c~n5k-nb05m2.js:0
[     188ms] [ERROR] Error: <path> attribute d: Expected number, "M 30% 50% C 50% 50%,…". @ http://localhost:3000/_next/static/chunks/0c~n5k-nb05m2.js:0
[     194ms] [ERROR] Error: <path> attribute d: Expected number, "M 30% 50% C 50% 50%,…". @ http://localhost:3000/_next/static/chunks/0c~n5k-nb05m2.js:0
[     195ms] [ERROR] Error: <path> attribute d: Expected number, "M 30% 50% C 50% 50%,…". @ http://localhost:3000/_next/static/chunks/0c~n5k-nb05m2.js:0
[     195ms] [ERROR] Error: <path> attribute d: Expected number, "M 70% 30% L 85% 30%". @ http://localhost:3000/_next/static/chunks/0c~n5k-nb05m2.js:0
[     195ms] [ERROR] Error: <path> attribute d: Expected number, "M 70% 70% L 85% 70%". @ http://localhost:3000/_next/static/chunks/0c~n5k-nb05m2.js:0
[     195ms] [ERROR] Error: <path> attribute d: Expected number, "M 30% 50% C 50% 50%,…". @ http://localhost:3000/_next/static/chunks/0c~n5k-nb05m2.js:0
[     195ms] [ERROR] Error: <path> attribute d: Expected number, "M 30% 50% C 50% 50%,…". @ http://localhost:3000/_next/static/chunks/0c~n5k-nb05m2.js:0
[     195ms] [ERROR] Error: <path> attribute d: Expected number, "M 30% 50% C 50% 50%,…". @ http://localhost:3000/_next/static/chunks/0c~n5k-nb05m2.js:0
[     195ms] [ERROR] Error: <path> attribute d: Expected number, "M 30% 50% C 50% 50%,…". @ http://localhost:3000/_next/static/chunks/0c~n5k-nb05m2.js:0
[     201ms] [ERROR] Error: <path> attribute d: Expected number, "M 30% 50% C 50% 50%,…". @ http://localhost:3000/_next/static/chunks/0c~n5k-nb05m2.js:0
[     201ms] [ERROR] Error: <path> attribute d: Expected number, "M 30% 50% C 50% 50%,…". @ http://localhost:3000/_next/static/chunks/0c~n5k-nb05m2.js:0
[     201ms] [ERROR] Error: <path> attribute d: Expected number, "M 70% 30% L 85% 30%". @ http://localhost:3000/_next/static/chunks/0c~n5k-nb05m2.js:0
[     201ms] [ERROR] Error: <path> attribute d: Expected number, "M 70% 70% L 85% 70%". @ http://localhost:3000/_next/static/chunks/0c~n5k-nb05m2.js:0
[     201ms] [ERROR] Error: <path> attribute d: Expected number, "M 30% 50% C 50% 50%,…". @ http://localhost:3000/_next/static/chunks/0c~n5k-nb05m2.js:0
[     201ms] [ERROR] Error: <path> attribute d: Expected number, "M 30% 50% C 50% 50%,…". @ http://localhost:3000/_next/static/chunks/0c~n5k-nb05m2.js:0
[     201ms] [ERROR] Error: <path> attribute d: Expected number, "M 30% 50% C 50% 50%,…". @ http://localhost:3000/_next/static/chunks/0c~n5k-nb05m2.js:0
[     201ms] [ERROR] Error: <path> attribute d: Expected number, "M 30% 50% C 50% 50%,…". @ http://localhost:3000/_next/static/chunks/0c~n5k-nb05m2.js:0
[     210ms] [ERROR] Error: <path> attribute d: Expected number, "M 30% 50% C 50% 50%,…". @ http://localhost:3000/_next/static/chunks/0c~n5k-nb05m2.js:0
[     210ms] [ERROR] Error: <path> attribute d: Expected number, "M 30% 50% C 50% 50%,…". @ http://localhost:3000/_next/static/chunks/0c~n5k-nb05m2.js:0
[     210ms] [ERROR] Error: <path> attribute d: Expected number, "M 70% 30% L 85% 30%". @ http://localhost:3000/_next/static/chunks/0c~n5k-nb05m2.js:0
[     210ms] [ERROR] Error: <path> attribute d: Expected number, "M 70% 70% L 85% 70%". @ http://localhost:3000/_next/static/chunks/0c~n5k-nb05m2.js:0
[     210ms] [ERROR] Error: <path> attribute d: Expected number, "M 30% 50% C 50% 50%,…". @ http://localhost:3000/_next/static/chunks/0c~n5k-nb05m2.js:0
[     210ms] [ERROR] Error: <path> attribute d: Expected number, "M 30% 50% C 50% 50%,…". @ http://localhost:3000/_next/static/chunks/0c~n5k-nb05m2.js:0
[     210ms] [ERROR] Error: <path> attribute d: Expected number, "M 30% 50% C 50% 50%,…". @ http://localhost:3000/_next/static/chunks/0c~n5k-nb05m2.js:0
[     210ms] [ERROR] Error: <path> attribute d: Expected number, "M 30% 50% C 50% 50%,…". @ http://localhost:3000/_next/static/chunks/0c~n5k-nb05m2.js:0
[     217ms] [ERROR] Error: <path> attribute d: Expected number, "M 30% 50% C 50% 50%,…". @ http://localhost:3000/_next/static/chunks/0c~n5k-nb05m2.js:0
[     217ms] [ERROR] Error: <path> attribute d: Expected number, "M 30% 50% C 50% 50%,…". @ http://localhost:3000/_next/static/chunks/0c~n5k-nb05m2.js:0
[     217ms] [ERROR] Error: <path> attribute d: Expected number, "M 70% 30% L 85% 30%". @ http://localhost:3000/_next/static/chunks/0c~n5k-nb05m2.js:0
[     217ms] [ERROR] Error: <path> attribute d: Expected number, "M 70% 70% L 85% 70%". @ http://localhost:3000/_next/static/chunks/0c~n5k-nb05m2.js:0
[     217ms] [ERROR] Error: <path> attribute d: Expected number, "M 30% 50% C 50% 50%,…". @ http://localhost:3000/_next/static/chunks/0c~n5k-nb05m2.js:0
[     217ms] [ERROR] Error: <path> attribute d: Expected number, "M 30% 50% C 50% 50%,…". @ http://localhost:3000/_next/static/chunks/0c~n5k-nb05m2.js:0
[     217ms] [ERROR] Error: <path> attribute d: Expected number, "M 30% 50% C 50% 50%,…". @ http://localhost:3000/_next/static/chunks/0c~n5k-nb05m2.js:0
[     217ms] [ERROR] Error: <path> attribute d: Expected number, "M 30% 50% C 50% 50%,…". @ http://localhost:3000/_next/static/chunks/0c~n5k-nb05m2.js:0
[     223ms] [ERROR] Error: <path> attribute d: Expected number, "M 30% 50% C 50% 50%,…". @ http://localhost:3000/_next/static/chunks/0c~n5k-nb05m2.js:0
[     223ms] [ERROR] Error: <path> attribute d: Expected number, "M 30% 50% C 50% 50%,…". @ http://localhost:3000/_next/static/chunks/0c~n5k-nb05m2.js:0
[     223ms] [ERROR] Error: <path> attribute d: Expected number, "M 70% 30% L 85% 30%". @ http://localhost:3000/_next/static/chunks/0c~n5k-nb05m2.js:0
[     223ms] [ERROR] Error: <path> attribute d: Expected number, "M 70% 70% L 85% 70%". @ http://localhost:3000/_next/static/chunks/0c~n5k-nb05m2.js:0
[     223ms] [ERROR] Error: <path> attribute d: Expected number, "M 30% 50% C 50% 50%,…". @ http://localhost:3000/_next/static/chunks/0c~n5k-nb05m2.js:0
[     223ms] [ERROR] Error: <path> attribute d: Expected number, "M 30% 50% C 50% 50%,…". @ http://localhost:3000/_next/static/chunks/0c~n5k-nb05m2.js:0
[     223ms] [ERROR] Error: <path> attribute d: Expected number, "M 30% 50% C 50% 50%,…". @ http://localhost:3000/_next/static/chunks/0c~n5k-nb05m2.js:0
[     223ms] [ERROR] Error: <path> attribute d: Expected number, "M 30% 50% C 50% 50%,…". @ http://localhost:3000/_next/static/chunks/0c~n5k-nb05m2.js:0
[     233ms] [ERROR] Error: <path> attribute d: Expected number, "M 30% 50% C 50% 50%,…". @ http://localhost:3000/_next/static/chunks/0c~n5k-nb05m2.js:0
[     233ms] [ERROR] Error: <path> attribute d: Expected number, "M 30% 50% C 50% 50%,…". @ http://localhost:3000/_next/static/chunks/0c~n5k-nb05m2.js:0
[     233ms] [ERROR] Error: <path> attribute d: Expected number, "M 70% 30% L 85% 30%". @ http://localhost:3000/_next/static/chunks/0c~n5k-nb05m2.js:0
[     233ms] [ERROR] Error: <path> attribute d: Expected number, "M 70% 70% L 85% 70%". @ http://localhost:3000/_next/static/chunks/0c~n5k-nb05m2.js:0
[     233ms] [ERROR] Error: <path> attribute d: Expected number, "M 30% 50% C 50% 50%,…". @ http://localhost:3000/_next/static/chunks/0c~n5k-nb05m2.js:0
[     233ms] [ERROR] Error: <path> attribute d: Expected number, "M 30% 50% C 50% 50%,…". @ http://localhost:3000/_next/static/chunks/0c~n5k-nb05m2.js:0
[     233ms] [ERROR] Error: <path> attribute d: Expected number, "M 30% 50% C 50% 50%,…". @ http://localhost:3000/_next/static/chunks/0c~n5k-nb05m2.js:0
[     233ms] [ERROR] Error: <path> attribute d: Expected number, "M 30% 50% C 50% 50%,…". @ http://localhost:3000/_next/static/chunks/0c~n5k-nb05m2.js:0
[     239ms] [ERROR] Error: <path> attribute d: Expected number, "M 30% 50% C 50% 50%,…". @ http://localhost:3000/_next/static/chunks/0c~n5k-nb05m2.js:0
[     239ms] [ERROR] Error: <path> attribute d: Expected number, "M 30% 50% C 50% 50%,…". @ http://localhost:3000/_next/static/chunks/0c~n5k-nb05m2.js:0
[     239ms] [ERROR] Error: <path> attribute d: Expected number, "M 70% 30% L 85% 30%". @ http://localhost:3000/_next/static/chunks/0c~n5k-nb05m2.js:0
[     239ms] [ERROR] Error: <path> attribute d: Expected number, "M 70% 70% L 85% 70%". @ http://localhost:3000/_next/static/chunks/0c~n5k-nb05m2.js:0
[     239ms] [ERROR] Error: <path> attribute d: Expected number, "M 30% 50% C 50% 50%,…". @ http://localhost:3000/_next/static/chunks/0c~n5k-nb05m2.js:0
[     239ms] [ERROR] Error: <path> attribute d: Expected number, "M 30% 50% C 50% 50%,…". @ http://localhost:3000/_next/static/chunks/0c~n5k-nb05m2.js:0
[     239ms] [ERROR] Error: <path> attribute d: Expected number, "M 30% 50% C 50% 50%,…". @ http://localhost:3000/_next/static/chunks/0c~n5k-nb05m2.js:0
[     239ms] [ERROR] Error: <path> attribute d: Expected number, "M 30% 50% C 50% 50%,…". @ http://localhost:3000/_next/static/chunks/0c~n5k-nb05m2.js:0
[     244ms] [ERROR] Error: <path> attribute d: Expected number, "M 30% 50% C 50% 50%,…". @ http://localhost:3000/_next/static/chunks/0c~n5k-nb05m2.js:0
[     244ms] [ERROR] Error: <path> attribute d: Expected number, "M 30% 50% C 50% 50%,…". @ http://localhost:3000/_next/static/chunks/0c~n5k-nb05m2.js:0
[     244ms] [ERROR] Error: <path> attribute d: Expected number, "M 70% 30% L 85% 30%". @ http://localhost:3000/_next/static/chunks/0c~n5k-nb05m2.js:0
[     244ms] [ERROR] Error: <path> attribute d: Expected number, "M 70% 70% L 85% 70%". @ http://localhost:3000/_next/static/chunks/0c~n5k-nb05m2.js:0
[     244ms] [ERROR] Error: <path> attribute d: Expected number, "M 30% 50% C 50% 50%,…". @ http://localhost:3000/_next/static/chunks/0c~n5k-nb05m2.js:0
[     244ms] [ERROR] Error: <path> attribute d: Expected number, "M 30% 50% C 50% 50%,…". @ http://localhost:3000/_next/static/chunks/0c~n5k-nb05m2.js:0
[     244ms] [ERROR] Error: <path> attribute d: Expected number, "M 30% 50% C 50% 50%,…". @ http://localhost:3000/_next/static/chunks/0c~n5k-nb05m2.js:0
[     244ms] [ERROR] Error: <path> attribute d: Expected number, "M 30% 50% C 50% 50%,…". @ http://localhost:3000/_next/static/chunks/0c~n5k-nb05m2.js:0
[     250ms] [ERROR] Error: <path> attribute d: Expected number, "M 30% 50% C 50% 50%,…". @ http://localhost:3000/_next/static/chunks/0c~n5k-nb05m2.js:0
[     250ms] [ERROR] Error: <path> attribute d: Expected number, "M 30% 50% C 50% 50%,…". @ http://localhost:3000/_next/static/chunks/0c~n5k-nb05m2.js:0
[     250ms] [ERROR] Error: <path> attribute d: Expected number, "M 70% 30% L 85% 30%". @ http://localhost:3000/_next/static/chunks/0c~n5k-nb05m2.js:0
[     250ms] [ERROR] Error: <path> attribute d: Expected number, "M 70% 70% L 85% 70%". @ http://localhost:3000/_next/static/chunks/0c~n5k-nb05m2.js:0
[     250ms] [ERROR] Error: <path> attribute d: Expected number, "M 30% 50% C 50% 50%,…". @ http://localhost:3000/_next/static/chunks/0c~n5k-nb05m2.js:0
[     250ms] [ERROR] Error: <path> attribute d: Expected number, "M 30% 50% C 50% 50%,…". @ http://localhost:3000/_next/static/chunks/0c~n5k-nb05m2.js:0
[     250ms] [ERROR] Error: <path> attribute d: Expected number, "M 30% 50% C 50% 50%,…". @ http://localhost:3000/_next/static/chunks/0c~n5k-nb05m2.js:0
[     250ms] [ERROR] Error: <path> attribute d: Expected number, "M 30% 50% C 50% 50%,…". @ http://localhost:3000/_next/static/chunks/0c~n5k-nb05m2.js:0
[     256ms] [ERROR] Error: <path> attribute d: Expected number, "M 30% 50% C 50% 50%,…". @ http://localhost:3000/_next/static/chunks/0c~n5k-nb05m2.js:0
[     256ms] [ERROR] Error: <path> attribute d: Expected number, "M 30% 50% C 50% 50%,…". @ http://localhost:3000/_next/static/chunks/0c~n5k-nb05m2.js:0
[     256ms] [ERROR] Error: <path> attribute d: Expected number, "M 70% 30% L 85% 30%". @ http://localhost:3000/_next/static/chunks/0c~n5k-nb05m2.js:0
[     256ms] [ERROR] Error: <path> attribute d: Expected number, "M 70% 70% L 85% 70%". @ http://localhost:3000/_next/static/chunks/0c~n5k-nb05m2.js:0
[     256ms] [ERROR] Error: <path> attribute d: Expected number, "M 30% 50% C 50% 50%,…". @ http://localhost:3000/_next/static/chunks/0c~n5k-nb05m2.js:0
[     256ms] [ERROR] Error: <path> attribute d: Expected number, "M 30% 50% C 50% 50%,…". @ http://localhost:3000/_next/static/chunks/0c~n5k-nb05m2.js:0
[     256ms] [ERROR] Error: <path> attribute d: Expected number, "M 30% 50% C 50% 50%,…". @ http://localhost:3000/_next/static/chunks/0c~n5k-nb05m2.js:0
[     256ms] [ERROR] Error: <path> attribute d: Expected number, "M 30% 50% C 50% 50%,…". @ http://localhost:3000/_next/static/chunks/0c~n5k-nb05m2.js:0
[     261ms] [ERROR] Error: <path> attribute d: Expected number, "M 30% 50% C 50% 50%,…". @ http://localhost:3000/_next/static/chunks/0c~n5k-nb05m2.js:0
[     261ms] [ERROR] Error: <path> attribute d: Expected number, "M 30% 50% C 50% 50%,…". @ http://localhost:3000/_next/static/chunks/0c~n5k-nb05m2.js:0
[     261ms] [ERROR] Error: <path> attribute d: Expected number, "M 70% 30% L 85% 30%". @ http://localhost:3000/_next/static/chunks/0c~n5k-nb05m2.js:0
[     261ms] [ERROR] Error: <path> attribute d: Expected number, "M 70% 70% L 85% 70%". @ http://localhost:3000/_next/static/chunks/0c~n5k-nb05m2.js:0
[     261ms] [ERROR] Error: <path> attribute d: Expected number, "M 30% 50% C 50% 50%,…". @ http://localhost:3000/_next/static/chunks/0c~n5k-nb05m2.js:0
[     261ms] [ERROR] Error: <path> attribute d: Expected number, "M 30% 50% C 50% 50%,…". @ http://localhost:3000/_next/static/chunks/0c~n5k-nb05m2.js:0
[     261ms] [ERROR] Error: <path> attribute d: Expected number, "M 30% 50% C 50% 50%,…". @ http://localhost:3000/_next/static/chunks/0c~n5k-nb05m2.js:0
[     261ms] [ERROR] Error: <path> attribute d: Expected number, "M 30% 50% C 50% 50%,…". @ http://localhost:3000/_next/static/chunks/0c~n5k-nb05m2.js:0
[     266ms] [ERROR] Error: <path> attribute d: Expected number, "M 30% 50% C 50% 50%,…". @ http://localhost:3000/_next/static/chunks/0c~n5k-nb05m2.js:0
[     266ms] [ERROR] Error: <path> attribute d: Expected number, "M 30% 50% C 50% 50%,…". @ http://localhost:3000/_next/static/chunks/0c~n5k-nb05m2.js:0
[     266ms] [ERROR] Error: <path> attribute d: Expected number, "M 70% 30% L 85% 30%". @ http://localhost:3000/_next/static/chunks/0c~n5k-nb05m2.js:0
[     266ms] [ERROR] Error: <path> attribute d: Expected number, "M 70% 70% L 85% 70%". @ http://localhost:3000/_next/static/chunks/0c~n5k-nb05m2.js:0
[     266ms] [ERROR] Error: <path> attribute d: Expected number, "M 30% 50% C 50% 50%,…". @ http://localhost:3000/_next/static/chunks/0c~n5k-nb05m2.js:0
[     266ms] [ERROR] Error: <path> attribute d: Expected number, "M 30% 50% C 50% 50%,…". @ http://localhost:3000/_next/static/chunks/0c~n5k-nb05m2.js:0
[     266ms] [ERROR] Error: <path> attribute d: Expected number, "M 30% 50% C 50% 50%,…". @ http://localhost:3000/_next/static/chunks/0c~n5k-nb05m2.js:0
[     266ms] [ERROR] Error: <path> attribute d: Expected number, "M 30% 50% C 50% 50%,…". @ http://localhost:3000/_next/static/chunks/0c~n5k-nb05m2.js:0
[     273ms] [ERROR] Error: <path> attribute d: Expected number, "M 30% 50% C 50% 50%,…". @ http://localhost:3000/_next/static/chunks/0c~n5k-nb05m2.js:0
[     273ms] [ERROR] Error: <path> attribute d: Expected number, "M 30% 50% C 50% 50%,…". @ http://localhost:3000/_next/static/chunks/0c~n5k-nb05m2.js:0
[     274ms] [ERROR] Error: <path> attribute d: Expected number, "M 70% 30% L 85% 30%". @ http://localhost:3000/_next/static/chunks/0c~n5k-nb05m2.js:0
[     274ms] [ERROR] Error: <path> attribute d: Expected number, "M 70% 70% L 85% 70%". @ http://localhost:3000/_next/static/chunks/0c~n5k-nb05m2.js:0
[     274ms] [ERROR] Error: <path> attribute d: Expected number, "M 30% 50% C 50% 50%,…". @ http://localhost:3000/_next/static/chunks/0c~n5k-nb05m2.js:0
[     274ms] [ERROR] Error: <path> attribute d: Expected number, "M 30% 50% C 50% 50%,…". @ http://localhost:3000/_next/static/chunks/0c~n5k-nb05m2.js:0
[     274ms] [ERROR] Error: <path> attribute d: Expected number, "M 30% 50% C 50% 50%,…". @ http://localhost:3000/_next/static/chunks/0c~n5k-nb05m2.js:0
[     274ms] [ERROR] Error: <path> attribute d: Expected number, "M 30% 50% C 50% 50%,…". @ http://localhost:3000/_next/static/chunks/0c~n5k-nb05m2.js:0
[     280ms] [ERROR] Error: <path> attribute d: Expected number, "M 30% 50% C 50% 50%,…". @ http://localhost:3000/_next/static/chunks/0c~n5k-nb05m2.js:0
[     280ms] [ERROR] Error: <path> attribute d: Expected number, "M 30% 50% C 50% 50%,…". @ http://localhost:3000/_next/static/chunks/0c~n5k-nb05m2.js:0
[     280ms] [ERROR] Error: <path> attribute d: Expected number, "M 70% 30% L 85% 30%". @ http://localhost:3000/_next/static/chunks/0c~n5k-nb05m2.js:0
[     280ms] [ERROR] Error: <path> attribute d: Expected number, "M 70% 70% L 85% 70%". @ http://localhost:3000/_next/static/chunks/0c~n5k-nb05m2.js:0
[     280ms] [ERROR] Error: <path> attribute d: Expected number, "M 30% 50% C 50% 50%,…". @ http://localhost:3000/_next/static/chunks/0c~n5k-nb05m2.js:0
[     280ms] [ERROR] Error: <path> attribute d: Expected number, "M 30% 50% C 50% 50%,…". @ http://localhost:3000/_next/static/chunks/0c~n5k-nb05m2.js:0
[     280ms] [ERROR] Error: <path> attribute d: Expected number, "M 30% 50% C 50% 50%,…". @ http://localhost:3000/_next/static/chunks/0c~n5k-nb05m2.js:0
[     280ms] [ERROR] Error: <path> attribute d: Expected number, "M 30% 50% C 50% 50%,…". @ http://localhost:3000/_next/static/chunks/0c~n5k-nb05m2.js:0
[     285ms] [ERROR] Error: <path> attribute d: Expected number, "M 30% 50% C 50% 50%,…". @ http://localhost:3000/_next/static/chunks/0c~n5k-nb05m2.js:0
[     285ms] [ERROR] Error: <path> attribute d: Expected number, "M 30% 50% C 50% 50%,…". @ http://localhost:3000/_next/static/chunks/0c~n5k-nb05m2.js:0
[     285ms] [ERROR] Error: <path> attribute d: Expected number, "M 70% 30% L 85% 30%". @ http://localhost:3000/_next/static/chunks/0c~n5k-nb05m2.js:0
[     286ms] [ERROR] Error: <path> attribute d: Expected number, "M 70% 70% L 85% 70%". @ http://localhost:3000/_next/static/chunks/0c~n5k-nb05m2.js:0
[     286ms] [ERROR] Error: <path> attribute d: Expected number, "M 30% 50% C 50% 50%,…". @ http://localhost:3000/_next/static/chunks/0c~n5k-nb05m2.js:0
[     286ms] [ERROR] Error: <path> attribute d: Expected number, "M 30% 50% C 50% 50%,…". @ http://localhost:3000/_next/static/chunks/0c~n5k-nb05m2.js:0
[     286ms] [ERROR] Error: <path> attribute d: Expected number, "M 30% 50% C 50% 50%,…". @ http://localhost:3000/_next/static/chunks/0c~n5k-nb05m2.js:0
[     286ms] [ERROR] Error: <path> attribute d: Expected number, "M 30% 50% C 50% 50%,…". @ http://localhost:3000/_next/static/chunks/0c~n5k-nb05m2.js:0
[     291ms] [ERROR] Error: <path> attribute d: Expected number, "M 30% 50% C 50% 50%,…". @ http://localhost:3000/_next/static/chunks/0c~n5k-nb05m2.js:0
[     291ms] [ERROR] Error: <path> attribute d: Expected number, "M 30% 50% C 50% 50%,…". @ http://localhost:3000/_next/static/chunks/0c~n5k-nb05m2.js:0
[     291ms] [ERROR] Error: <path> attribute d: Expected number, "M 70% 30% L 85% 30%". @ http://localhost:3000/_next/static/chunks/0c~n5k-nb05m2.js:0
[     291ms] [ERROR] Error: <path> attribute d: Expected number, "M 70% 70% L 85% 70%". @ http://localhost:3000/_next/static/chunks/0c~n5k-nb05m2.js:0
[     291ms] [ERROR] Error: <path> attribute d: Expected number, "M 30% 50% C 50% 50%,…". @ http://localhost:3000/_next/static/chunks/0c~n5k-nb05m2.js:0
[     291ms] [ERROR] Error: <path> attribute d: Expected number, "M 30% 50% C 50% 50%,…". @ http://localhost:3000/_next/static/chunks/0c~n5k-nb05m2.js:0
[     291ms] [ERROR] Error: <path> attribute d: Expected number, "M 30% 50% C 50% 50%,…". @ http://localhost:3000/_next/static/chunks/0c~n5k-nb05m2.js:0
[     291ms] [ERROR] Error: <path> attribute d: Expected number, "M 30% 50% C 50% 50%,…". @ http://localhost:3000/_next/static/chunks/0c~n5k-nb05m2.js:0
[     297ms] [ERROR] Error: <path> attribute d: Expected number, "M 30% 50% C 50% 50%,…". @ http://localhost:3000/_next/static/chunks/0c~n5k-nb05m2.js:0
[     297ms] [ERROR] Error: <path> attribute d: Expected number, "M 30% 50% C 50% 50%,…". @ http://localhost:3000/_next/static/chunks/0c~n5k-nb05m2.js:0
[     297ms] [ERROR] Error: <path> attribute d: Expected number, "M 70% 30% L 85% 30%". @ http://localhost:3000/_next/static/chunks/0c~n5k-nb05m2.js:0
[     297ms] [ERROR] Error: <path> attribute d: Expected number, "M 70% 70% L 85% 70%". @ http://localhost:3000/_next/static/chunks/0c~n5k-nb05m2.js:0
[     297ms] [ERROR] Error: <path> attribute d: Expected number, "M 30% 50% C 50% 50%,…". @ http://localhost:3000/_next/static/chunks/0c~n5k-nb05m2.js:0
[     297ms] [ERROR] Error: <path> attribute d: Expected number, "M 30% 50% C 50% 50%,…". @ http://localhost:3000/_next/static/chunks/0c~n5k-nb05m2.js:0
[     297ms] [ERROR] Error: <path> attribute d: Expected number, "M 30% 50% C 50% 50%,…". @ http://localhost:3000/_next/static/chunks/0c~n5k-nb05m2.js:0
[     297ms] [ERROR] Error: <path> attribute d: Expected number, "M 30% 50% C 50% 50%,…". @ http://localhost:3000/_next/static/chunks/0c~n5k-nb05m2.js:0
