[      95ms] [ERROR] Error: <path> attribute d: Expected number, "M 30% 50% C 50% 50%,…". @ http://localhost:3000/_next/static/chunks/0c~n5k-nb05m2.js:0
[      96ms] [ERROR] Error: <path> attribute d: Expected number, "M 30% 50% C 50% 50%,…". @ http://localhost:3000/_next/static/chunks/0c~n5k-nb05m2.js:0
[      96ms] [ERROR] Error: <path> attribute d: Expected number, "M 70% 30% L 85% 30%". @ http://localhost:3000/_next/static/chunks/0c~n5k-nb05m2.js:0
[      96ms] [ERROR] Error: <path> attribute d: Expected number, "M 70% 70% L 85% 70%". @ http://localhost:3000/_next/static/chunks/0c~n5k-nb05m2.js:0
[      96ms] [ERROR] Error: <path> attribute d: Expected number, "M 30% 50% C 50% 50%,…". @ http://localhost:3000/_next/static/chunks/0c~n5k-nb05m2.js:0
[      96ms] [ERROR] Error: <path> attribute d: Expected number, "M 30% 50% C 50% 50%,…". @ http://localhost:3000/_next/static/chunks/0c~n5k-nb05m2.js:0
[      96ms] [ERROR] Error: <path> attribute d: Expected number, "M 30% 50% C 50% 50%,…". @ http://localhost:3000/_next/static/chunks/0c~n5k-nb05m2.js:0
[      96ms] [ERROR] Error: <path> attribute d: Expected number, "M 30% 50% C 50% 50%,…". @ http://localhost:3000/_next/static/chunks/0c~n5k-nb05m2.js:0
[      99ms] [ERROR] Failed to load resource: the server responded with a status of 404 (Not Found) @ http://localhost:3000/_vercel/insights/script.js:0
[      99ms] [ERROR] Refused to execute script from 'http://localhost:3000/_vercel/insights/script.js' because its MIME type ('text/html') is not executable, and strict MIME type checking is enabled. @ http://localhost:3000/:0
[      99ms] [ERROR] Failed to load resource: the server responded with a status of 404 (Not Found) @ http://localhost:3000/_vercel/speed-insights/script.js:0
[      99ms] [ERROR] Refused to execute script from 'http://localhost:3000/_vercel/speed-insights/script.js' because its MIME type ('text/html') is not executable, and strict MIME type checking is enabled. @ http://localhost:3000/:0
[     104ms] [LOG] [Vercel Web Analytics] Failed to load script from /_vercel/insights/script.js. Be sure to enable Web Analytics for your project and deploy again. See https://vercel.com/docs/analytics/quickstart for more information. @ http://localhost:3000/_next/static/chunks/0gvzpurwuaw7c.js:0
[     104ms] [LOG] [Vercel Speed Insights] Failed to load script from /_vercel/speed-insights/script.js. Please check if any content blockers are enabled and try again. @ http://localhost:3000/_next/static/chunks/0gvzpurwuaw7c.js:0
[     110ms] [ERROR] Error: <path> attribute d: Expected number, "M 30% 50% C 50% 50%,…". @ http://localhost:3000/_next/static/chunks/0c~n5k-nb05m2.js:0
[     110ms] [ERROR] Error: <path> attribute d: Expected number, "M 30% 50% C 50% 50%,…". @ http://localhost:3000/_next/static/chunks/0c~n5k-nb05m2.js:0
[     110ms] [ERROR] Error: <path> attribute d: Expected number, "M 70% 30% L 85% 30%". @ http://localhost:3000/_next/static/chunks/0c~n5k-nb05m2.js:0
[     110ms] [ERROR] Error: <path> attribute d: Expected number, "M 70% 70% L 85% 70%". @ http://localhost:3000/_next/static/chunks/0c~n5k-nb05m2.js:0
[     110ms] [ERROR] Error: <path> attribute d: Expected number, "M 30% 50% C 50% 50%,…". @ http://localhost:3000/_next/static/chunks/0c~n5k-nb05m2.js:0
[     111ms] [ERROR] Error: <path> attribute d: Expected number, "M 30% 50% C 50% 50%,…". @ http://localhost:3000/_next/static/chunks/0c~n5k-nb05m2.js:0
[     111ms] [ERROR] Error: <path> attribute d: Expected number, "M 30% 50% C 50% 50%,…". @ http://localhost:3000/_next/static/chunks/0c~n5k-nb05m2.js:0
[     111ms] [ERROR] Error: <path> attribute d: Expected number, "M 30% 50% C 50% 50%,…". @ http://localhost:3000/_next/static/chunks/0c~n5k-nb05m2.js:0
[     127ms] [ERROR] Error: <path> attribute d: Expected number, "M 30% 50% C 50% 50%,…". @ http://localhost:3000/_next/static/chunks/0c~n5k-nb05m2.js:0
[     127ms] [ERROR] Error: <path> attribute d: Expected number, "M 30% 50% C 50% 50%,…". @ http://localhost:3000/_next/static/chunks/0c~n5k-nb05m2.js:0
[     127ms] [ERROR] Error: <path> attribute d: Expected number, "M 70% 30% L 85% 30%". @ http://localhost:3000/_next/static/chunks/0c~n5k-nb05m2.js:0
[     127ms] [ERROR] Error: <path> attribute d: Expected number, "M 70% 70% L 85% 70%". @ http://localhost:3000/_next/static/chunks/0c~n5k-nb05m2.js:0
[     127ms] [ERROR] Error: <path> attribute d: Expected number, "M 30% 50% C 50% 50%,…". @ http://localhost:3000/_next/static/chunks/0c~n5k-nb05m2.js:0
[     127ms] [ERROR] Error: <path> attribute d: Expected number, "M 30% 50% C 50% 50%,…". @ http://localhost:3000/_next/static/chunks/0c~n5k-nb05m2.js:0
[     127ms] [ERROR] Error: <path> attribute d: Expected number, "M 30% 50% C 50% 50%,…". @ http://localhost:3000/_next/static/chunks/0c~n5k-nb05m2.js:0
[     127ms] [ERROR] Error: <path> attribute d: Expected number, "M 30% 50% C 50% 50%,…". @ http://localhost:3000/_next/static/chunks/0c~n5k-nb05m2.js:0
[     139ms] [ERROR] Error: <path> attribute d: Expected number, "M 30% 50% C 50% 50%,…". @ http://localhost:3000/_next/static/chunks/0c~n5k-nb05m2.js:0
[     139ms] [ERROR] Error: <path> attribute d: Expected number, "M 30% 50% C 50% 50%,…". @ http://localhost:3000/_next/static/chunks/0c~n5k-nb05m2.js:0
[     139ms] [ERROR] Error: <path> attribute d: Expected number, "M 70% 30% L 85% 30%". @ http://localhost:3000/_next/static/chunks/0c~n5k-nb05m2.js:0
[     139ms] [ERROR] Error: <path> attribute d: Expected number, "M 70% 70% L 85% 70%". @ http://localhost:3000/_next/static/chunks/0c~n5k-nb05m2.js:0
[     139ms] [ERROR] Error: <path> attribute d: Expected number, "M 30% 50% C 50% 50%,…". @ http://localhost:3000/_next/static/chunks/0c~n5k-nb05m2.js:0
[     139ms] [ERROR] Error: <path> attribute d: Expected number, "M 30% 50% C 50% 50%,…". @ http://localhost:3000/_next/static/chunks/0c~n5k-nb05m2.js:0
[     139ms] [ERROR] Error: <path> attribute d: Expected number, "M 30% 50% C 50% 50%,…". @ http://localhost:3000/_next/static/chunks/0c~n5k-nb05m2.js:0
[     139ms] [ERROR] Error: <path> attribute d: Expected number, "M 30% 50% C 50% 50%,…". @ http://localhost:3000/_next/static/chunks/0c~n5k-nb05m2.js:0
[     147ms] [ERROR] Error: <path> attribute d: Expected number, "M 30% 50% C 50% 50%,…". @ http://localhost:3000/_next/static/chunks/0c~n5k-nb05m2.js:0
[     147ms] [ERROR] Error: <path> attribute d: Expected number, "M 30% 50% C 50% 50%,…". @ http://localhost:3000/_next/static/chunks/0c~n5k-nb05m2.js:0
[     147ms] [ERROR] Error: <path> attribute d: Expected number, "M 70% 30% L 85% 30%". @ http://localhost:3000/_next/static/chunks/0c~n5k-nb05m2.js:0
[     147ms] [ERROR] Error: <path> attribute d: Expected number, "M 70% 70% L 85% 70%". @ http://localhost:3000/_next/static/chunks/0c~n5k-nb05m2.js:0
[     147ms] [ERROR] Error: <path> attribute d: Expected number, "M 30% 50% C 50% 50%,…". @ http://localhost:3000/_next/static/chunks/0c~n5k-nb05m2.js:0
[     147ms] [ERROR] Error: <path> attribute d: Expected number, "M 30% 50% C 50% 50%,…". @ http://localhost:3000/_next/static/chunks/0c~n5k-nb05m2.js:0
[     147ms] [ERROR] Error: <path> attribute d: Expected number, "M 30% 50% C 50% 50%,…". @ http://localhost:3000/_next/static/chunks/0c~n5k-nb05m2.js:0
[     147ms] [ERROR] Error: <path> attribute d: Expected number, "M 30% 50% C 50% 50%,…". @ http://localhost:3000/_next/static/chunks/0c~n5k-nb05m2.js:0
[     156ms] [ERROR] Error: <path> attribute d: Expected number, "M 30% 50% C 50% 50%,…". @ http://localhost:3000/_next/static/chunks/0c~n5k-nb05m2.js:0
[     156ms] [ERROR] Error: <path> attribute d: Expected number, "M 30% 50% C 50% 50%,…". @ http://localhost:3000/_next/static/chunks/0c~n5k-nb05m2.js:0
[     156ms] [ERROR] Error: <path> attribute d: Expected number, "M 70% 30% L 85% 30%". @ http://localhost:3000/_next/static/chunks/0c~n5k-nb05m2.js:0
[     156ms] [ERROR] Error: <path> attribute d: Expected number, "M 70% 70% L 85% 70%". @ http://localhost:3000/_next/static/chunks/0c~n5k-nb05m2.js:0
[     156ms] [ERROR] Error: <path> attribute d: Expected number, "M 30% 50% C 50% 50%,…". @ http://localhost:3000/_next/static/chunks/0c~n5k-nb05m2.js:0
[     156ms] [ERROR] Error: <path> attribute d: Expected number, "M 30% 50% C 50% 50%,…". @ http://localhost:3000/_next/static/chunks/0c~n5k-nb05m2.js:0
[     156ms] [ERROR] Error: <path> attribute d: Expected number, "M 30% 50% C 50% 50%,…". @ http://localhost:3000/_next/static/chunks/0c~n5k-nb05m2.js:0
[     156ms] [ERROR] Error: <path> attribute d: Expected number, "M 30% 50% C 50% 50%,…". @ http://localhost:3000/_next/static/chunks/0c~n5k-nb05m2.js:0
[     166ms] [ERROR] Error: <path> attribute d: Expected number, "M 30% 50% C 50% 50%,…". @ http://localhost:3000/_next/static/chunks/0c~n5k-nb05m2.js:0
[     166ms] [ERROR] Error: <path> attribute d: Expected number, "M 30% 50% C 50% 50%,…". @ http://localhost:3000/_next/static/chunks/0c~n5k-nb05m2.js:0
[     166ms] [ERROR] Error: <path> attribute d: Expected number, "M 70% 30% L 85% 30%". @ http://localhost:3000/_next/static/chunks/0c~n5k-nb05m2.js:0
[     166ms] [ERROR] Error: <path> attribute d: Expected number, "M 70% 70% L 85% 70%". @ http://localhost:3000/_next/static/chunks/0c~n5k-nb05m2.js:0
[     166ms] [ERROR] Error: <path> attribute d: Expected number, "M 30% 50% C 50% 50%,…". @ http://localhost:3000/_next/static/chunks/0c~n5k-nb05m2.js:0
[     166ms] [ERROR] Error: <path> attribute d: Expected number, "M 30% 50% C 50% 50%,…". @ http://localhost:3000/_next/static/chunks/0c~n5k-nb05m2.js:0
[     166ms] [ERROR] Error: <path> attribute d: Expected number, "M 30% 50% C 50% 50%,…". @ http://localhost:3000/_next/static/chunks/0c~n5k-nb05m2.js:0
[     166ms] [ERROR] Error: <path> attribute d: Expected number, "M 30% 50% C 50% 50%,…". @ http://localhost:3000/_next/static/chunks/0c~n5k-nb05m2.js:0
[     173ms] [ERROR] Error: <path> attribute d: Expected number, "M 30% 50% C 50% 50%,…". @ http://localhost:3000/_next/static/chunks/0c~n5k-nb05m2.js:0
[     174ms] [ERROR] Error: <path> attribute d: Expected number, "M 30% 50% C 50% 50%,…". @ http://localhost:3000/_next/static/chunks/0c~n5k-nb05m2.js:0
[     174ms] [ERROR] Error: <path> attribute d: Expected number, "M 70% 30% L 85% 30%". @ http://localhost:3000/_next/static/chunks/0c~n5k-nb05m2.js:0
[     174ms] [ERROR] Error: <path> attribute d: Expected number, "M 70% 70% L 85% 70%". @ http://localhost:3000/_next/static/chunks/0c~n5k-nb05m2.js:0
[     174ms] [ERROR] Error: <path> attribute d: Expected number, "M 30% 50% C 50% 50%,…". @ http://localhost:3000/_next/static/chunks/0c~n5k-nb05m2.js:0
[     174ms] [ERROR] Error: <path> attribute d: Expected number, "M 30% 50% C 50% 50%,…". @ http://localhost:3000/_next/static/chunks/0c~n5k-nb05m2.js:0
[     174ms] [ERROR] Error: <path> attribute d: Expected number, "M 30% 50% C 50% 50%,…". @ http://localhost:3000/_next/static/chunks/0c~n5k-nb05m2.js:0
[     174ms] [ERROR] Error: <path> attribute d: Expected number, "M 30% 50% C 50% 50%,…". @ http://localhost:3000/_next/static/chunks/0c~n5k-nb05m2.js:0
[     181ms] [ERROR] Error: <path> attribute d: Expected number, "M 30% 50% C 50% 50%,…". @ http://localhost:3000/_next/static/chunks/0c~n5k-nb05m2.js:0
[     181ms] [ERROR] Error: <path> attribute d: Expected number, "M 30% 50% C 50% 50%,…". @ http://localhost:3000/_next/static/chunks/0c~n5k-nb05m2.js:0
[     181ms] [ERROR] Error: <path> attribute d: Expected number, "M 70% 30% L 85% 30%". @ http://localhost:3000/_next/static/chunks/0c~n5k-nb05m2.js:0
[     181ms] [ERROR] Error: <path> attribute d: Expected number, "M 70% 70% L 85% 70%". @ http://localhost:3000/_next/static/chunks/0c~n5k-nb05m2.js:0
[     181ms] [ERROR] Error: <path> attribute d: Expected number, "M 30% 50% C 50% 50%,…". @ http://localhost:3000/_next/static/chunks/0c~n5k-nb05m2.js:0
[     181ms] [ERROR] Error: <path> attribute d: Expected number, "M 30% 50% C 50% 50%,…". @ http://localhost:3000/_next/static/chunks/0c~n5k-nb05m2.js:0
[     181ms] [ERROR] Error: <path> attribute d: Expected number, "M 30% 50% C 50% 50%,…". @ http://localhost:3000/_next/static/chunks/0c~n5k-nb05m2.js:0
[     181ms] [ERROR] Error: <path> attribute d: Expected number, "M 30% 50% C 50% 50%,…". @ http://localhost:3000/_next/static/chunks/0c~n5k-nb05m2.js:0
[     192ms] [ERROR] Error: <path> attribute d: Expected number, "M 30% 50% C 50% 50%,…". @ http://localhost:3000/_next/static/chunks/0c~n5k-nb05m2.js:0
[     192ms] [ERROR] Error: <path> attribute d: Expected number, "M 30% 50% C 50% 50%,…". @ http://localhost:3000/_next/static/chunks/0c~n5k-nb05m2.js:0
[     192ms] [ERROR] Error: <path> attribute d: Expected number, "M 70% 30% L 85% 30%". @ http://localhost:3000/_next/static/chunks/0c~n5k-nb05m2.js:0
[     192ms] [ERROR] Error: <path> attribute d: Expected number, "M 70% 70% L 85% 70%". @ http://localhost:3000/_next/static/chunks/0c~n5k-nb05m2.js:0
[     192ms] [ERROR] Error: <path> attribute d: Expected number, "M 30% 50% C 50% 50%,…". @ http://localhost:3000/_next/static/chunks/0c~n5k-nb05m2.js:0
[     192ms] [ERROR] Error: <path> attribute d: Expected number, "M 30% 50% C 50% 50%,…". @ http://localhost:3000/_next/static/chunks/0c~n5k-nb05m2.js:0
[     192ms] [ERROR] Error: <path> attribute d: Expected number, "M 30% 50% C 50% 50%,…". @ http://localhost:3000/_next/static/chunks/0c~n5k-nb05m2.js:0
[     192ms] [ERROR] Error: <path> attribute d: Expected number, "M 30% 50% C 50% 50%,…". @ http://localhost:3000/_next/static/chunks/0c~n5k-nb05m2.js:0
[     197ms] [ERROR] Error: <path> attribute d: Expected number, "M 30% 50% C 50% 50%,…". @ http://localhost:3000/_next/static/chunks/0c~n5k-nb05m2.js:0
[     198ms] [ERROR] Error: <path> attribute d: Expected number, "M 30% 50% C 50% 50%,…". @ http://localhost:3000/_next/static/chunks/0c~n5k-nb05m2.js:0
[     198ms] [ERROR] Error: <path> attribute d: Expected number, "M 70% 30% L 85% 30%". @ http://localhost:3000/_next/static/chunks/0c~n5k-nb05m2.js:0
[     198ms] [ERROR] Error: <path> attribute d: Expected number, "M 70% 70% L 85% 70%". @ http://localhost:3000/_next/static/chunks/0c~n5k-nb05m2.js:0
[     198ms] [ERROR] Error: <path> attribute d: Expected number, "M 30% 50% C 50% 50%,…". @ http://localhost:3000/_next/static/chunks/0c~n5k-nb05m2.js:0
[     198ms] [ERROR] Error: <path> attribute d: Expected number, "M 30% 50% C 50% 50%,…". @ http://localhost:3000/_next/static/chunks/0c~n5k-nb05m2.js:0
[     198ms] [ERROR] Error: <path> attribute d: Expected number, "M 30% 50% C 50% 50%,…". @ http://localhost:3000/_next/static/chunks/0c~n5k-nb05m2.js:0
[     198ms] [ERROR] Error: <path> attribute d: Expected number, "M 30% 50% C 50% 50%,…". @ http://localhost:3000/_next/static/chunks/0c~n5k-nb05m2.js:0
[     203ms] [ERROR] Error: <path> attribute d: Expected number, "M 30% 50% C 50% 50%,…". @ http://localhost:3000/_next/static/chunks/0c~n5k-nb05m2.js:0
[     203ms] [ERROR] Error: <path> attribute d: Expected number, "M 30% 50% C 50% 50%,…". @ http://localhost:3000/_next/static/chunks/0c~n5k-nb05m2.js:0
[     203ms] [ERROR] Error: <path> attribute d: Expected number, "M 70% 30% L 85% 30%". @ http://localhost:3000/_next/static/chunks/0c~n5k-nb05m2.js:0
[     203ms] [ERROR] Error: <path> attribute d: Expected number, "M 70% 70% L 85% 70%". @ http://localhost:3000/_next/static/chunks/0c~n5k-nb05m2.js:0
[     203ms] [ERROR] Error: <path> attribute d: Expected number, "M 30% 50% C 50% 50%,…". @ http://localhost:3000/_next/static/chunks/0c~n5k-nb05m2.js:0
[     203ms] [ERROR] Error: <path> attribute d: Expected number, "M 30% 50% C 50% 50%,…". @ http://localhost:3000/_next/static/chunks/0c~n5k-nb05m2.js:0
[     203ms] [ERROR] Error: <path> attribute d: Expected number, "M 30% 50% C 50% 50%,…". @ http://localhost:3000/_next/static/chunks/0c~n5k-nb05m2.js:0
[     203ms] [ERROR] Error: <path> attribute d: Expected number, "M 30% 50% C 50% 50%,…". @ http://localhost:3000/_next/static/chunks/0c~n5k-nb05m2.js:0
[     209ms] [ERROR] Error: <path> attribute d: Expected number, "M 30% 50% C 50% 50%,…". @ http://localhost:3000/_next/static/chunks/0c~n5k-nb05m2.js:0
[     209ms] [ERROR] Error: <path> attribute d: Expected number, "M 30% 50% C 50% 50%,…". @ http://localhost:3000/_next/static/chunks/0c~n5k-nb05m2.js:0
[     209ms] [ERROR] Error: <path> attribute d: Expected number, "M 70% 30% L 85% 30%". @ http://localhost:3000/_next/static/chunks/0c~n5k-nb05m2.js:0
[     209ms] [ERROR] Error: <path> attribute d: Expected number, "M 70% 70% L 85% 70%". @ http://localhost:3000/_next/static/chunks/0c~n5k-nb05m2.js:0
[     209ms] [ERROR] Error: <path> attribute d: Expected number, "M 30% 50% C 50% 50%,…". @ http://localhost:3000/_next/static/chunks/0c~n5k-nb05m2.js:0
[     209ms] [ERROR] Error: <path> attribute d: Expected number, "M 30% 50% C 50% 50%,…". @ http://localhost:3000/_next/static/chunks/0c~n5k-nb05m2.js:0
[     209ms] [ERROR] Error: <path> attribute d: Expected number, "M 30% 50% C 50% 50%,…". @ http://localhost:3000/_next/static/chunks/0c~n5k-nb05m2.js:0
[     209ms] [ERROR] Error: <path> attribute d: Expected number, "M 30% 50% C 50% 50%,…". @ http://localhost:3000/_next/static/chunks/0c~n5k-nb05m2.js:0
[     215ms] [ERROR] Error: <path> attribute d: Expected number, "M 30% 50% C 50% 50%,…". @ http://localhost:3000/_next/static/chunks/0c~n5k-nb05m2.js:0
[     215ms] [ERROR] Error: <path> attribute d: Expected number, "M 30% 50% C 50% 50%,…". @ http://localhost:3000/_next/static/chunks/0c~n5k-nb05m2.js:0
[     215ms] [ERROR] Error: <path> attribute d: Expected number, "M 70% 30% L 85% 30%". @ http://localhost:3000/_next/static/chunks/0c~n5k-nb05m2.js:0
[     215ms] [ERROR] Error: <path> attribute d: Expected number, "M 70% 70% L 85% 70%". @ http://localhost:3000/_next/static/chunks/0c~n5k-nb05m2.js:0
[     215ms] [ERROR] Error: <path> attribute d: Expected number, "M 30% 50% C 50% 50%,…". @ http://localhost:3000/_next/static/chunks/0c~n5k-nb05m2.js:0
[     215ms] [ERROR] Error: <path> attribute d: Expected number, "M 30% 50% C 50% 50%,…". @ http://localhost:3000/_next/static/chunks/0c~n5k-nb05m2.js:0
[     215ms] [ERROR] Error: <path> attribute d: Expected number, "M 30% 50% C 50% 50%,…". @ http://localhost:3000/_next/static/chunks/0c~n5k-nb05m2.js:0
[     215ms] [ERROR] Error: <path> attribute d: Expected number, "M 30% 50% C 50% 50%,…". @ http://localhost:3000/_next/static/chunks/0c~n5k-nb05m2.js:0
[     220ms] [ERROR] Error: <path> attribute d: Expected number, "M 30% 50% C 50% 50%,…". @ http://localhost:3000/_next/static/chunks/0c~n5k-nb05m2.js:0
[     220ms] [ERROR] Error: <path> attribute d: Expected number, "M 30% 50% C 50% 50%,…". @ http://localhost:3000/_next/static/chunks/0c~n5k-nb05m2.js:0
[     220ms] [ERROR] Error: <path> attribute d: Expected number, "M 70% 30% L 85% 30%". @ http://localhost:3000/_next/static/chunks/0c~n5k-nb05m2.js:0
[     220ms] [ERROR] Error: <path> attribute d: Expected number, "M 70% 70% L 85% 70%". @ http://localhost:3000/_next/static/chunks/0c~n5k-nb05m2.js:0
[     220ms] [ERROR] Error: <path> attribute d: Expected number, "M 30% 50% C 50% 50%,…". @ http://localhost:3000/_next/static/chunks/0c~n5k-nb05m2.js:0
[     220ms] [ERROR] Error: <path> attribute d: Expected number, "M 30% 50% C 50% 50%,…". @ http://localhost:3000/_next/static/chunks/0c~n5k-nb05m2.js:0
[     220ms] [ERROR] Error: <path> attribute d: Expected number, "M 30% 50% C 50% 50%,…". @ http://localhost:3000/_next/static/chunks/0c~n5k-nb05m2.js:0
[     220ms] [ERROR] Error: <path> attribute d: Expected number, "M 30% 50% C 50% 50%,…". @ http://localhost:3000/_next/static/chunks/0c~n5k-nb05m2.js:0
[     226ms] [ERROR] Error: <path> attribute d: Expected number, "M 30% 50% C 50% 50%,…". @ http://localhost:3000/_next/static/chunks/0c~n5k-nb05m2.js:0
[     226ms] [ERROR] Error: <path> attribute d: Expected number, "M 30% 50% C 50% 50%,…". @ http://localhost:3000/_next/static/chunks/0c~n5k-nb05m2.js:0
[     226ms] [ERROR] Error: <path> attribute d: Expected number, "M 70% 30% L 85% 30%". @ http://localhost:3000/_next/static/chunks/0c~n5k-nb05m2.js:0
[     226ms] [ERROR] Error: <path> attribute d: Expected number, "M 70% 70% L 85% 70%". @ http://localhost:3000/_next/static/chunks/0c~n5k-nb05m2.js:0
[     226ms] [ERROR] Error: <path> attribute d: Expected number, "M 30% 50% C 50% 50%,…". @ http://localhost:3000/_next/static/chunks/0c~n5k-nb05m2.js:0
[     226ms] [ERROR] Error: <path> attribute d: Expected number, "M 30% 50% C 50% 50%,…". @ http://localhost:3000/_next/static/chunks/0c~n5k-nb05m2.js:0
[     226ms] [ERROR] Error: <path> attribute d: Expected number, "M 30% 50% C 50% 50%,…". @ http://localhost:3000/_next/static/chunks/0c~n5k-nb05m2.js:0
[     226ms] [ERROR] Error: <path> attribute d: Expected number, "M 30% 50% C 50% 50%,…". @ http://localhost:3000/_next/static/chunks/0c~n5k-nb05m2.js:0
[     237ms] [ERROR] Error: <path> attribute d: Expected number, "M 30% 50% C 50% 50%,…". @ http://localhost:3000/_next/static/chunks/0c~n5k-nb05m2.js:0
[     237ms] [ERROR] Error: <path> attribute d: Expected number, "M 30% 50% C 50% 50%,…". @ http://localhost:3000/_next/static/chunks/0c~n5k-nb05m2.js:0
[     237ms] [ERROR] Error: <path> attribute d: Expected number, "M 70% 30% L 85% 30%". @ http://localhost:3000/_next/static/chunks/0c~n5k-nb05m2.js:0
[     237ms] [ERROR] Error: <path> attribute d: Expected number, "M 70% 70% L 85% 70%". @ http://localhost:3000/_next/static/chunks/0c~n5k-nb05m2.js:0
[     237ms] [ERROR] Error: <path> attribute d: Expected number, "M 30% 50% C 50% 50%,…". @ http://localhost:3000/_next/static/chunks/0c~n5k-nb05m2.js:0
[     237ms] [ERROR] Error: <path> attribute d: Expected number, "M 30% 50% C 50% 50%,…". @ http://localhost:3000/_next/static/chunks/0c~n5k-nb05m2.js:0
[     237ms] [ERROR] Error: <path> attribute d: Expected number, "M 30% 50% C 50% 50%,…". @ http://localhost:3000/_next/static/chunks/0c~n5k-nb05m2.js:0
[     237ms] [ERROR] Error: <path> attribute d: Expected number, "M 30% 50% C 50% 50%,…". @ http://localhost:3000/_next/static/chunks/0c~n5k-nb05m2.js:0
[     246ms] [ERROR] Error: <path> attribute d: Expected number, "M 30% 50% C 50% 50%,…". @ http://localhost:3000/_next/static/chunks/0c~n5k-nb05m2.js:0
[     246ms] [ERROR] Error: <path> attribute d: Expected number, "M 30% 50% C 50% 50%,…". @ http://localhost:3000/_next/static/chunks/0c~n5k-nb05m2.js:0
[     246ms] [ERROR] Error: <path> attribute d: Expected number, "M 70% 30% L 85% 30%". @ http://localhost:3000/_next/static/chunks/0c~n5k-nb05m2.js:0
[     246ms] [ERROR] Error: <path> attribute d: Expected number, "M 70% 70% L 85% 70%". @ http://localhost:3000/_next/static/chunks/0c~n5k-nb05m2.js:0
[     246ms] [ERROR] Error: <path> attribute d: Expected number, "M 30% 50% C 50% 50%,…". @ http://localhost:3000/_next/static/chunks/0c~n5k-nb05m2.js:0
[     246ms] [ERROR] Error: <path> attribute d: Expected number, "M 30% 50% C 50% 50%,…". @ http://localhost:3000/_next/static/chunks/0c~n5k-nb05m2.js:0
[     246ms] [ERROR] Error: <path> attribute d: Expected number, "M 30% 50% C 50% 50%,…". @ http://localhost:3000/_next/static/chunks/0c~n5k-nb05m2.js:0
[     247ms] [ERROR] Error: <path> attribute d: Expected number, "M 30% 50% C 50% 50%,…". @ http://localhost:3000/_next/static/chunks/0c~n5k-nb05m2.js:0
[     253ms] [ERROR] Error: <path> attribute d: Expected number, "M 30% 50% C 50% 50%,…". @ http://localhost:3000/_next/static/chunks/0c~n5k-nb05m2.js:0
[     253ms] [ERROR] Error: <path> attribute d: Expected number, "M 30% 50% C 50% 50%,…". @ http://localhost:3000/_next/static/chunks/0c~n5k-nb05m2.js:0
[     253ms] [ERROR] Error: <path> attribute d: Expected number, "M 70% 30% L 85% 30%". @ http://localhost:3000/_next/static/chunks/0c~n5k-nb05m2.js:0
[     254ms] [ERROR] Error: <path> attribute d: Expected number, "M 70% 70% L 85% 70%". @ http://localhost:3000/_next/static/chunks/0c~n5k-nb05m2.js:0
[     254ms] [ERROR] Error: <path> attribute d: Expected number, "M 30% 50% C 50% 50%,…". @ http://localhost:3000/_next/static/chunks/0c~n5k-nb05m2.js:0
[     254ms] [ERROR] Error: <path> attribute d: Expected number, "M 30% 50% C 50% 50%,…". @ http://localhost:3000/_next/static/chunks/0c~n5k-nb05m2.js:0
[     254ms] [ERROR] Error: <path> attribute d: Expected number, "M 30% 50% C 50% 50%,…". @ http://localhost:3000/_next/static/chunks/0c~n5k-nb05m2.js:0
[     254ms] [ERROR] Error: <path> attribute d: Expected number, "M 30% 50% C 50% 50%,…". @ http://localhost:3000/_next/static/chunks/0c~n5k-nb05m2.js:0
[     259ms] [ERROR] Error: <path> attribute d: Expected number, "M 30% 50% C 50% 50%,…". @ http://localhost:3000/_next/static/chunks/0c~n5k-nb05m2.js:0
[     259ms] [ERROR] Error: <path> attribute d: Expected number, "M 30% 50% C 50% 50%,…". @ http://localhost:3000/_next/static/chunks/0c~n5k-nb05m2.js:0
[     259ms] [ERROR] Error: <path> attribute d: Expected number, "M 70% 30% L 85% 30%". @ http://localhost:3000/_next/static/chunks/0c~n5k-nb05m2.js:0
[     259ms] [ERROR] Error: <path> attribute d: Expected number, "M 70% 70% L 85% 70%". @ http://localhost:3000/_next/static/chunks/0c~n5k-nb05m2.js:0
[     259ms] [ERROR] Error: <path> attribute d: Expected number, "M 30% 50% C 50% 50%,…". @ http://localhost:3000/_next/static/chunks/0c~n5k-nb05m2.js:0
[     259ms] [ERROR] Error: <path> attribute d: Expected number, "M 30% 50% C 50% 50%,…". @ http://localhost:3000/_next/static/chunks/0c~n5k-nb05m2.js:0
[     259ms] [ERROR] Error: <path> attribute d: Expected number, "M 30% 50% C 50% 50%,…". @ http://localhost:3000/_next/static/chunks/0c~n5k-nb05m2.js:0
[     259ms] [ERROR] Error: <path> attribute d: Expected number, "M 30% 50% C 50% 50%,…". @ http://localhost:3000/_next/static/chunks/0c~n5k-nb05m2.js:0
[     265ms] [ERROR] Error: <path> attribute d: Expected number, "M 30% 50% C 50% 50%,…". @ http://localhost:3000/_next/static/chunks/0c~n5k-nb05m2.js:0
[     265ms] [ERROR] Error: <path> attribute d: Expected number, "M 30% 50% C 50% 50%,…". @ http://localhost:3000/_next/static/chunks/0c~n5k-nb05m2.js:0
[     265ms] [ERROR] Error: <path> attribute d: Expected number, "M 70% 30% L 85% 30%". @ http://localhost:3000/_next/static/chunks/0c~n5k-nb05m2.js:0
[     265ms] [ERROR] Error: <path> attribute d: Expected number, "M 70% 70% L 85% 70%". @ http://localhost:3000/_next/static/chunks/0c~n5k-nb05m2.js:0
[     265ms] [ERROR] Error: <path> attribute d: Expected number, "M 30% 50% C 50% 50%,…". @ http://localhost:3000/_next/static/chunks/0c~n5k-nb05m2.js:0
[     265ms] [ERROR] Error: <path> attribute d: Expected number, "M 30% 50% C 50% 50%,…". @ http://localhost:3000/_next/static/chunks/0c~n5k-nb05m2.js:0
[     265ms] [ERROR] Error: <path> attribute d: Expected number, "M 30% 50% C 50% 50%,…". @ http://localhost:3000/_next/static/chunks/0c~n5k-nb05m2.js:0
[     265ms] [ERROR] Error: <path> attribute d: Expected number, "M 30% 50% C 50% 50%,…". @ http://localhost:3000/_next/static/chunks/0c~n5k-nb05m2.js:0
[     275ms] [ERROR] Error: <path> attribute d: Expected number, "M 30% 50% C 50% 50%,…". @ http://localhost:3000/_next/static/chunks/0c~n5k-nb05m2.js:0
[     275ms] [ERROR] Error: <path> attribute d: Expected number, "M 30% 50% C 50% 50%,…". @ http://localhost:3000/_next/static/chunks/0c~n5k-nb05m2.js:0
[     275ms] [ERROR] Error: <path> attribute d: Expected number, "M 70% 30% L 85% 30%". @ http://localhost:3000/_next/static/chunks/0c~n5k-nb05m2.js:0
[     275ms] [ERROR] Error: <path> attribute d: Expected number, "M 70% 70% L 85% 70%". @ http://localhost:3000/_next/static/chunks/0c~n5k-nb05m2.js:0
[     275ms] [ERROR] Error: <path> attribute d: Expected number, "M 30% 50% C 50% 50%,…". @ http://localhost:3000/_next/static/chunks/0c~n5k-nb05m2.js:0
[     275ms] [ERROR] Error: <path> attribute d: Expected number, "M 30% 50% C 50% 50%,…". @ http://localhost:3000/_next/static/chunks/0c~n5k-nb05m2.js:0
[     275ms] [ERROR] Error: <path> attribute d: Expected number, "M 30% 50% C 50% 50%,…". @ http://localhost:3000/_next/static/chunks/0c~n5k-nb05m2.js:0
[     275ms] [ERROR] Error: <path> attribute d: Expected number, "M 30% 50% C 50% 50%,…". @ http://localhost:3000/_next/static/chunks/0c~n5k-nb05m2.js:0
[     280ms] [ERROR] Error: <path> attribute d: Expected number, "M 30% 50% C 50% 50%,…". @ http://localhost:3000/_next/static/chunks/0c~n5k-nb05m2.js:0
[     280ms] [ERROR] Error: <path> attribute d: Expected number, "M 30% 50% C 50% 50%,…". @ http://localhost:3000/_next/static/chunks/0c~n5k-nb05m2.js:0
[     280ms] [ERROR] Error: <path> attribute d: Expected number, "M 70% 30% L 85% 30%". @ http://localhost:3000/_next/static/chunks/0c~n5k-nb05m2.js:0
[     280ms] [ERROR] Error: <path> attribute d: Expected number, "M 70% 70% L 85% 70%". @ http://localhost:3000/_next/static/chunks/0c~n5k-nb05m2.js:0
[     280ms] [ERROR] Error: <path> attribute d: Expected number, "M 30% 50% C 50% 50%,…". @ http://localhost:3000/_next/static/chunks/0c~n5k-nb05m2.js:0
[     281ms] [ERROR] Error: <path> attribute d: Expected number, "M 30% 50% C 50% 50%,…". @ http://localhost:3000/_next/static/chunks/0c~n5k-nb05m2.js:0
[     281ms] [ERROR] Error: <path> attribute d: Expected number, "M 30% 50% C 50% 50%,…". @ http://localhost:3000/_next/static/chunks/0c~n5k-nb05m2.js:0
[     281ms] [ERROR] Error: <path> attribute d: Expected number, "M 30% 50% C 50% 50%,…". @ http://localhost:3000/_next/static/chunks/0c~n5k-nb05m2.js:0
[     285ms] [ERROR] Error: <path> attribute d: Expected number, "M 30% 50% C 50% 50%,…". @ http://localhost:3000/_next/static/chunks/0c~n5k-nb05m2.js:0
[     285ms] [ERROR] Error: <path> attribute d: Expected number, "M 30% 50% C 50% 50%,…". @ http://localhost:3000/_next/static/chunks/0c~n5k-nb05m2.js:0
[     285ms] [ERROR] Error: <path> attribute d: Expected number, "M 70% 30% L 85% 30%". @ http://localhost:3000/_next/static/chunks/0c~n5k-nb05m2.js:0
[     285ms] [ERROR] Error: <path> attribute d: Expected number, "M 70% 70% L 85% 70%". @ http://localhost:3000/_next/static/chunks/0c~n5k-nb05m2.js:0
[     285ms] [ERROR] Error: <path> attribute d: Expected number, "M 30% 50% C 50% 50%,…". @ http://localhost:3000/_next/static/chunks/0c~n5k-nb05m2.js:0
[     285ms] [ERROR] Error: <path> attribute d: Expected number, "M 30% 50% C 50% 50%,…". @ http://localhost:3000/_next/static/chunks/0c~n5k-nb05m2.js:0
[     286ms] [ERROR] Error: <path> attribute d: Expected number, "M 30% 50% C 50% 50%,…". @ http://localhost:3000/_next/static/chunks/0c~n5k-nb05m2.js:0
[     286ms] [ERROR] Error: <path> attribute d: Expected number, "M 30% 50% C 50% 50%,…". @ http://localhost:3000/_next/static/chunks/0c~n5k-nb05m2.js:0
[     290ms] [ERROR] Error: <path> attribute d: Expected number, "M 30% 50% C 50% 50%,…". @ http://localhost:3000/_next/static/chunks/0c~n5k-nb05m2.js:0
[     290ms] [ERROR] Error: <path> attribute d: Expected number, "M 30% 50% C 50% 50%,…". @ http://localhost:3000/_next/static/chunks/0c~n5k-nb05m2.js:0
[     290ms] [ERROR] Error: <path> attribute d: Expected number, "M 70% 30% L 85% 30%". @ http://localhost:3000/_next/static/chunks/0c~n5k-nb05m2.js:0
[     291ms] [ERROR] Error: <path> attribute d: Expected number, "M 70% 70% L 85% 70%". @ http://localhost:3000/_next/static/chunks/0c~n5k-nb05m2.js:0
[     291ms] [ERROR] Error: <path> attribute d: Expected number, "M 30% 50% C 50% 50%,…". @ http://localhost:3000/_next/static/chunks/0c~n5k-nb05m2.js:0
[     291ms] [ERROR] Error: <path> attribute d: Expected number, "M 30% 50% C 50% 50%,…". @ http://localhost:3000/_next/static/chunks/0c~n5k-nb05m2.js:0
[     291ms] [ERROR] Error: <path> attribute d: Expected number, "M 30% 50% C 50% 50%,…". @ http://localhost:3000/_next/static/chunks/0c~n5k-nb05m2.js:0
[     291ms] [ERROR] Error: <path> attribute d: Expected number, "M 30% 50% C 50% 50%,…". @ http://localhost:3000/_next/static/chunks/0c~n5k-nb05m2.js:0
[     296ms] [ERROR] Error: <path> attribute d: Expected number, "M 30% 50% C 50% 50%,…". @ http://localhost:3000/_next/static/chunks/0c~n5k-nb05m2.js:0
[     296ms] [ERROR] Error: <path> attribute d: Expected number, "M 30% 50% C 50% 50%,…". @ http://localhost:3000/_next/static/chunks/0c~n5k-nb05m2.js:0
[     296ms] [ERROR] Error: <path> attribute d: Expected number, "M 70% 30% L 85% 30%". @ http://localhost:3000/_next/static/chunks/0c~n5k-nb05m2.js:0
[     296ms] [ERROR] Error: <path> attribute d: Expected number, "M 70% 70% L 85% 70%". @ http://localhost:3000/_next/static/chunks/0c~n5k-nb05m2.js:0
[     296ms] [ERROR] Error: <path> attribute d: Expected number, "M 30% 50% C 50% 50%,…". @ http://localhost:3000/_next/static/chunks/0c~n5k-nb05m2.js:0
[     296ms] [ERROR] Error: <path> attribute d: Expected number, "M 30% 50% C 50% 50%,…". @ http://localhost:3000/_next/static/chunks/0c~n5k-nb05m2.js:0
[     296ms] [ERROR] Error: <path> attribute d: Expected number, "M 30% 50% C 50% 50%,…". @ http://localhost:3000/_next/static/chunks/0c~n5k-nb05m2.js:0
[     296ms] [ERROR] Error: <path> attribute d: Expected number, "M 30% 50% C 50% 50%,…". @ http://localhost:3000/_next/static/chunks/0c~n5k-nb05m2.js:0
