[     125ms] [ERROR] Failed to load resource: the server responded with a status of 404 (Not Found) @ http://localhost:3000/_vercel/insights/script.js:0
[     126ms] [ERROR] Refused to execute script from 'http://localhost:3000/_vercel/insights/script.js' because its MIME type ('text/html') is not executable, and strict MIME type checking is enabled. @ http://localhost:3000/:0
[     126ms] [ERROR] Failed to load resource: the server responded with a status of 404 (Not Found) @ http://localhost:3000/_vercel/speed-insights/script.js:0
[     126ms] [ERROR] Refused to execute script from 'http://localhost:3000/_vercel/speed-insights/script.js' because its MIME type ('text/html') is not executable, and strict MIME type checking is enabled. @ http://localhost:3000/:0
[     133ms] [LOG] [Vercel Web Analytics] Failed to load script from /_vercel/insights/script.js. Be sure to enable Web Analytics for your project and deploy again. See https://vercel.com/docs/analytics/quickstart for more information. @ http://localhost:3000/_next/static/chunks/0n4oga138q.z0.js:0
[     133ms] [LOG] [Vercel Speed Insights] Failed to load script from /_vercel/speed-insights/script.js. Please check if any content blockers are enabled and try again. @ http://localhost:3000/_next/static/chunks/0n4oga138q.z0.js:0
[     135ms] [ERROR] Error: <path> attribute d: Expected number, "M 30% 50% C 50% 50%,…". @ http://localhost:3000/_next/static/chunks/0c~n5k-nb05m2.js:0
[     135ms] [ERROR] Error: <path> attribute d: Expected number, "M 30% 50% C 50% 50%,…". @ http://localhost:3000/_next/static/chunks/0c~n5k-nb05m2.js:0
[     135ms] [ERROR] Error: <path> attribute d: Expected number, "M 70% 30% L 85% 30%". @ http://localhost:3000/_next/static/chunks/0c~n5k-nb05m2.js:0
[     135ms] [ERROR] Error: <path> attribute d: Expected number, "M 70% 70% L 85% 70%". @ http://localhost:3000/_next/static/chunks/0c~n5k-nb05m2.js:0
[     135ms] [ERROR] Error: <path> attribute d: Expected number, "M 30% 50% C 50% 50%,…". @ http://localhost:3000/_next/static/chunks/0c~n5k-nb05m2.js:0
[     135ms] [ERROR] Error: <path> attribute d: Expected number, "M 30% 50% C 50% 50%,…". @ http://localhost:3000/_next/static/chunks/0c~n5k-nb05m2.js:0
[     135ms] [ERROR] Error: <path> attribute d: Expected number, "M 30% 50% C 50% 50%,…". @ http://localhost:3000/_next/static/chunks/0c~n5k-nb05m2.js:0
[     135ms] [ERROR] Error: <path> attribute d: Expected number, "M 30% 50% C 50% 50%,…". @ http://localhost:3000/_next/static/chunks/0c~n5k-nb05m2.js:0
[     163ms] [ERROR] Error: <path> attribute d: Expected number, "M 30% 50% C 50% 50%,…". @ http://localhost:3000/_next/static/chunks/0c~n5k-nb05m2.js:0
[     163ms] [ERROR] Error: <path> attribute d: Expected number, "M 30% 50% C 50% 50%,…". @ http://localhost:3000/_next/static/chunks/0c~n5k-nb05m2.js:0
[     163ms] [ERROR] Error: <path> attribute d: Expected number, "M 70% 30% L 85% 30%". @ http://localhost:3000/_next/static/chunks/0c~n5k-nb05m2.js:0
[     163ms] [ERROR] Error: <path> attribute d: Expected number, "M 70% 70% L 85% 70%". @ http://localhost:3000/_next/static/chunks/0c~n5k-nb05m2.js:0
[     163ms] [ERROR] Error: <path> attribute d: Expected number, "M 30% 50% C 50% 50%,…". @ http://localhost:3000/_next/static/chunks/0c~n5k-nb05m2.js:0
[     163ms] [ERROR] Error: <path> attribute d: Expected number, "M 30% 50% C 50% 50%,…". @ http://localhost:3000/_next/static/chunks/0c~n5k-nb05m2.js:0
[     163ms] [ERROR] Error: <path> attribute d: Expected number, "M 30% 50% C 50% 50%,…". @ http://localhost:3000/_next/static/chunks/0c~n5k-nb05m2.js:0
[     163ms] [ERROR] Error: <path> attribute d: Expected number, "M 30% 50% C 50% 50%,…". @ http://localhost:3000/_next/static/chunks/0c~n5k-nb05m2.js:0
[     179ms] [ERROR] Error: <path> attribute d: Expected number, "M 30% 50% C 50% 50%,…". @ http://localhost:3000/_next/static/chunks/0c~n5k-nb05m2.js:0
[     179ms] [ERROR] Error: <path> attribute d: Expected number, "M 30% 50% C 50% 50%,…". @ http://localhost:3000/_next/static/chunks/0c~n5k-nb05m2.js:0
[     179ms] [ERROR] Error: <path> attribute d: Expected number, "M 70% 30% L 85% 30%". @ http://localhost:3000/_next/static/chunks/0c~n5k-nb05m2.js:0
[     179ms] [ERROR] Error: <path> attribute d: Expected number, "M 70% 70% L 85% 70%". @ http://localhost:3000/_next/static/chunks/0c~n5k-nb05m2.js:0
[     179ms] [ERROR] Error: <path> attribute d: Expected number, "M 30% 50% C 50% 50%,…". @ http://localhost:3000/_next/static/chunks/0c~n5k-nb05m2.js:0
[     179ms] [ERROR] Error: <path> attribute d: Expected number, "M 30% 50% C 50% 50%,…". @ http://localhost:3000/_next/static/chunks/0c~n5k-nb05m2.js:0
[     179ms] [ERROR] Error: <path> attribute d: Expected number, "M 30% 50% C 50% 50%,…". @ http://localhost:3000/_next/static/chunks/0c~n5k-nb05m2.js:0
[     179ms] [ERROR] Error: <path> attribute d: Expected number, "M 30% 50% C 50% 50%,…". @ http://localhost:3000/_next/static/chunks/0c~n5k-nb05m2.js:0
[     188ms] [ERROR] Error: <path> attribute d: Expected number, "M 30% 50% C 50% 50%,…". @ http://localhost:3000/_next/static/chunks/0c~n5k-nb05m2.js:0
[     188ms] [ERROR] Error: <path> attribute d: Expected number, "M 30% 50% C 50% 50%,…". @ http://localhost:3000/_next/static/chunks/0c~n5k-nb05m2.js:0
[     188ms] [ERROR] Error: <path> attribute d: Expected number, "M 70% 30% L 85% 30%". @ http://localhost:3000/_next/static/chunks/0c~n5k-nb05m2.js:0
[     188ms] [ERROR] Error: <path> attribute d: Expected number, "M 70% 70% L 85% 70%". @ http://localhost:3000/_next/static/chunks/0c~n5k-nb05m2.js:0
[     188ms] [ERROR] Error: <path> attribute d: Expected number, "M 30% 50% C 50% 50%,…". @ http://localhost:3000/_next/static/chunks/0c~n5k-nb05m2.js:0
[     188ms] [ERROR] Error: <path> attribute d: Expected number, "M 30% 50% C 50% 50%,…". @ http://localhost:3000/_next/static/chunks/0c~n5k-nb05m2.js:0
[     188ms] [ERROR] Error: <path> attribute d: Expected number, "M 30% 50% C 50% 50%,…". @ http://localhost:3000/_next/static/chunks/0c~n5k-nb05m2.js:0
[     188ms] [ERROR] Error: <path> attribute d: Expected number, "M 30% 50% C 50% 50%,…". @ http://localhost:3000/_next/static/chunks/0c~n5k-nb05m2.js:0
[     197ms] [ERROR] Error: <path> attribute d: Expected number, "M 30% 50% C 50% 50%,…". @ http://localhost:3000/_next/static/chunks/0c~n5k-nb05m2.js:0
[     197ms] [ERROR] Error: <path> attribute d: Expected number, "M 30% 50% C 50% 50%,…". @ http://localhost:3000/_next/static/chunks/0c~n5k-nb05m2.js:0
[     197ms] [ERROR] Error: <path> attribute d: Expected number, "M 70% 30% L 85% 30%". @ http://localhost:3000/_next/static/chunks/0c~n5k-nb05m2.js:0
[     198ms] [ERROR] Error: <path> attribute d: Expected number, "M 70% 70% L 85% 70%". @ http://localhost:3000/_next/static/chunks/0c~n5k-nb05m2.js:0
[     198ms] [ERROR] Error: <path> attribute d: Expected number, "M 30% 50% C 50% 50%,…". @ http://localhost:3000/_next/static/chunks/0c~n5k-nb05m2.js:0
[     198ms] [ERROR] Error: <path> attribute d: Expected number, "M 30% 50% C 50% 50%,…". @ http://localhost:3000/_next/static/chunks/0c~n5k-nb05m2.js:0
[     198ms] [ERROR] Error: <path> attribute d: Expected number, "M 30% 50% C 50% 50%,…". @ http://localhost:3000/_next/static/chunks/0c~n5k-nb05m2.js:0
[     198ms] [ERROR] Error: <path> attribute d: Expected number, "M 30% 50% C 50% 50%,…". @ http://localhost:3000/_next/static/chunks/0c~n5k-nb05m2.js:0
[     205ms] [ERROR] Error: <path> attribute d: Expected number, "M 30% 50% C 50% 50%,…". @ http://localhost:3000/_next/static/chunks/0c~n5k-nb05m2.js:0
[     205ms] [ERROR] Error: <path> attribute d: Expected number, "M 30% 50% C 50% 50%,…". @ http://localhost:3000/_next/static/chunks/0c~n5k-nb05m2.js:0
[     205ms] [ERROR] Error: <path> attribute d: Expected number, "M 70% 30% L 85% 30%". @ http://localhost:3000/_next/static/chunks/0c~n5k-nb05m2.js:0
[     205ms] [ERROR] Error: <path> attribute d: Expected number, "M 70% 70% L 85% 70%". @ http://localhost:3000/_next/static/chunks/0c~n5k-nb05m2.js:0
[     205ms] [ERROR] Error: <path> attribute d: Expected number, "M 30% 50% C 50% 50%,…". @ http://localhost:3000/_next/static/chunks/0c~n5k-nb05m2.js:0
[     205ms] [ERROR] Error: <path> attribute d: Expected number, "M 30% 50% C 50% 50%,…". @ http://localhost:3000/_next/static/chunks/0c~n5k-nb05m2.js:0
[     205ms] [ERROR] Error: <path> attribute d: Expected number, "M 30% 50% C 50% 50%,…". @ http://localhost:3000/_next/static/chunks/0c~n5k-nb05m2.js:0
[     205ms] [ERROR] Error: <path> attribute d: Expected number, "M 30% 50% C 50% 50%,…". @ http://localhost:3000/_next/static/chunks/0c~n5k-nb05m2.js:0
[     214ms] [ERROR] Error: <path> attribute d: Expected number, "M 30% 50% C 50% 50%,…". @ http://localhost:3000/_next/static/chunks/0c~n5k-nb05m2.js:0
[     214ms] [ERROR] Error: <path> attribute d: Expected number, "M 30% 50% C 50% 50%,…". @ http://localhost:3000/_next/static/chunks/0c~n5k-nb05m2.js:0
[     214ms] [ERROR] Error: <path> attribute d: Expected number, "M 70% 30% L 85% 30%". @ http://localhost:3000/_next/static/chunks/0c~n5k-nb05m2.js:0
[     214ms] [ERROR] Error: <path> attribute d: Expected number, "M 70% 70% L 85% 70%". @ http://localhost:3000/_next/static/chunks/0c~n5k-nb05m2.js:0
[     214ms] [ERROR] Error: <path> attribute d: Expected number, "M 30% 50% C 50% 50%,…". @ http://localhost:3000/_next/static/chunks/0c~n5k-nb05m2.js:0
[     214ms] [ERROR] Error: <path> attribute d: Expected number, "M 30% 50% C 50% 50%,…". @ http://localhost:3000/_next/static/chunks/0c~n5k-nb05m2.js:0
[     214ms] [ERROR] Error: <path> attribute d: Expected number, "M 30% 50% C 50% 50%,…". @ http://localhost:3000/_next/static/chunks/0c~n5k-nb05m2.js:0
[     214ms] [ERROR] Error: <path> attribute d: Expected number, "M 30% 50% C 50% 50%,…". @ http://localhost:3000/_next/static/chunks/0c~n5k-nb05m2.js:0
[     222ms] [ERROR] Error: <path> attribute d: Expected number, "M 30% 50% C 50% 50%,…". @ http://localhost:3000/_next/static/chunks/0c~n5k-nb05m2.js:0
[     222ms] [ERROR] Error: <path> attribute d: Expected number, "M 30% 50% C 50% 50%,…". @ http://localhost:3000/_next/static/chunks/0c~n5k-nb05m2.js:0
[     222ms] [ERROR] Error: <path> attribute d: Expected number, "M 70% 30% L 85% 30%". @ http://localhost:3000/_next/static/chunks/0c~n5k-nb05m2.js:0
[     223ms] [ERROR] Error: <path> attribute d: Expected number, "M 70% 70% L 85% 70%". @ http://localhost:3000/_next/static/chunks/0c~n5k-nb05m2.js:0
[     223ms] [ERROR] Error: <path> attribute d: Expected number, "M 30% 50% C 50% 50%,…". @ http://localhost:3000/_next/static/chunks/0c~n5k-nb05m2.js:0
[     223ms] [ERROR] Error: <path> attribute d: Expected number, "M 30% 50% C 50% 50%,…". @ http://localhost:3000/_next/static/chunks/0c~n5k-nb05m2.js:0
[     223ms] [ERROR] Error: <path> attribute d: Expected number, "M 30% 50% C 50% 50%,…". @ http://localhost:3000/_next/static/chunks/0c~n5k-nb05m2.js:0
[     223ms] [ERROR] Error: <path> attribute d: Expected number, "M 30% 50% C 50% 50%,…". @ http://localhost:3000/_next/static/chunks/0c~n5k-nb05m2.js:0
[     233ms] [ERROR] Error: <path> attribute d: Expected number, "M 30% 50% C 50% 50%,…". @ http://localhost:3000/_next/static/chunks/0c~n5k-nb05m2.js:0
[     234ms] [ERROR] Error: <path> attribute d: Expected number, "M 30% 50% C 50% 50%,…". @ http://localhost:3000/_next/static/chunks/0c~n5k-nb05m2.js:0
[     234ms] [ERROR] Error: <path> attribute d: Expected number, "M 70% 30% L 85% 30%". @ http://localhost:3000/_next/static/chunks/0c~n5k-nb05m2.js:0
[     234ms] [ERROR] Error: <path> attribute d: Expected number, "M 70% 70% L 85% 70%". @ http://localhost:3000/_next/static/chunks/0c~n5k-nb05m2.js:0
[     234ms] [ERROR] Error: <path> attribute d: Expected number, "M 30% 50% C 50% 50%,…". @ http://localhost:3000/_next/static/chunks/0c~n5k-nb05m2.js:0
[     234ms] [ERROR] Error: <path> attribute d: Expected number, "M 30% 50% C 50% 50%,…". @ http://localhost:3000/_next/static/chunks/0c~n5k-nb05m2.js:0
[     234ms] [ERROR] Error: <path> attribute d: Expected number, "M 30% 50% C 50% 50%,…". @ http://localhost:3000/_next/static/chunks/0c~n5k-nb05m2.js:0
[     234ms] [ERROR] Error: <path> attribute d: Expected number, "M 30% 50% C 50% 50%,…". @ http://localhost:3000/_next/static/chunks/0c~n5k-nb05m2.js:0
[     240ms] [ERROR] Error: <path> attribute d: Expected number, "M 30% 50% C 50% 50%,…". @ http://localhost:3000/_next/static/chunks/0c~n5k-nb05m2.js:0
[     240ms] [ERROR] Error: <path> attribute d: Expected number, "M 30% 50% C 50% 50%,…". @ http://localhost:3000/_next/static/chunks/0c~n5k-nb05m2.js:0
[     241ms] [ERROR] Error: <path> attribute d: Expected number, "M 70% 30% L 85% 30%". @ http://localhost:3000/_next/static/chunks/0c~n5k-nb05m2.js:0
[     241ms] [ERROR] Error: <path> attribute d: Expected number, "M 70% 70% L 85% 70%". @ http://localhost:3000/_next/static/chunks/0c~n5k-nb05m2.js:0
[     241ms] [ERROR] Error: <path> attribute d: Expected number, "M 30% 50% C 50% 50%,…". @ http://localhost:3000/_next/static/chunks/0c~n5k-nb05m2.js:0
[     241ms] [ERROR] Error: <path> attribute d: Expected number, "M 30% 50% C 50% 50%,…". @ http://localhost:3000/_next/static/chunks/0c~n5k-nb05m2.js:0
[     241ms] [ERROR] Error: <path> attribute d: Expected number, "M 30% 50% C 50% 50%,…". @ http://localhost:3000/_next/static/chunks/0c~n5k-nb05m2.js:0
[     241ms] [ERROR] Error: <path> attribute d: Expected number, "M 30% 50% C 50% 50%,…". @ http://localhost:3000/_next/static/chunks/0c~n5k-nb05m2.js:0
[     248ms] [ERROR] Error: <path> attribute d: Expected number, "M 30% 50% C 50% 50%,…". @ http://localhost:3000/_next/static/chunks/0c~n5k-nb05m2.js:0
[     248ms] [ERROR] Error: <path> attribute d: Expected number, "M 30% 50% C 50% 50%,…". @ http://localhost:3000/_next/static/chunks/0c~n5k-nb05m2.js:0
[     248ms] [ERROR] Error: <path> attribute d: Expected number, "M 70% 30% L 85% 30%". @ http://localhost:3000/_next/static/chunks/0c~n5k-nb05m2.js:0
[     248ms] [ERROR] Error: <path> attribute d: Expected number, "M 70% 70% L 85% 70%". @ http://localhost:3000/_next/static/chunks/0c~n5k-nb05m2.js:0
[     248ms] [ERROR] Error: <path> attribute d: Expected number, "M 30% 50% C 50% 50%,…". @ http://localhost:3000/_next/static/chunks/0c~n5k-nb05m2.js:0
[     248ms] [ERROR] Error: <path> attribute d: Expected number, "M 30% 50% C 50% 50%,…". @ http://localhost:3000/_next/static/chunks/0c~n5k-nb05m2.js:0
[     248ms] [ERROR] Error: <path> attribute d: Expected number, "M 30% 50% C 50% 50%,…". @ http://localhost:3000/_next/static/chunks/0c~n5k-nb05m2.js:0
[     248ms] [ERROR] Error: <path> attribute d: Expected number, "M 30% 50% C 50% 50%,…". @ http://localhost:3000/_next/static/chunks/0c~n5k-nb05m2.js:0
[     256ms] [ERROR] Error: <path> attribute d: Expected number, "M 30% 50% C 50% 50%,…". @ http://localhost:3000/_next/static/chunks/0c~n5k-nb05m2.js:0
[     256ms] [ERROR] Error: <path> attribute d: Expected number, "M 30% 50% C 50% 50%,…". @ http://localhost:3000/_next/static/chunks/0c~n5k-nb05m2.js:0
[     256ms] [ERROR] Error: <path> attribute d: Expected number, "M 70% 30% L 85% 30%". @ http://localhost:3000/_next/static/chunks/0c~n5k-nb05m2.js:0
[     256ms] [ERROR] Error: <path> attribute d: Expected number, "M 70% 70% L 85% 70%". @ http://localhost:3000/_next/static/chunks/0c~n5k-nb05m2.js:0
[     256ms] [ERROR] Error: <path> attribute d: Expected number, "M 30% 50% C 50% 50%,…". @ http://localhost:3000/_next/static/chunks/0c~n5k-nb05m2.js:0
[     256ms] [ERROR] Error: <path> attribute d: Expected number, "M 30% 50% C 50% 50%,…". @ http://localhost:3000/_next/static/chunks/0c~n5k-nb05m2.js:0
[     256ms] [ERROR] Error: <path> attribute d: Expected number, "M 30% 50% C 50% 50%,…". @ http://localhost:3000/_next/static/chunks/0c~n5k-nb05m2.js:0
[     256ms] [ERROR] Error: <path> attribute d: Expected number, "M 30% 50% C 50% 50%,…". @ http://localhost:3000/_next/static/chunks/0c~n5k-nb05m2.js:0
[     265ms] [ERROR] Error: <path> attribute d: Expected number, "M 30% 50% C 50% 50%,…". @ http://localhost:3000/_next/static/chunks/0c~n5k-nb05m2.js:0
[     265ms] [ERROR] Error: <path> attribute d: Expected number, "M 30% 50% C 50% 50%,…". @ http://localhost:3000/_next/static/chunks/0c~n5k-nb05m2.js:0
[     266ms] [ERROR] Error: <path> attribute d: Expected number, "M 70% 30% L 85% 30%". @ http://localhost:3000/_next/static/chunks/0c~n5k-nb05m2.js:0
[     266ms] [ERROR] Error: <path> attribute d: Expected number, "M 70% 70% L 85% 70%". @ http://localhost:3000/_next/static/chunks/0c~n5k-nb05m2.js:0
[     266ms] [ERROR] Error: <path> attribute d: Expected number, "M 30% 50% C 50% 50%,…". @ http://localhost:3000/_next/static/chunks/0c~n5k-nb05m2.js:0
[     266ms] [ERROR] Error: <path> attribute d: Expected number, "M 30% 50% C 50% 50%,…". @ http://localhost:3000/_next/static/chunks/0c~n5k-nb05m2.js:0
[     266ms] [ERROR] Error: <path> attribute d: Expected number, "M 30% 50% C 50% 50%,…". @ http://localhost:3000/_next/static/chunks/0c~n5k-nb05m2.js:0
[     266ms] [ERROR] Error: <path> attribute d: Expected number, "M 30% 50% C 50% 50%,…". @ http://localhost:3000/_next/static/chunks/0c~n5k-nb05m2.js:0
[     275ms] [ERROR] Error: <path> attribute d: Expected number, "M 30% 50% C 50% 50%,…". @ http://localhost:3000/_next/static/chunks/0c~n5k-nb05m2.js:0
[     275ms] [ERROR] Error: <path> attribute d: Expected number, "M 30% 50% C 50% 50%,…". @ http://localhost:3000/_next/static/chunks/0c~n5k-nb05m2.js:0
[     275ms] [ERROR] Error: <path> attribute d: Expected number, "M 70% 30% L 85% 30%". @ http://localhost:3000/_next/static/chunks/0c~n5k-nb05m2.js:0
[     275ms] [ERROR] Error: <path> attribute d: Expected number, "M 70% 70% L 85% 70%". @ http://localhost:3000/_next/static/chunks/0c~n5k-nb05m2.js:0
[     275ms] [ERROR] Error: <path> attribute d: Expected number, "M 30% 50% C 50% 50%,…". @ http://localhost:3000/_next/static/chunks/0c~n5k-nb05m2.js:0
[     275ms] [ERROR] Error: <path> attribute d: Expected number, "M 30% 50% C 50% 50%,…". @ http://localhost:3000/_next/static/chunks/0c~n5k-nb05m2.js:0
[     275ms] [ERROR] Error: <path> attribute d: Expected number, "M 30% 50% C 50% 50%,…". @ http://localhost:3000/_next/static/chunks/0c~n5k-nb05m2.js:0
[     275ms] [ERROR] Error: <path> attribute d: Expected number, "M 30% 50% C 50% 50%,…". @ http://localhost:3000/_next/static/chunks/0c~n5k-nb05m2.js:0
[     285ms] [ERROR] Error: <path> attribute d: Expected number, "M 30% 50% C 50% 50%,…". @ http://localhost:3000/_next/static/chunks/0c~n5k-nb05m2.js:0
[     285ms] [ERROR] Error: <path> attribute d: Expected number, "M 30% 50% C 50% 50%,…". @ http://localhost:3000/_next/static/chunks/0c~n5k-nb05m2.js:0
[     285ms] [ERROR] Error: <path> attribute d: Expected number, "M 70% 30% L 85% 30%". @ http://localhost:3000/_next/static/chunks/0c~n5k-nb05m2.js:0
[     285ms] [ERROR] Error: <path> attribute d: Expected number, "M 70% 70% L 85% 70%". @ http://localhost:3000/_next/static/chunks/0c~n5k-nb05m2.js:0
[     285ms] [ERROR] Error: <path> attribute d: Expected number, "M 30% 50% C 50% 50%,…". @ http://localhost:3000/_next/static/chunks/0c~n5k-nb05m2.js:0
[     285ms] [ERROR] Error: <path> attribute d: Expected number, "M 30% 50% C 50% 50%,…". @ http://localhost:3000/_next/static/chunks/0c~n5k-nb05m2.js:0
[     285ms] [ERROR] Error: <path> attribute d: Expected number, "M 30% 50% C 50% 50%,…". @ http://localhost:3000/_next/static/chunks/0c~n5k-nb05m2.js:0
[     285ms] [ERROR] Error: <path> attribute d: Expected number, "M 30% 50% C 50% 50%,…". @ http://localhost:3000/_next/static/chunks/0c~n5k-nb05m2.js:0
[   86337ms] [ERROR] Failed to load resource: the server responded with a status of 404 (Not Found) @ http://localhost:3000/_vercel/insights/script.js:0
[   86338ms] [ERROR] Refused to execute script from 'http://localhost:3000/_vercel/insights/script.js' because its MIME type ('text/html') is not executable, and strict MIME type checking is enabled. @ http://localhost:3000/:0
[   86338ms] [ERROR] Failed to load resource: the server responded with a status of 404 (Not Found) @ http://localhost:3000/_vercel/speed-insights/script.js:0
[   86338ms] [ERROR] Refused to execute script from 'http://localhost:3000/_vercel/speed-insights/script.js' because its MIME type ('text/html') is not executable, and strict MIME type checking is enabled. @ http://localhost:3000/:0
[   86344ms] [LOG] [Vercel Web Analytics] Failed to load script from /_vercel/insights/script.js. Be sure to enable Web Analytics for your project and deploy again. See https://vercel.com/docs/analytics/quickstart for more information. @ http://localhost:3000/_next/static/chunks/0n4oga138q.z0.js:0
[   86344ms] [LOG] [Vercel Speed Insights] Failed to load script from /_vercel/speed-insights/script.js. Please check if any content blockers are enabled and try again. @ http://localhost:3000/_next/static/chunks/0n4oga138q.z0.js:0
[   86348ms] [ERROR] Error: <path> attribute d: Expected number, "M 30% 50% C 50% 50%,…". @ http://localhost:3000/_next/static/chunks/0c~n5k-nb05m2.js:0
[   86348ms] [ERROR] Error: <path> attribute d: Expected number, "M 30% 50% C 50% 50%,…". @ http://localhost:3000/_next/static/chunks/0c~n5k-nb05m2.js:0
[   86348ms] [ERROR] Error: <path> attribute d: Expected number, "M 70% 30% L 85% 30%". @ http://localhost:3000/_next/static/chunks/0c~n5k-nb05m2.js:0
[   86348ms] [ERROR] Error: <path> attribute d: Expected number, "M 70% 70% L 85% 70%". @ http://localhost:3000/_next/static/chunks/0c~n5k-nb05m2.js:0
[   86348ms] [ERROR] Error: <path> attribute d: Expected number, "M 30% 50% C 50% 50%,…". @ http://localhost:3000/_next/static/chunks/0c~n5k-nb05m2.js:0
[   86348ms] [ERROR] Error: <path> attribute d: Expected number, "M 30% 50% C 50% 50%,…". @ http://localhost:3000/_next/static/chunks/0c~n5k-nb05m2.js:0
[   86348ms] [ERROR] Error: <path> attribute d: Expected number, "M 30% 50% C 50% 50%,…". @ http://localhost:3000/_next/static/chunks/0c~n5k-nb05m2.js:0
[   86348ms] [ERROR] Error: <path> attribute d: Expected number, "M 30% 50% C 50% 50%,…". @ http://localhost:3000/_next/static/chunks/0c~n5k-nb05m2.js:0
[   86359ms] [ERROR] Error: <path> attribute d: Expected number, "M 30% 50% C 50% 50%,…". @ http://localhost:3000/_next/static/chunks/0c~n5k-nb05m2.js:0
[   86359ms] [ERROR] Error: <path> attribute d: Expected number, "M 30% 50% C 50% 50%,…". @ http://localhost:3000/_next/static/chunks/0c~n5k-nb05m2.js:0
[   86359ms] [ERROR] Error: <path> attribute d: Expected number, "M 70% 30% L 85% 30%". @ http://localhost:3000/_next/static/chunks/0c~n5k-nb05m2.js:0
[   86359ms] [ERROR] Error: <path> attribute d: Expected number, "M 70% 70% L 85% 70%". @ http://localhost:3000/_next/static/chunks/0c~n5k-nb05m2.js:0
[   86359ms] [ERROR] Error: <path> attribute d: Expected number, "M 30% 50% C 50% 50%,…". @ http://localhost:3000/_next/static/chunks/0c~n5k-nb05m2.js:0
[   86360ms] [ERROR] Error: <path> attribute d: Expected number, "M 30% 50% C 50% 50%,…". @ http://localhost:3000/_next/static/chunks/0c~n5k-nb05m2.js:0
[   86360ms] [ERROR] Error: <path> attribute d: Expected number, "M 30% 50% C 50% 50%,…". @ http://localhost:3000/_next/static/chunks/0c~n5k-nb05m2.js:0
[   86360ms] [ERROR] Error: <path> attribute d: Expected number, "M 30% 50% C 50% 50%,…". @ http://localhost:3000/_next/static/chunks/0c~n5k-nb05m2.js:0
[   86369ms] [ERROR] Error: <path> attribute d: Expected number, "M 30% 50% C 50% 50%,…". @ http://localhost:3000/_next/static/chunks/0c~n5k-nb05m2.js:0
[   86369ms] [ERROR] Error: <path> attribute d: Expected number, "M 30% 50% C 50% 50%,…". @ http://localhost:3000/_next/static/chunks/0c~n5k-nb05m2.js:0
[   86369ms] [ERROR] Error: <path> attribute d: Expected number, "M 70% 30% L 85% 30%". @ http://localhost:3000/_next/static/chunks/0c~n5k-nb05m2.js:0
[   86369ms] [ERROR] Error: <path> attribute d: Expected number, "M 70% 70% L 85% 70%". @ http://localhost:3000/_next/static/chunks/0c~n5k-nb05m2.js:0
[   86369ms] [ERROR] Error: <path> attribute d: Expected number, "M 30% 50% C 50% 50%,…". @ http://localhost:3000/_next/static/chunks/0c~n5k-nb05m2.js:0
[   86369ms] [ERROR] Error: <path> attribute d: Expected number, "M 30% 50% C 50% 50%,…". @ http://localhost:3000/_next/static/chunks/0c~n5k-nb05m2.js:0
[   86369ms] [ERROR] Error: <path> attribute d: Expected number, "M 30% 50% C 50% 50%,…". @ http://localhost:3000/_next/static/chunks/0c~n5k-nb05m2.js:0
[   86369ms] [ERROR] Error: <path> attribute d: Expected number, "M 30% 50% C 50% 50%,…". @ http://localhost:3000/_next/static/chunks/0c~n5k-nb05m2.js:0
[   86375ms] [ERROR] Error: <path> attribute d: Expected number, "M 30% 50% C 50% 50%,…". @ http://localhost:3000/_next/static/chunks/0c~n5k-nb05m2.js:0
[   86375ms] [ERROR] Error: <path> attribute d: Expected number, "M 30% 50% C 50% 50%,…". @ http://localhost:3000/_next/static/chunks/0c~n5k-nb05m2.js:0
[   86375ms] [ERROR] Error: <path> attribute d: Expected number, "M 70% 30% L 85% 30%". @ http://localhost:3000/_next/static/chunks/0c~n5k-nb05m2.js:0
[   86375ms] [ERROR] Error: <path> attribute d: Expected number, "M 70% 70% L 85% 70%". @ http://localhost:3000/_next/static/chunks/0c~n5k-nb05m2.js:0
[   86375ms] [ERROR] Error: <path> attribute d: Expected number, "M 30% 50% C 50% 50%,…". @ http://localhost:3000/_next/static/chunks/0c~n5k-nb05m2.js:0
[   86376ms] [ERROR] Error: <path> attribute d: Expected number, "M 30% 50% C 50% 50%,…". @ http://localhost:3000/_next/static/chunks/0c~n5k-nb05m2.js:0
[   86376ms] [ERROR] Error: <path> attribute d: Expected number, "M 30% 50% C 50% 50%,…". @ http://localhost:3000/_next/static/chunks/0c~n5k-nb05m2.js:0
[   86376ms] [ERROR] Error: <path> attribute d: Expected number, "M 30% 50% C 50% 50%,…". @ http://localhost:3000/_next/static/chunks/0c~n5k-nb05m2.js:0
[   86381ms] [ERROR] Error: <path> attribute d: Expected number, "M 30% 50% C 50% 50%,…". @ http://localhost:3000/_next/static/chunks/0c~n5k-nb05m2.js:0
[   86381ms] [ERROR] Error: <path> attribute d: Expected number, "M 30% 50% C 50% 50%,…". @ http://localhost:3000/_next/static/chunks/0c~n5k-nb05m2.js:0
[   86381ms] [ERROR] Error: <path> attribute d: Expected number, "M 70% 30% L 85% 30%". @ http://localhost:3000/_next/static/chunks/0c~n5k-nb05m2.js:0
[   86381ms] [ERROR] Error: <path> attribute d: Expected number, "M 70% 70% L 85% 70%". @ http://localhost:3000/_next/static/chunks/0c~n5k-nb05m2.js:0
[   86381ms] [ERROR] Error: <path> attribute d: Expected number, "M 30% 50% C 50% 50%,…". @ http://localhost:3000/_next/static/chunks/0c~n5k-nb05m2.js:0
[   86381ms] [ERROR] Error: <path> attribute d: Expected number, "M 30% 50% C 50% 50%,…". @ http://localhost:3000/_next/static/chunks/0c~n5k-nb05m2.js:0
[   86382ms] [ERROR] Error: <path> attribute d: Expected number, "M 30% 50% C 50% 50%,…". @ http://localhost:3000/_next/static/chunks/0c~n5k-nb05m2.js:0
[   86382ms] [ERROR] Error: <path> attribute d: Expected number, "M 30% 50% C 50% 50%,…". @ http://localhost:3000/_next/static/chunks/0c~n5k-nb05m2.js:0
[   86389ms] [ERROR] Error: <path> attribute d: Expected number, "M 30% 50% C 50% 50%,…". @ http://localhost:3000/_next/static/chunks/0c~n5k-nb05m2.js:0
[   86389ms] [ERROR] Error: <path> attribute d: Expected number, "M 30% 50% C 50% 50%,…". @ http://localhost:3000/_next/static/chunks/0c~n5k-nb05m2.js:0
[   86389ms] [ERROR] Error: <path> attribute d: Expected number, "M 70% 30% L 85% 30%". @ http://localhost:3000/_next/static/chunks/0c~n5k-nb05m2.js:0
[   86389ms] [ERROR] Error: <path> attribute d: Expected number, "M 70% 70% L 85% 70%". @ http://localhost:3000/_next/static/chunks/0c~n5k-nb05m2.js:0
[   86389ms] [ERROR] Error: <path> attribute d: Expected number, "M 30% 50% C 50% 50%,…". @ http://localhost:3000/_next/static/chunks/0c~n5k-nb05m2.js:0
[   86390ms] [ERROR] Error: <path> attribute d: Expected number, "M 30% 50% C 50% 50%,…". @ http://localhost:3000/_next/static/chunks/0c~n5k-nb05m2.js:0
[   86390ms] [ERROR] Error: <path> attribute d: Expected number, "M 30% 50% C 50% 50%,…". @ http://localhost:3000/_next/static/chunks/0c~n5k-nb05m2.js:0
[   86390ms] [ERROR] Error: <path> attribute d: Expected number, "M 30% 50% C 50% 50%,…". @ http://localhost:3000/_next/static/chunks/0c~n5k-nb05m2.js:0
[   86396ms] [ERROR] Error: <path> attribute d: Expected number, "M 30% 50% C 50% 50%,…". @ http://localhost:3000/_next/static/chunks/0c~n5k-nb05m2.js:0
[   86396ms] [ERROR] Error: <path> attribute d: Expected number, "M 30% 50% C 50% 50%,…". @ http://localhost:3000/_next/static/chunks/0c~n5k-nb05m2.js:0
[   86396ms] [ERROR] Error: <path> attribute d: Expected number, "M 70% 30% L 85% 30%". @ http://localhost:3000/_next/static/chunks/0c~n5k-nb05m2.js:0
[   86396ms] [ERROR] Error: <path> attribute d: Expected number, "M 70% 70% L 85% 70%". @ http://localhost:3000/_next/static/chunks/0c~n5k-nb05m2.js:0
[   86396ms] [ERROR] Error: <path> attribute d: Expected number, "M 30% 50% C 50% 50%,…". @ http://localhost:3000/_next/static/chunks/0c~n5k-nb05m2.js:0
[   86396ms] [ERROR] Error: <path> attribute d: Expected number, "M 30% 50% C 50% 50%,…". @ http://localhost:3000/_next/static/chunks/0c~n5k-nb05m2.js:0
[   86396ms] [ERROR] Error: <path> attribute d: Expected number, "M 30% 50% C 50% 50%,…". @ http://localhost:3000/_next/static/chunks/0c~n5k-nb05m2.js:0
[   86396ms] [ERROR] Error: <path> attribute d: Expected number, "M 30% 50% C 50% 50%,…". @ http://localhost:3000/_next/static/chunks/0c~n5k-nb05m2.js:0
[   86403ms] [ERROR] Error: <path> attribute d: Expected number, "M 30% 50% C 50% 50%,…". @ http://localhost:3000/_next/static/chunks/0c~n5k-nb05m2.js:0
[   86403ms] [ERROR] Error: <path> attribute d: Expected number, "M 30% 50% C 50% 50%,…". @ http://localhost:3000/_next/static/chunks/0c~n5k-nb05m2.js:0
[   86403ms] [ERROR] Error: <path> attribute d: Expected number, "M 70% 30% L 85% 30%". @ http://localhost:3000/_next/static/chunks/0c~n5k-nb05m2.js:0
[   86403ms] [ERROR] Error: <path> attribute d: Expected number, "M 70% 70% L 85% 70%". @ http://localhost:3000/_next/static/chunks/0c~n5k-nb05m2.js:0
[   86403ms] [ERROR] Error: <path> attribute d: Expected number, "M 30% 50% C 50% 50%,…". @ http://localhost:3000/_next/static/chunks/0c~n5k-nb05m2.js:0
[   86403ms] [ERROR] Error: <path> attribute d: Expected number, "M 30% 50% C 50% 50%,…". @ http://localhost:3000/_next/static/chunks/0c~n5k-nb05m2.js:0
[   86403ms] [ERROR] Error: <path> attribute d: Expected number, "M 30% 50% C 50% 50%,…". @ http://localhost:3000/_next/static/chunks/0c~n5k-nb05m2.js:0
[   86403ms] [ERROR] Error: <path> attribute d: Expected number, "M 30% 50% C 50% 50%,…". @ http://localhost:3000/_next/static/chunks/0c~n5k-nb05m2.js:0
[   86413ms] [ERROR] Error: <path> attribute d: Expected number, "M 30% 50% C 50% 50%,…". @ http://localhost:3000/_next/static/chunks/0c~n5k-nb05m2.js:0
[   86413ms] [ERROR] Error: <path> attribute d: Expected number, "M 30% 50% C 50% 50%,…". @ http://localhost:3000/_next/static/chunks/0c~n5k-nb05m2.js:0
[   86414ms] [ERROR] Error: <path> attribute d: Expected number, "M 70% 30% L 85% 30%". @ http://localhost:3000/_next/static/chunks/0c~n5k-nb05m2.js:0
[   86414ms] [ERROR] Error: <path> attribute d: Expected number, "M 70% 70% L 85% 70%". @ http://localhost:3000/_next/static/chunks/0c~n5k-nb05m2.js:0
[   86414ms] [ERROR] Error: <path> attribute d: Expected number, "M 30% 50% C 50% 50%,…". @ http://localhost:3000/_next/static/chunks/0c~n5k-nb05m2.js:0
[   86414ms] [ERROR] Error: <path> attribute d: Expected number, "M 30% 50% C 50% 50%,…". @ http://localhost:3000/_next/static/chunks/0c~n5k-nb05m2.js:0
[   86414ms] [ERROR] Error: <path> attribute d: Expected number, "M 30% 50% C 50% 50%,…". @ http://localhost:3000/_next/static/chunks/0c~n5k-nb05m2.js:0
[   86414ms] [ERROR] Error: <path> attribute d: Expected number, "M 30% 50% C 50% 50%,…". @ http://localhost:3000/_next/static/chunks/0c~n5k-nb05m2.js:0
[   86421ms] [ERROR] Error: <path> attribute d: Expected number, "M 30% 50% C 50% 50%,…". @ http://localhost:3000/_next/static/chunks/0c~n5k-nb05m2.js:0
[   86421ms] [ERROR] Error: <path> attribute d: Expected number, "M 30% 50% C 50% 50%,…". @ http://localhost:3000/_next/static/chunks/0c~n5k-nb05m2.js:0
[   86421ms] [ERROR] Error: <path> attribute d: Expected number, "M 70% 30% L 85% 30%". @ http://localhost:3000/_next/static/chunks/0c~n5k-nb05m2.js:0
[   86421ms] [ERROR] Error: <path> attribute d: Expected number, "M 70% 70% L 85% 70%". @ http://localhost:3000/_next/static/chunks/0c~n5k-nb05m2.js:0
[   86421ms] [ERROR] Error: <path> attribute d: Expected number, "M 30% 50% C 50% 50%,…". @ http://localhost:3000/_next/static/chunks/0c~n5k-nb05m2.js:0
[   86421ms] [ERROR] Error: <path> attribute d: Expected number, "M 30% 50% C 50% 50%,…". @ http://localhost:3000/_next/static/chunks/0c~n5k-nb05m2.js:0
[   86421ms] [ERROR] Error: <path> attribute d: Expected number, "M 30% 50% C 50% 50%,…". @ http://localhost:3000/_next/static/chunks/0c~n5k-nb05m2.js:0
[   86421ms] [ERROR] Error: <path> attribute d: Expected number, "M 30% 50% C 50% 50%,…". @ http://localhost:3000/_next/static/chunks/0c~n5k-nb05m2.js:0
[   86427ms] [ERROR] Error: <path> attribute d: Expected number, "M 30% 50% C 50% 50%,…". @ http://localhost:3000/_next/static/chunks/0c~n5k-nb05m2.js:0
[   86427ms] [ERROR] Error: <path> attribute d: Expected number, "M 30% 50% C 50% 50%,…". @ http://localhost:3000/_next/static/chunks/0c~n5k-nb05m2.js:0
[   86427ms] [ERROR] Error: <path> attribute d: Expected number, "M 70% 30% L 85% 30%". @ http://localhost:3000/_next/static/chunks/0c~n5k-nb05m2.js:0
[   86427ms] [ERROR] Error: <path> attribute d: Expected number, "M 70% 70% L 85% 70%". @ http://localhost:3000/_next/static/chunks/0c~n5k-nb05m2.js:0
[   86427ms] [ERROR] Error: <path> attribute d: Expected number, "M 30% 50% C 50% 50%,…". @ http://localhost:3000/_next/static/chunks/0c~n5k-nb05m2.js:0
[   86427ms] [ERROR] Error: <path> attribute d: Expected number, "M 30% 50% C 50% 50%,…". @ http://localhost:3000/_next/static/chunks/0c~n5k-nb05m2.js:0
[   86427ms] [ERROR] Error: <path> attribute d: Expected number, "M 30% 50% C 50% 50%,…". @ http://localhost:3000/_next/static/chunks/0c~n5k-nb05m2.js:0
[   86427ms] [ERROR] Error: <path> attribute d: Expected number, "M 30% 50% C 50% 50%,…". @ http://localhost:3000/_next/static/chunks/0c~n5k-nb05m2.js:0
[   86435ms] [ERROR] Error: <path> attribute d: Expected number, "M 30% 50% C 50% 50%,…". @ http://localhost:3000/_next/static/chunks/0c~n5k-nb05m2.js:0
[   86435ms] [ERROR] Error: <path> attribute d: Expected number, "M 30% 50% C 50% 50%,…". @ http://localhost:3000/_next/static/chunks/0c~n5k-nb05m2.js:0
[   86435ms] [ERROR] Error: <path> attribute d: Expected number, "M 70% 30% L 85% 30%". @ http://localhost:3000/_next/static/chunks/0c~n5k-nb05m2.js:0
[   86435ms] [ERROR] Error: <path> attribute d: Expected number, "M 70% 70% L 85% 70%". @ http://localhost:3000/_next/static/chunks/0c~n5k-nb05m2.js:0
[   86435ms] [ERROR] Error: <path> attribute d: Expected number, "M 30% 50% C 50% 50%,…". @ http://localhost:3000/_next/static/chunks/0c~n5k-nb05m2.js:0
[   86435ms] [ERROR] Error: <path> attribute d: Expected number, "M 30% 50% C 50% 50%,…". @ http://localhost:3000/_next/static/chunks/0c~n5k-nb05m2.js:0
[   86435ms] [ERROR] Error: <path> attribute d: Expected number, "M 30% 50% C 50% 50%,…". @ http://localhost:3000/_next/static/chunks/0c~n5k-nb05m2.js:0
[   86435ms] [ERROR] Error: <path> attribute d: Expected number, "M 30% 50% C 50% 50%,…". @ http://localhost:3000/_next/static/chunks/0c~n5k-nb05m2.js:0
[   86441ms] [ERROR] Error: <path> attribute d: Expected number, "M 30% 50% C 50% 50%,…". @ http://localhost:3000/_next/static/chunks/0c~n5k-nb05m2.js:0
[   86441ms] [ERROR] Error: <path> attribute d: Expected number, "M 30% 50% C 50% 50%,…". @ http://localhost:3000/_next/static/chunks/0c~n5k-nb05m2.js:0
[   86441ms] [ERROR] Error: <path> attribute d: Expected number, "M 70% 30% L 85% 30%". @ http://localhost:3000/_next/static/chunks/0c~n5k-nb05m2.js:0
[   86442ms] [ERROR] Error: <path> attribute d: Expected number, "M 70% 70% L 85% 70%". @ http://localhost:3000/_next/static/chunks/0c~n5k-nb05m2.js:0
[   86442ms] [ERROR] Error: <path> attribute d: Expected number, "M 30% 50% C 50% 50%,…". @ http://localhost:3000/_next/static/chunks/0c~n5k-nb05m2.js:0
[   86442ms] [ERROR] Error: <path> attribute d: Expected number, "M 30% 50% C 50% 50%,…". @ http://localhost:3000/_next/static/chunks/0c~n5k-nb05m2.js:0
[   86442ms] [ERROR] Error: <path> attribute d: Expected number, "M 30% 50% C 50% 50%,…". @ http://localhost:3000/_next/static/chunks/0c~n5k-nb05m2.js:0
[   86442ms] [ERROR] Error: <path> attribute d: Expected number, "M 30% 50% C 50% 50%,…". @ http://localhost:3000/_next/static/chunks/0c~n5k-nb05m2.js:0
[   86448ms] [ERROR] Error: <path> attribute d: Expected number, "M 30% 50% C 50% 50%,…". @ http://localhost:3000/_next/static/chunks/0c~n5k-nb05m2.js:0
[   86448ms] [ERROR] Error: <path> attribute d: Expected number, "M 30% 50% C 50% 50%,…". @ http://localhost:3000/_next/static/chunks/0c~n5k-nb05m2.js:0
[   86448ms] [ERROR] Error: <path> attribute d: Expected number, "M 70% 30% L 85% 30%". @ http://localhost:3000/_next/static/chunks/0c~n5k-nb05m2.js:0
[   86448ms] [ERROR] Error: <path> attribute d: Expected number, "M 70% 70% L 85% 70%". @ http://localhost:3000/_next/static/chunks/0c~n5k-nb05m2.js:0
[   86448ms] [ERROR] Error: <path> attribute d: Expected number, "M 30% 50% C 50% 50%,…". @ http://localhost:3000/_next/static/chunks/0c~n5k-nb05m2.js:0
[   86448ms] [ERROR] Error: <path> attribute d: Expected number, "M 30% 50% C 50% 50%,…". @ http://localhost:3000/_next/static/chunks/0c~n5k-nb05m2.js:0
[   86448ms] [ERROR] Error: <path> attribute d: Expected number, "M 30% 50% C 50% 50%,…". @ http://localhost:3000/_next/static/chunks/0c~n5k-nb05m2.js:0
[   86448ms] [ERROR] Error: <path> attribute d: Expected number, "M 30% 50% C 50% 50%,…". @ http://localhost:3000/_next/static/chunks/0c~n5k-nb05m2.js:0
[   86456ms] [ERROR] Error: <path> attribute d: Expected number, "M 30% 50% C 50% 50%,…". @ http://localhost:3000/_next/static/chunks/0c~n5k-nb05m2.js:0
[   86456ms] [ERROR] Error: <path> attribute d: Expected number, "M 30% 50% C 50% 50%,…". @ http://localhost:3000/_next/static/chunks/0c~n5k-nb05m2.js:0
[   86456ms] [ERROR] Error: <path> attribute d: Expected number, "M 70% 30% L 85% 30%". @ http://localhost:3000/_next/static/chunks/0c~n5k-nb05m2.js:0
[   86456ms] [ERROR] Error: <path> attribute d: Expected number, "M 70% 70% L 85% 70%". @ http://localhost:3000/_next/static/chunks/0c~n5k-nb05m2.js:0
[   86456ms] [ERROR] Error: <path> attribute d: Expected number, "M 30% 50% C 50% 50%,…". @ http://localhost:3000/_next/static/chunks/0c~n5k-nb05m2.js:0
[   86456ms] [ERROR] Error: <path> attribute d: Expected number, "M 30% 50% C 50% 50%,…". @ http://localhost:3000/_next/static/chunks/0c~n5k-nb05m2.js:0
[   86456ms] [ERROR] Error: <path> attribute d: Expected number, "M 30% 50% C 50% 50%,…". @ http://localhost:3000/_next/static/chunks/0c~n5k-nb05m2.js:0
[   86456ms] [ERROR] Error: <path> attribute d: Expected number, "M 30% 50% C 50% 50%,…". @ http://localhost:3000/_next/static/chunks/0c~n5k-nb05m2.js:0
[   86471ms] [ERROR] Error: <path> attribute d: Expected number, "M 30% 50% C 50% 50%,…". @ http://localhost:3000/_next/static/chunks/0c~n5k-nb05m2.js:0
[   86471ms] [ERROR] Error: <path> attribute d: Expected number, "M 30% 50% C 50% 50%,…". @ http://localhost:3000/_next/static/chunks/0c~n5k-nb05m2.js:0
[   86471ms] [ERROR] Error: <path> attribute d: Expected number, "M 70% 30% L 85% 30%". @ http://localhost:3000/_next/static/chunks/0c~n5k-nb05m2.js:0
[   86471ms] [ERROR] Error: <path> attribute d: Expected number, "M 70% 70% L 85% 70%". @ http://localhost:3000/_next/static/chunks/0c~n5k-nb05m2.js:0
[   86471ms] [ERROR] Error: <path> attribute d: Expected number, "M 30% 50% C 50% 50%,…". @ http://localhost:3000/_next/static/chunks/0c~n5k-nb05m2.js:0
[   86471ms] [ERROR] Error: <path> attribute d: Expected number, "M 30% 50% C 50% 50%,…". @ http://localhost:3000/_next/static/chunks/0c~n5k-nb05m2.js:0
[   86471ms] [ERROR] Error: <path> attribute d: Expected number, "M 30% 50% C 50% 50%,…". @ http://localhost:3000/_next/static/chunks/0c~n5k-nb05m2.js:0
[   86471ms] [ERROR] Error: <path> attribute d: Expected number, "M 30% 50% C 50% 50%,…". @ http://localhost:3000/_next/static/chunks/0c~n5k-nb05m2.js:0
[   86477ms] [ERROR] Error: <path> attribute d: Expected number, "M 30% 50% C 50% 50%,…". @ http://localhost:3000/_next/static/chunks/0c~n5k-nb05m2.js:0
[   86478ms] [ERROR] Error: <path> attribute d: Expected number, "M 30% 50% C 50% 50%,…". @ http://localhost:3000/_next/static/chunks/0c~n5k-nb05m2.js:0
[   86478ms] [ERROR] Error: <path> attribute d: Expected number, "M 70% 30% L 85% 30%". @ http://localhost:3000/_next/static/chunks/0c~n5k-nb05m2.js:0
[   86478ms] [ERROR] Error: <path> attribute d: Expected number, "M 70% 70% L 85% 70%". @ http://localhost:3000/_next/static/chunks/0c~n5k-nb05m2.js:0
[   86478ms] [ERROR] Error: <path> attribute d: Expected number, "M 30% 50% C 50% 50%,…". @ http://localhost:3000/_next/static/chunks/0c~n5k-nb05m2.js:0
[   86478ms] [ERROR] Error: <path> attribute d: Expected number, "M 30% 50% C 50% 50%,…". @ http://localhost:3000/_next/static/chunks/0c~n5k-nb05m2.js:0
[   86478ms] [ERROR] Error: <path> attribute d: Expected number, "M 30% 50% C 50% 50%,…". @ http://localhost:3000/_next/static/chunks/0c~n5k-nb05m2.js:0
[   86478ms] [ERROR] Error: <path> attribute d: Expected number, "M 30% 50% C 50% 50%,…". @ http://localhost:3000/_next/static/chunks/0c~n5k-nb05m2.js:0
[   86485ms] [ERROR] Error: <path> attribute d: Expected number, "M 30% 50% C 50% 50%,…". @ http://localhost:3000/_next/static/chunks/0c~n5k-nb05m2.js:0
[   86485ms] [ERROR] Error: <path> attribute d: Expected number, "M 30% 50% C 50% 50%,…". @ http://localhost:3000/_next/static/chunks/0c~n5k-nb05m2.js:0
[   86485ms] [ERROR] Error: <path> attribute d: Expected number, "M 70% 30% L 85% 30%". @ http://localhost:3000/_next/static/chunks/0c~n5k-nb05m2.js:0
[   86485ms] [ERROR] Error: <path> attribute d: Expected number, "M 70% 70% L 85% 70%". @ http://localhost:3000/_next/static/chunks/0c~n5k-nb05m2.js:0
[   86485ms] [ERROR] Error: <path> attribute d: Expected number, "M 30% 50% C 50% 50%,…". @ http://localhost:3000/_next/static/chunks/0c~n5k-nb05m2.js:0
[   86485ms] [ERROR] Error: <path> attribute d: Expected number, "M 30% 50% C 50% 50%,…". @ http://localhost:3000/_next/static/chunks/0c~n5k-nb05m2.js:0
[   86485ms] [ERROR] Error: <path> attribute d: Expected number, "M 30% 50% C 50% 50%,…". @ http://localhost:3000/_next/static/chunks/0c~n5k-nb05m2.js:0
[   86485ms] [ERROR] Error: <path> attribute d: Expected number, "M 30% 50% C 50% 50%,…". @ http://localhost:3000/_next/static/chunks/0c~n5k-nb05m2.js:0
