[     121ms] [ERROR] Failed to load resource: the server responded with a status of 404 (Not Found) @ http://localhost:3000/_vercel/insights/script.js:0
[     121ms] [ERROR] Refused to execute script from 'http://localhost:3000/_vercel/insights/script.js' because its MIME type ('text/html') is not executable, and strict MIME type checking is enabled. @ http://localhost:3000/work:0
[     121ms] [ERROR] Failed to load resource: the server responded with a status of 404 (Not Found) @ http://localhost:3000/_vercel/speed-insights/script.js:0
[     121ms] [ERROR] Refused to execute script from 'http://localhost:3000/_vercel/speed-insights/script.js' because its MIME type ('text/html') is not executable, and strict MIME type checking is enabled. @ http://localhost:3000/work:0
[     134ms] [LOG] [Vercel Web Analytics] Failed to load script from /_vercel/insights/script.js. Be sure to enable Web Analytics for your project and deploy again. See https://vercel.com/docs/analytics/quickstart for more information. @ http://localhost:3000/_next/static/chunks/0gvzpurwuaw7c.js:0
[     134ms] [LOG] [Vercel Speed Insights] Failed to load script from /_vercel/speed-insights/script.js. Please check if any content blockers are enabled and try again. @ http://localhost:3000/_next/static/chunks/0gvzpurwuaw7c.js:0
[     137ms] [ERROR] Error: <path> attribute d: Expected number, "M 30% 50% C 50% 50%,…". @ http://localhost:3000/_next/static/chunks/0c~n5k-nb05m2.js:0
[     137ms] [ERROR] Error: <path> attribute d: Expected number, "M 30% 50% C 50% 50%,…". @ http://localhost:3000/_next/static/chunks/0c~n5k-nb05m2.js:0
[     137ms] [ERROR] Error: <path> attribute d: Expected number, "M 70% 30% L 85% 30%". @ http://localhost:3000/_next/static/chunks/0c~n5k-nb05m2.js:0
[     138ms] [ERROR] Error: <path> attribute d: Expected number, "M 70% 70% L 85% 70%". @ http://localhost:3000/_next/static/chunks/0c~n5k-nb05m2.js:0
[     138ms] [ERROR] Error: <path> attribute d: Expected number, "M 30% 50% C 50% 50%,…". @ http://localhost:3000/_next/static/chunks/0c~n5k-nb05m2.js:0
[     138ms] [ERROR] Error: <path> attribute d: Expected number, "M 30% 50% C 50% 50%,…". @ http://localhost:3000/_next/static/chunks/0c~n5k-nb05m2.js:0
[     138ms] [ERROR] Error: <path> attribute d: Expected number, "M 30% 50% C 50% 50%,…". @ http://localhost:3000/_next/static/chunks/0c~n5k-nb05m2.js:0
[     138ms] [ERROR] Error: <path> attribute d: Expected number, "M 30% 50% C 50% 50%,…". @ http://localhost:3000/_next/static/chunks/0c~n5k-nb05m2.js:0
[     147ms] [ERROR] Error: <path> attribute d: Expected number, "M 30% 50% C 50% 50%,…". @ http://localhost:3000/_next/static/chunks/0c~n5k-nb05m2.js:0
[     147ms] [ERROR] Error: <path> attribute d: Expected number, "M 30% 50% C 50% 50%,…". @ http://localhost:3000/_next/static/chunks/0c~n5k-nb05m2.js:0
[     148ms] [ERROR] Error: <path> attribute d: Expected number, "M 70% 30% L 85% 30%". @ http://localhost:3000/_next/static/chunks/0c~n5k-nb05m2.js:0
[     148ms] [ERROR] Error: <path> attribute d: Expected number, "M 70% 70% L 85% 70%". @ http://localhost:3000/_next/static/chunks/0c~n5k-nb05m2.js:0
[     148ms] [ERROR] Error: <path> attribute d: Expected number, "M 30% 50% C 50% 50%,…". @ http://localhost:3000/_next/static/chunks/0c~n5k-nb05m2.js:0
[     148ms] [ERROR] Error: <path> attribute d: Expected number, "M 30% 50% C 50% 50%,…". @ http://localhost:3000/_next/static/chunks/0c~n5k-nb05m2.js:0
[     148ms] [ERROR] Error: <path> attribute d: Expected number, "M 30% 50% C 50% 50%,…". @ http://localhost:3000/_next/static/chunks/0c~n5k-nb05m2.js:0
[     148ms] [ERROR] Error: <path> attribute d: Expected number, "M 30% 50% C 50% 50%,…". @ http://localhost:3000/_next/static/chunks/0c~n5k-nb05m2.js:0
[     152ms] [ERROR] Error: <path> attribute d: Expected number, "M 30% 50% C 50% 50%,…". @ http://localhost:3000/_next/static/chunks/0c~n5k-nb05m2.js:0
[     153ms] [ERROR] Error: <path> attribute d: Expected number, "M 30% 50% C 50% 50%,…". @ http://localhost:3000/_next/static/chunks/0c~n5k-nb05m2.js:0
[     153ms] [ERROR] Error: <path> attribute d: Expected number, "M 70% 30% L 85% 30%". @ http://localhost:3000/_next/static/chunks/0c~n5k-nb05m2.js:0
[     153ms] [ERROR] Error: <path> attribute d: Expected number, "M 70% 70% L 85% 70%". @ http://localhost:3000/_next/static/chunks/0c~n5k-nb05m2.js:0
[     153ms] [ERROR] Error: <path> attribute d: Expected number, "M 30% 50% C 50% 50%,…". @ http://localhost:3000/_next/static/chunks/0c~n5k-nb05m2.js:0
[     153ms] [ERROR] Error: <path> attribute d: Expected number, "M 30% 50% C 50% 50%,…". @ http://localhost:3000/_next/static/chunks/0c~n5k-nb05m2.js:0
[     153ms] [ERROR] Error: <path> attribute d: Expected number, "M 30% 50% C 50% 50%,…". @ http://localhost:3000/_next/static/chunks/0c~n5k-nb05m2.js:0
[     153ms] [ERROR] Error: <path> attribute d: Expected number, "M 30% 50% C 50% 50%,…". @ http://localhost:3000/_next/static/chunks/0c~n5k-nb05m2.js:0
[     157ms] [ERROR] Error: <path> attribute d: Expected number, "M 30% 50% C 50% 50%,…". @ http://localhost:3000/_next/static/chunks/0c~n5k-nb05m2.js:0
[     158ms] [ERROR] Error: <path> attribute d: Expected number, "M 30% 50% C 50% 50%,…". @ http://localhost:3000/_next/static/chunks/0c~n5k-nb05m2.js:0
[     158ms] [ERROR] Error: <path> attribute d: Expected number, "M 70% 30% L 85% 30%". @ http://localhost:3000/_next/static/chunks/0c~n5k-nb05m2.js:0
[     158ms] [ERROR] Error: <path> attribute d: Expected number, "M 70% 70% L 85% 70%". @ http://localhost:3000/_next/static/chunks/0c~n5k-nb05m2.js:0
[     158ms] [ERROR] Error: <path> attribute d: Expected number, "M 30% 50% C 50% 50%,…". @ http://localhost:3000/_next/static/chunks/0c~n5k-nb05m2.js:0
[     158ms] [ERROR] Error: <path> attribute d: Expected number, "M 30% 50% C 50% 50%,…". @ http://localhost:3000/_next/static/chunks/0c~n5k-nb05m2.js:0
[     158ms] [ERROR] Error: <path> attribute d: Expected number, "M 30% 50% C 50% 50%,…". @ http://localhost:3000/_next/static/chunks/0c~n5k-nb05m2.js:0
[     158ms] [ERROR] Error: <path> attribute d: Expected number, "M 30% 50% C 50% 50%,…". @ http://localhost:3000/_next/static/chunks/0c~n5k-nb05m2.js:0
[     162ms] [ERROR] Error: <path> attribute d: Expected number, "M 30% 50% C 50% 50%,…". @ http://localhost:3000/_next/static/chunks/0c~n5k-nb05m2.js:0
[     162ms] [ERROR] Error: <path> attribute d: Expected number, "M 30% 50% C 50% 50%,…". @ http://localhost:3000/_next/static/chunks/0c~n5k-nb05m2.js:0
[     162ms] [ERROR] Error: <path> attribute d: Expected number, "M 70% 30% L 85% 30%". @ http://localhost:3000/_next/static/chunks/0c~n5k-nb05m2.js:0
[     162ms] [ERROR] Error: <path> attribute d: Expected number, "M 70% 70% L 85% 70%". @ http://localhost:3000/_next/static/chunks/0c~n5k-nb05m2.js:0
[     162ms] [ERROR] Error: <path> attribute d: Expected number, "M 30% 50% C 50% 50%,…". @ http://localhost:3000/_next/static/chunks/0c~n5k-nb05m2.js:0
[     162ms] [ERROR] Error: <path> attribute d: Expected number, "M 30% 50% C 50% 50%,…". @ http://localhost:3000/_next/static/chunks/0c~n5k-nb05m2.js:0
[     163ms] [ERROR] Error: <path> attribute d: Expected number, "M 30% 50% C 50% 50%,…". @ http://localhost:3000/_next/static/chunks/0c~n5k-nb05m2.js:0
[     163ms] [ERROR] Error: <path> attribute d: Expected number, "M 30% 50% C 50% 50%,…". @ http://localhost:3000/_next/static/chunks/0c~n5k-nb05m2.js:0
[     167ms] [ERROR] Error: <path> attribute d: Expected number, "M 30% 50% C 50% 50%,…". @ http://localhost:3000/_next/static/chunks/0c~n5k-nb05m2.js:0
[     167ms] [ERROR] Error: <path> attribute d: Expected number, "M 30% 50% C 50% 50%,…". @ http://localhost:3000/_next/static/chunks/0c~n5k-nb05m2.js:0
[     167ms] [ERROR] Error: <path> attribute d: Expected number, "M 70% 30% L 85% 30%". @ http://localhost:3000/_next/static/chunks/0c~n5k-nb05m2.js:0
[     167ms] [ERROR] Error: <path> attribute d: Expected number, "M 70% 70% L 85% 70%". @ http://localhost:3000/_next/static/chunks/0c~n5k-nb05m2.js:0
[     167ms] [ERROR] Error: <path> attribute d: Expected number, "M 30% 50% C 50% 50%,…". @ http://localhost:3000/_next/static/chunks/0c~n5k-nb05m2.js:0
[     167ms] [ERROR] Error: <path> attribute d: Expected number, "M 30% 50% C 50% 50%,…". @ http://localhost:3000/_next/static/chunks/0c~n5k-nb05m2.js:0
[     167ms] [ERROR] Error: <path> attribute d: Expected number, "M 30% 50% C 50% 50%,…". @ http://localhost:3000/_next/static/chunks/0c~n5k-nb05m2.js:0
[     167ms] [ERROR] Error: <path> attribute d: Expected number, "M 30% 50% C 50% 50%,…". @ http://localhost:3000/_next/static/chunks/0c~n5k-nb05m2.js:0
[     170ms] [ERROR] Error: <path> attribute d: Expected number, "M 30% 50% C 50% 50%,…". @ http://localhost:3000/_next/static/chunks/0c~n5k-nb05m2.js:0
[     171ms] [ERROR] Error: <path> attribute d: Expected number, "M 30% 50% C 50% 50%,…". @ http://localhost:3000/_next/static/chunks/0c~n5k-nb05m2.js:0
[     171ms] [ERROR] Error: <path> attribute d: Expected number, "M 70% 30% L 85% 30%". @ http://localhost:3000/_next/static/chunks/0c~n5k-nb05m2.js:0
[     171ms] [ERROR] Error: <path> attribute d: Expected number, "M 70% 70% L 85% 70%". @ http://localhost:3000/_next/static/chunks/0c~n5k-nb05m2.js:0
[     171ms] [ERROR] Error: <path> attribute d: Expected number, "M 30% 50% C 50% 50%,…". @ http://localhost:3000/_next/static/chunks/0c~n5k-nb05m2.js:0
[     171ms] [ERROR] Error: <path> attribute d: Expected number, "M 30% 50% C 50% 50%,…". @ http://localhost:3000/_next/static/chunks/0c~n5k-nb05m2.js:0
[     171ms] [ERROR] Error: <path> attribute d: Expected number, "M 30% 50% C 50% 50%,…". @ http://localhost:3000/_next/static/chunks/0c~n5k-nb05m2.js:0
[     171ms] [ERROR] Error: <path> attribute d: Expected number, "M 30% 50% C 50% 50%,…". @ http://localhost:3000/_next/static/chunks/0c~n5k-nb05m2.js:0
[     174ms] [ERROR] Error: <path> attribute d: Expected number, "M 30% 50% C 50% 50%,…". @ http://localhost:3000/_next/static/chunks/0c~n5k-nb05m2.js:0
[     174ms] [ERROR] Error: <path> attribute d: Expected number, "M 30% 50% C 50% 50%,…". @ http://localhost:3000/_next/static/chunks/0c~n5k-nb05m2.js:0
[     174ms] [ERROR] Error: <path> attribute d: Expected number, "M 70% 30% L 85% 30%". @ http://localhost:3000/_next/static/chunks/0c~n5k-nb05m2.js:0
[     174ms] [ERROR] Error: <path> attribute d: Expected number, "M 70% 70% L 85% 70%". @ http://localhost:3000/_next/static/chunks/0c~n5k-nb05m2.js:0
[     174ms] [ERROR] Error: <path> attribute d: Expected number, "M 30% 50% C 50% 50%,…". @ http://localhost:3000/_next/static/chunks/0c~n5k-nb05m2.js:0
[     174ms] [ERROR] Error: <path> attribute d: Expected number, "M 30% 50% C 50% 50%,…". @ http://localhost:3000/_next/static/chunks/0c~n5k-nb05m2.js:0
[     174ms] [ERROR] Error: <path> attribute d: Expected number, "M 30% 50% C 50% 50%,…". @ http://localhost:3000/_next/static/chunks/0c~n5k-nb05m2.js:0
[     174ms] [ERROR] Error: <path> attribute d: Expected number, "M 30% 50% C 50% 50%,…". @ http://localhost:3000/_next/static/chunks/0c~n5k-nb05m2.js:0
[     177ms] [ERROR] Error: <path> attribute d: Expected number, "M 30% 50% C 50% 50%,…". @ http://localhost:3000/_next/static/chunks/0c~n5k-nb05m2.js:0
[     177ms] [ERROR] Error: <path> attribute d: Expected number, "M 30% 50% C 50% 50%,…". @ http://localhost:3000/_next/static/chunks/0c~n5k-nb05m2.js:0
[     177ms] [ERROR] Error: <path> attribute d: Expected number, "M 70% 30% L 85% 30%". @ http://localhost:3000/_next/static/chunks/0c~n5k-nb05m2.js:0
[     178ms] [ERROR] Error: <path> attribute d: Expected number, "M 70% 70% L 85% 70%". @ http://localhost:3000/_next/static/chunks/0c~n5k-nb05m2.js:0
[     178ms] [ERROR] Error: <path> attribute d: Expected number, "M 30% 50% C 50% 50%,…". @ http://localhost:3000/_next/static/chunks/0c~n5k-nb05m2.js:0
[     178ms] [ERROR] Error: <path> attribute d: Expected number, "M 30% 50% C 50% 50%,…". @ http://localhost:3000/_next/static/chunks/0c~n5k-nb05m2.js:0
[     178ms] [ERROR] Error: <path> attribute d: Expected number, "M 30% 50% C 50% 50%,…". @ http://localhost:3000/_next/static/chunks/0c~n5k-nb05m2.js:0
[     178ms] [ERROR] Error: <path> attribute d: Expected number, "M 30% 50% C 50% 50%,…". @ http://localhost:3000/_next/static/chunks/0c~n5k-nb05m2.js:0
[     182ms] [ERROR] Error: <path> attribute d: Expected number, "M 30% 50% C 50% 50%,…". @ http://localhost:3000/_next/static/chunks/0c~n5k-nb05m2.js:0
[     182ms] [ERROR] Error: <path> attribute d: Expected number, "M 30% 50% C 50% 50%,…". @ http://localhost:3000/_next/static/chunks/0c~n5k-nb05m2.js:0
[     182ms] [ERROR] Error: <path> attribute d: Expected number, "M 70% 30% L 85% 30%". @ http://localhost:3000/_next/static/chunks/0c~n5k-nb05m2.js:0
[     182ms] [ERROR] Error: <path> attribute d: Expected number, "M 70% 70% L 85% 70%". @ http://localhost:3000/_next/static/chunks/0c~n5k-nb05m2.js:0
[     182ms] [ERROR] Error: <path> attribute d: Expected number, "M 30% 50% C 50% 50%,…". @ http://localhost:3000/_next/static/chunks/0c~n5k-nb05m2.js:0
[     182ms] [ERROR] Error: <path> attribute d: Expected number, "M 30% 50% C 50% 50%,…". @ http://localhost:3000/_next/static/chunks/0c~n5k-nb05m2.js:0
[     182ms] [ERROR] Error: <path> attribute d: Expected number, "M 30% 50% C 50% 50%,…". @ http://localhost:3000/_next/static/chunks/0c~n5k-nb05m2.js:0
[     183ms] [ERROR] Error: <path> attribute d: Expected number, "M 30% 50% C 50% 50%,…". @ http://localhost:3000/_next/static/chunks/0c~n5k-nb05m2.js:0
[     186ms] [ERROR] Error: <path> attribute d: Expected number, "M 30% 50% C 50% 50%,…". @ http://localhost:3000/_next/static/chunks/0c~n5k-nb05m2.js:0
[     186ms] [ERROR] Error: <path> attribute d: Expected number, "M 30% 50% C 50% 50%,…". @ http://localhost:3000/_next/static/chunks/0c~n5k-nb05m2.js:0
[     186ms] [ERROR] Error: <path> attribute d: Expected number, "M 70% 30% L 85% 30%". @ http://localhost:3000/_next/static/chunks/0c~n5k-nb05m2.js:0
[     186ms] [ERROR] Error: <path> attribute d: Expected number, "M 70% 70% L 85% 70%". @ http://localhost:3000/_next/static/chunks/0c~n5k-nb05m2.js:0
[     186ms] [ERROR] Error: <path> attribute d: Expected number, "M 30% 50% C 50% 50%,…". @ http://localhost:3000/_next/static/chunks/0c~n5k-nb05m2.js:0
[     186ms] [ERROR] Error: <path> attribute d: Expected number, "M 30% 50% C 50% 50%,…". @ http://localhost:3000/_next/static/chunks/0c~n5k-nb05m2.js:0
[     186ms] [ERROR] Error: <path> attribute d: Expected number, "M 30% 50% C 50% 50%,…". @ http://localhost:3000/_next/static/chunks/0c~n5k-nb05m2.js:0
[     186ms] [ERROR] Error: <path> attribute d: Expected number, "M 30% 50% C 50% 50%,…". @ http://localhost:3000/_next/static/chunks/0c~n5k-nb05m2.js:0
[     190ms] [ERROR] Error: <path> attribute d: Expected number, "M 30% 50% C 50% 50%,…". @ http://localhost:3000/_next/static/chunks/0c~n5k-nb05m2.js:0
[     190ms] [ERROR] Error: <path> attribute d: Expected number, "M 30% 50% C 50% 50%,…". @ http://localhost:3000/_next/static/chunks/0c~n5k-nb05m2.js:0
[     190ms] [ERROR] Error: <path> attribute d: Expected number, "M 70% 30% L 85% 30%". @ http://localhost:3000/_next/static/chunks/0c~n5k-nb05m2.js:0
[     190ms] [ERROR] Error: <path> attribute d: Expected number, "M 70% 70% L 85% 70%". @ http://localhost:3000/_next/static/chunks/0c~n5k-nb05m2.js:0
[     190ms] [ERROR] Error: <path> attribute d: Expected number, "M 30% 50% C 50% 50%,…". @ http://localhost:3000/_next/static/chunks/0c~n5k-nb05m2.js:0
[     190ms] [ERROR] Error: <path> attribute d: Expected number, "M 30% 50% C 50% 50%,…". @ http://localhost:3000/_next/static/chunks/0c~n5k-nb05m2.js:0
[     190ms] [ERROR] Error: <path> attribute d: Expected number, "M 30% 50% C 50% 50%,…". @ http://localhost:3000/_next/static/chunks/0c~n5k-nb05m2.js:0
[     190ms] [ERROR] Error: <path> attribute d: Expected number, "M 30% 50% C 50% 50%,…". @ http://localhost:3000/_next/static/chunks/0c~n5k-nb05m2.js:0
[     193ms] [ERROR] Error: <path> attribute d: Expected number, "M 30% 50% C 50% 50%,…". @ http://localhost:3000/_next/static/chunks/0c~n5k-nb05m2.js:0
[     193ms] [ERROR] Error: <path> attribute d: Expected number, "M 30% 50% C 50% 50%,…". @ http://localhost:3000/_next/static/chunks/0c~n5k-nb05m2.js:0
[     193ms] [ERROR] Error: <path> attribute d: Expected number, "M 70% 30% L 85% 30%". @ http://localhost:3000/_next/static/chunks/0c~n5k-nb05m2.js:0
[     193ms] [ERROR] Error: <path> attribute d: Expected number, "M 70% 70% L 85% 70%". @ http://localhost:3000/_next/static/chunks/0c~n5k-nb05m2.js:0
[     193ms] [ERROR] Error: <path> attribute d: Expected number, "M 30% 50% C 50% 50%,…". @ http://localhost:3000/_next/static/chunks/0c~n5k-nb05m2.js:0
[     193ms] [ERROR] Error: <path> attribute d: Expected number, "M 30% 50% C 50% 50%,…". @ http://localhost:3000/_next/static/chunks/0c~n5k-nb05m2.js:0
[     193ms] [ERROR] Error: <path> attribute d: Expected number, "M 30% 50% C 50% 50%,…". @ http://localhost:3000/_next/static/chunks/0c~n5k-nb05m2.js:0
[     193ms] [ERROR] Error: <path> attribute d: Expected number, "M 30% 50% C 50% 50%,…". @ http://localhost:3000/_next/static/chunks/0c~n5k-nb05m2.js:0
[     197ms] [ERROR] Error: <path> attribute d: Expected number, "M 30% 50% C 50% 50%,…". @ http://localhost:3000/_next/static/chunks/0c~n5k-nb05m2.js:0
[     197ms] [ERROR] Error: <path> attribute d: Expected number, "M 30% 50% C 50% 50%,…". @ http://localhost:3000/_next/static/chunks/0c~n5k-nb05m2.js:0
[     197ms] [ERROR] Error: <path> attribute d: Expected number, "M 70% 30% L 85% 30%". @ http://localhost:3000/_next/static/chunks/0c~n5k-nb05m2.js:0
[     197ms] [ERROR] Error: <path> attribute d: Expected number, "M 70% 70% L 85% 70%". @ http://localhost:3000/_next/static/chunks/0c~n5k-nb05m2.js:0
[     197ms] [ERROR] Error: <path> attribute d: Expected number, "M 30% 50% C 50% 50%,…". @ http://localhost:3000/_next/static/chunks/0c~n5k-nb05m2.js:0
[     197ms] [ERROR] Error: <path> attribute d: Expected number, "M 30% 50% C 50% 50%,…". @ http://localhost:3000/_next/static/chunks/0c~n5k-nb05m2.js:0
[     197ms] [ERROR] Error: <path> attribute d: Expected number, "M 30% 50% C 50% 50%,…". @ http://localhost:3000/_next/static/chunks/0c~n5k-nb05m2.js:0
[     197ms] [ERROR] Error: <path> attribute d: Expected number, "M 30% 50% C 50% 50%,…". @ http://localhost:3000/_next/static/chunks/0c~n5k-nb05m2.js:0
[     202ms] [ERROR] Error: <path> attribute d: Expected number, "M 30% 50% C 50% 50%,…". @ http://localhost:3000/_next/static/chunks/0c~n5k-nb05m2.js:0
[     203ms] [ERROR] Error: <path> attribute d: Expected number, "M 30% 50% C 50% 50%,…". @ http://localhost:3000/_next/static/chunks/0c~n5k-nb05m2.js:0
[     203ms] [ERROR] Error: <path> attribute d: Expected number, "M 70% 30% L 85% 30%". @ http://localhost:3000/_next/static/chunks/0c~n5k-nb05m2.js:0
[     203ms] [ERROR] Error: <path> attribute d: Expected number, "M 70% 70% L 85% 70%". @ http://localhost:3000/_next/static/chunks/0c~n5k-nb05m2.js:0
[     203ms] [ERROR] Error: <path> attribute d: Expected number, "M 30% 50% C 50% 50%,…". @ http://localhost:3000/_next/static/chunks/0c~n5k-nb05m2.js:0
[     203ms] [ERROR] Error: <path> attribute d: Expected number, "M 30% 50% C 50% 50%,…". @ http://localhost:3000/_next/static/chunks/0c~n5k-nb05m2.js:0
[     203ms] [ERROR] Error: <path> attribute d: Expected number, "M 30% 50% C 50% 50%,…". @ http://localhost:3000/_next/static/chunks/0c~n5k-nb05m2.js:0
[     203ms] [ERROR] Error: <path> attribute d: Expected number, "M 30% 50% C 50% 50%,…". @ http://localhost:3000/_next/static/chunks/0c~n5k-nb05m2.js:0
[     206ms] [ERROR] Error: <path> attribute d: Expected number, "M 30% 50% C 50% 50%,…". @ http://localhost:3000/_next/static/chunks/0c~n5k-nb05m2.js:0
[     206ms] [ERROR] Error: <path> attribute d: Expected number, "M 30% 50% C 50% 50%,…". @ http://localhost:3000/_next/static/chunks/0c~n5k-nb05m2.js:0
[     206ms] [ERROR] Error: <path> attribute d: Expected number, "M 70% 30% L 85% 30%". @ http://localhost:3000/_next/static/chunks/0c~n5k-nb05m2.js:0
[     206ms] [ERROR] Error: <path> attribute d: Expected number, "M 70% 70% L 85% 70%". @ http://localhost:3000/_next/static/chunks/0c~n5k-nb05m2.js:0
[     206ms] [ERROR] Error: <path> attribute d: Expected number, "M 30% 50% C 50% 50%,…". @ http://localhost:3000/_next/static/chunks/0c~n5k-nb05m2.js:0
[     206ms] [ERROR] Error: <path> attribute d: Expected number, "M 30% 50% C 50% 50%,…". @ http://localhost:3000/_next/static/chunks/0c~n5k-nb05m2.js:0
[     207ms] [ERROR] Error: <path> attribute d: Expected number, "M 30% 50% C 50% 50%,…". @ http://localhost:3000/_next/static/chunks/0c~n5k-nb05m2.js:0
[     207ms] [ERROR] Error: <path> attribute d: Expected number, "M 30% 50% C 50% 50%,…". @ http://localhost:3000/_next/static/chunks/0c~n5k-nb05m2.js:0
[     209ms] [ERROR] Error: <path> attribute d: Expected number, "M 30% 50% C 50% 50%,…". @ http://localhost:3000/_next/static/chunks/0c~n5k-nb05m2.js:0
[     209ms] [ERROR] Error: <path> attribute d: Expected number, "M 30% 50% C 50% 50%,…". @ http://localhost:3000/_next/static/chunks/0c~n5k-nb05m2.js:0
[     209ms] [ERROR] Error: <path> attribute d: Expected number, "M 70% 30% L 85% 30%". @ http://localhost:3000/_next/static/chunks/0c~n5k-nb05m2.js:0
[     209ms] [ERROR] Error: <path> attribute d: Expected number, "M 70% 70% L 85% 70%". @ http://localhost:3000/_next/static/chunks/0c~n5k-nb05m2.js:0
[     209ms] [ERROR] Error: <path> attribute d: Expected number, "M 30% 50% C 50% 50%,…". @ http://localhost:3000/_next/static/chunks/0c~n5k-nb05m2.js:0
[     209ms] [ERROR] Error: <path> attribute d: Expected number, "M 30% 50% C 50% 50%,…". @ http://localhost:3000/_next/static/chunks/0c~n5k-nb05m2.js:0
[     209ms] [ERROR] Error: <path> attribute d: Expected number, "M 30% 50% C 50% 50%,…". @ http://localhost:3000/_next/static/chunks/0c~n5k-nb05m2.js:0
[     209ms] [ERROR] Error: <path> attribute d: Expected number, "M 30% 50% C 50% 50%,…". @ http://localhost:3000/_next/static/chunks/0c~n5k-nb05m2.js:0
[     212ms] [ERROR] Error: <path> attribute d: Expected number, "M 30% 50% C 50% 50%,…". @ http://localhost:3000/_next/static/chunks/0c~n5k-nb05m2.js:0
[     212ms] [ERROR] Error: <path> attribute d: Expected number, "M 30% 50% C 50% 50%,…". @ http://localhost:3000/_next/static/chunks/0c~n5k-nb05m2.js:0
[     212ms] [ERROR] Error: <path> attribute d: Expected number, "M 70% 30% L 85% 30%". @ http://localhost:3000/_next/static/chunks/0c~n5k-nb05m2.js:0
[     212ms] [ERROR] Error: <path> attribute d: Expected number, "M 70% 70% L 85% 70%". @ http://localhost:3000/_next/static/chunks/0c~n5k-nb05m2.js:0
[     212ms] [ERROR] Error: <path> attribute d: Expected number, "M 30% 50% C 50% 50%,…". @ http://localhost:3000/_next/static/chunks/0c~n5k-nb05m2.js:0
[     212ms] [ERROR] Error: <path> attribute d: Expected number, "M 30% 50% C 50% 50%,…". @ http://localhost:3000/_next/static/chunks/0c~n5k-nb05m2.js:0
[     212ms] [ERROR] Error: <path> attribute d: Expected number, "M 30% 50% C 50% 50%,…". @ http://localhost:3000/_next/static/chunks/0c~n5k-nb05m2.js:0
[     213ms] [ERROR] Error: <path> attribute d: Expected number, "M 30% 50% C 50% 50%,…". @ http://localhost:3000/_next/static/chunks/0c~n5k-nb05m2.js:0
[     215ms] [ERROR] Error: <path> attribute d: Expected number, "M 30% 50% C 50% 50%,…". @ http://localhost:3000/_next/static/chunks/0c~n5k-nb05m2.js:0
[     215ms] [ERROR] Error: <path> attribute d: Expected number, "M 30% 50% C 50% 50%,…". @ http://localhost:3000/_next/static/chunks/0c~n5k-nb05m2.js:0
[     215ms] [ERROR] Error: <path> attribute d: Expected number, "M 70% 30% L 85% 30%". @ http://localhost:3000/_next/static/chunks/0c~n5k-nb05m2.js:0
[     215ms] [ERROR] Error: <path> attribute d: Expected number, "M 70% 70% L 85% 70%". @ http://localhost:3000/_next/static/chunks/0c~n5k-nb05m2.js:0
[     215ms] [ERROR] Error: <path> attribute d: Expected number, "M 30% 50% C 50% 50%,…". @ http://localhost:3000/_next/static/chunks/0c~n5k-nb05m2.js:0
[     215ms] [ERROR] Error: <path> attribute d: Expected number, "M 30% 50% C 50% 50%,…". @ http://localhost:3000/_next/static/chunks/0c~n5k-nb05m2.js:0
[     215ms] [ERROR] Error: <path> attribute d: Expected number, "M 30% 50% C 50% 50%,…". @ http://localhost:3000/_next/static/chunks/0c~n5k-nb05m2.js:0
[     215ms] [ERROR] Error: <path> attribute d: Expected number, "M 30% 50% C 50% 50%,…". @ http://localhost:3000/_next/static/chunks/0c~n5k-nb05m2.js:0
[     218ms] [ERROR] Error: <path> attribute d: Expected number, "M 30% 50% C 50% 50%,…". @ http://localhost:3000/_next/static/chunks/0c~n5k-nb05m2.js:0
[     218ms] [ERROR] Error: <path> attribute d: Expected number, "M 30% 50% C 50% 50%,…". @ http://localhost:3000/_next/static/chunks/0c~n5k-nb05m2.js:0
[     218ms] [ERROR] Error: <path> attribute d: Expected number, "M 70% 30% L 85% 30%". @ http://localhost:3000/_next/static/chunks/0c~n5k-nb05m2.js:0
[     218ms] [ERROR] Error: <path> attribute d: Expected number, "M 70% 70% L 85% 70%". @ http://localhost:3000/_next/static/chunks/0c~n5k-nb05m2.js:0
[     218ms] [ERROR] Error: <path> attribute d: Expected number, "M 30% 50% C 50% 50%,…". @ http://localhost:3000/_next/static/chunks/0c~n5k-nb05m2.js:0
[     218ms] [ERROR] Error: <path> attribute d: Expected number, "M 30% 50% C 50% 50%,…". @ http://localhost:3000/_next/static/chunks/0c~n5k-nb05m2.js:0
[     218ms] [ERROR] Error: <path> attribute d: Expected number, "M 30% 50% C 50% 50%,…". @ http://localhost:3000/_next/static/chunks/0c~n5k-nb05m2.js:0
[     218ms] [ERROR] Error: <path> attribute d: Expected number, "M 30% 50% C 50% 50%,…". @ http://localhost:3000/_next/static/chunks/0c~n5k-nb05m2.js:0
[     223ms] [ERROR] Error: <path> attribute d: Expected number, "M 30% 50% C 50% 50%,…". @ http://localhost:3000/_next/static/chunks/0c~n5k-nb05m2.js:0
[     224ms] [ERROR] Error: <path> attribute d: Expected number, "M 30% 50% C 50% 50%,…". @ http://localhost:3000/_next/static/chunks/0c~n5k-nb05m2.js:0
[     224ms] [ERROR] Error: <path> attribute d: Expected number, "M 70% 30% L 85% 30%". @ http://localhost:3000/_next/static/chunks/0c~n5k-nb05m2.js:0
[     224ms] [ERROR] Error: <path> attribute d: Expected number, "M 70% 70% L 85% 70%". @ http://localhost:3000/_next/static/chunks/0c~n5k-nb05m2.js:0
[     224ms] [ERROR] Error: <path> attribute d: Expected number, "M 30% 50% C 50% 50%,…". @ http://localhost:3000/_next/static/chunks/0c~n5k-nb05m2.js:0
[     224ms] [ERROR] Error: <path> attribute d: Expected number, "M 30% 50% C 50% 50%,…". @ http://localhost:3000/_next/static/chunks/0c~n5k-nb05m2.js:0
[     224ms] [ERROR] Error: <path> attribute d: Expected number, "M 30% 50% C 50% 50%,…". @ http://localhost:3000/_next/static/chunks/0c~n5k-nb05m2.js:0
[     224ms] [ERROR] Error: <path> attribute d: Expected number, "M 30% 50% C 50% 50%,…". @ http://localhost:3000/_next/static/chunks/0c~n5k-nb05m2.js:0
[     228ms] [ERROR] Error: <path> attribute d: Expected number, "M 30% 50% C 50% 50%,…". @ http://localhost:3000/_next/static/chunks/0c~n5k-nb05m2.js:0
[     228ms] [ERROR] Error: <path> attribute d: Expected number, "M 30% 50% C 50% 50%,…". @ http://localhost:3000/_next/static/chunks/0c~n5k-nb05m2.js:0
[     228ms] [ERROR] Error: <path> attribute d: Expected number, "M 70% 30% L 85% 30%". @ http://localhost:3000/_next/static/chunks/0c~n5k-nb05m2.js:0
[     228ms] [ERROR] Error: <path> attribute d: Expected number, "M 70% 70% L 85% 70%". @ http://localhost:3000/_next/static/chunks/0c~n5k-nb05m2.js:0
[     229ms] [ERROR] Error: <path> attribute d: Expected number, "M 30% 50% C 50% 50%,…". @ http://localhost:3000/_next/static/chunks/0c~n5k-nb05m2.js:0
[     229ms] [ERROR] Error: <path> attribute d: Expected number, "M 30% 50% C 50% 50%,…". @ http://localhost:3000/_next/static/chunks/0c~n5k-nb05m2.js:0
[     229ms] [ERROR] Error: <path> attribute d: Expected number, "M 30% 50% C 50% 50%,…". @ http://localhost:3000/_next/static/chunks/0c~n5k-nb05m2.js:0
[     229ms] [ERROR] Error: <path> attribute d: Expected number, "M 30% 50% C 50% 50%,…". @ http://localhost:3000/_next/static/chunks/0c~n5k-nb05m2.js:0
[     231ms] [ERROR] Error: <path> attribute d: Expected number, "M 30% 50% C 50% 50%,…". @ http://localhost:3000/_next/static/chunks/0c~n5k-nb05m2.js:0
[     231ms] [ERROR] Error: <path> attribute d: Expected number, "M 30% 50% C 50% 50%,…". @ http://localhost:3000/_next/static/chunks/0c~n5k-nb05m2.js:0
[     231ms] [ERROR] Error: <path> attribute d: Expected number, "M 70% 30% L 85% 30%". @ http://localhost:3000/_next/static/chunks/0c~n5k-nb05m2.js:0
[     231ms] [ERROR] Error: <path> attribute d: Expected number, "M 70% 70% L 85% 70%". @ http://localhost:3000/_next/static/chunks/0c~n5k-nb05m2.js:0
[     231ms] [ERROR] Error: <path> attribute d: Expected number, "M 30% 50% C 50% 50%,…". @ http://localhost:3000/_next/static/chunks/0c~n5k-nb05m2.js:0
[     231ms] [ERROR] Error: <path> attribute d: Expected number, "M 30% 50% C 50% 50%,…". @ http://localhost:3000/_next/static/chunks/0c~n5k-nb05m2.js:0
[     231ms] [ERROR] Error: <path> attribute d: Expected number, "M 30% 50% C 50% 50%,…". @ http://localhost:3000/_next/static/chunks/0c~n5k-nb05m2.js:0
[     231ms] [ERROR] Error: <path> attribute d: Expected number, "M 30% 50% C 50% 50%,…". @ http://localhost:3000/_next/static/chunks/0c~n5k-nb05m2.js:0
[     234ms] [ERROR] Error: <path> attribute d: Expected number, "M 30% 50% C 50% 50%,…". @ http://localhost:3000/_next/static/chunks/0c~n5k-nb05m2.js:0
[     234ms] [ERROR] Error: <path> attribute d: Expected number, "M 30% 50% C 50% 50%,…". @ http://localhost:3000/_next/static/chunks/0c~n5k-nb05m2.js:0
[     234ms] [ERROR] Error: <path> attribute d: Expected number, "M 70% 30% L 85% 30%". @ http://localhost:3000/_next/static/chunks/0c~n5k-nb05m2.js:0
[     234ms] [ERROR] Error: <path> attribute d: Expected number, "M 70% 70% L 85% 70%". @ http://localhost:3000/_next/static/chunks/0c~n5k-nb05m2.js:0
[     234ms] [ERROR] Error: <path> attribute d: Expected number, "M 30% 50% C 50% 50%,…". @ http://localhost:3000/_next/static/chunks/0c~n5k-nb05m2.js:0
[     234ms] [ERROR] Error: <path> attribute d: Expected number, "M 30% 50% C 50% 50%,…". @ http://localhost:3000/_next/static/chunks/0c~n5k-nb05m2.js:0
[     234ms] [ERROR] Error: <path> attribute d: Expected number, "M 30% 50% C 50% 50%,…". @ http://localhost:3000/_next/static/chunks/0c~n5k-nb05m2.js:0
[     234ms] [ERROR] Error: <path> attribute d: Expected number, "M 30% 50% C 50% 50%,…". @ http://localhost:3000/_next/static/chunks/0c~n5k-nb05m2.js:0
[     236ms] [ERROR] Error: <path> attribute d: Expected number, "M 30% 50% C 50% 50%,…". @ http://localhost:3000/_next/static/chunks/0c~n5k-nb05m2.js:0
[     236ms] [ERROR] Error: <path> attribute d: Expected number, "M 30% 50% C 50% 50%,…". @ http://localhost:3000/_next/static/chunks/0c~n5k-nb05m2.js:0
[     236ms] [ERROR] Error: <path> attribute d: Expected number, "M 70% 30% L 85% 30%". @ http://localhost:3000/_next/static/chunks/0c~n5k-nb05m2.js:0
[     236ms] [ERROR] Error: <path> attribute d: Expected number, "M 70% 70% L 85% 70%". @ http://localhost:3000/_next/static/chunks/0c~n5k-nb05m2.js:0
[     236ms] [ERROR] Error: <path> attribute d: Expected number, "M 30% 50% C 50% 50%,…". @ http://localhost:3000/_next/static/chunks/0c~n5k-nb05m2.js:0
[     236ms] [ERROR] Error: <path> attribute d: Expected number, "M 30% 50% C 50% 50%,…". @ http://localhost:3000/_next/static/chunks/0c~n5k-nb05m2.js:0
[     236ms] [ERROR] Error: <path> attribute d: Expected number, "M 30% 50% C 50% 50%,…". @ http://localhost:3000/_next/static/chunks/0c~n5k-nb05m2.js:0
[     237ms] [ERROR] Error: <path> attribute d: Expected number, "M 30% 50% C 50% 50%,…". @ http://localhost:3000/_next/static/chunks/0c~n5k-nb05m2.js:0
[     240ms] [ERROR] Error: <path> attribute d: Expected number, "M 30% 50% C 50% 50%,…". @ http://localhost:3000/_next/static/chunks/0c~n5k-nb05m2.js:0
[     240ms] [ERROR] Error: <path> attribute d: Expected number, "M 30% 50% C 50% 50%,…". @ http://localhost:3000/_next/static/chunks/0c~n5k-nb05m2.js:0
[     240ms] [ERROR] Error: <path> attribute d: Expected number, "M 70% 30% L 85% 30%". @ http://localhost:3000/_next/static/chunks/0c~n5k-nb05m2.js:0
[     240ms] [ERROR] Error: <path> attribute d: Expected number, "M 70% 70% L 85% 70%". @ http://localhost:3000/_next/static/chunks/0c~n5k-nb05m2.js:0
[     240ms] [ERROR] Error: <path> attribute d: Expected number, "M 30% 50% C 50% 50%,…". @ http://localhost:3000/_next/static/chunks/0c~n5k-nb05m2.js:0
[     240ms] [ERROR] Error: <path> attribute d: Expected number, "M 30% 50% C 50% 50%,…". @ http://localhost:3000/_next/static/chunks/0c~n5k-nb05m2.js:0
[     240ms] [ERROR] Error: <path> attribute d: Expected number, "M 30% 50% C 50% 50%,…". @ http://localhost:3000/_next/static/chunks/0c~n5k-nb05m2.js:0
[     240ms] [ERROR] Error: <path> attribute d: Expected number, "M 30% 50% C 50% 50%,…". @ http://localhost:3000/_next/static/chunks/0c~n5k-nb05m2.js:0
[     243ms] [ERROR] Error: <path> attribute d: Expected number, "M 30% 50% C 50% 50%,…". @ http://localhost:3000/_next/static/chunks/0c~n5k-nb05m2.js:0
[     243ms] [ERROR] Error: <path> attribute d: Expected number, "M 30% 50% C 50% 50%,…". @ http://localhost:3000/_next/static/chunks/0c~n5k-nb05m2.js:0
[     243ms] [ERROR] Error: <path> attribute d: Expected number, "M 70% 30% L 85% 30%". @ http://localhost:3000/_next/static/chunks/0c~n5k-nb05m2.js:0
[     243ms] [ERROR] Error: <path> attribute d: Expected number, "M 70% 70% L 85% 70%". @ http://localhost:3000/_next/static/chunks/0c~n5k-nb05m2.js:0
[     243ms] [ERROR] Error: <path> attribute d: Expected number, "M 30% 50% C 50% 50%,…". @ http://localhost:3000/_next/static/chunks/0c~n5k-nb05m2.js:0
[     243ms] [ERROR] Error: <path> attribute d: Expected number, "M 30% 50% C 50% 50%,…". @ http://localhost:3000/_next/static/chunks/0c~n5k-nb05m2.js:0
[     243ms] [ERROR] Error: <path> attribute d: Expected number, "M 30% 50% C 50% 50%,…". @ http://localhost:3000/_next/static/chunks/0c~n5k-nb05m2.js:0
[     244ms] [ERROR] Error: <path> attribute d: Expected number, "M 30% 50% C 50% 50%,…". @ http://localhost:3000/_next/static/chunks/0c~n5k-nb05m2.js:0
[     247ms] [ERROR] Error: <path> attribute d: Expected number, "M 30% 50% C 50% 50%,…". @ http://localhost:3000/_next/static/chunks/0c~n5k-nb05m2.js:0
[     247ms] [ERROR] Error: <path> attribute d: Expected number, "M 30% 50% C 50% 50%,…". @ http://localhost:3000/_next/static/chunks/0c~n5k-nb05m2.js:0
[     247ms] [ERROR] Error: <path> attribute d: Expected number, "M 70% 30% L 85% 30%". @ http://localhost:3000/_next/static/chunks/0c~n5k-nb05m2.js:0
[     247ms] [ERROR] Error: <path> attribute d: Expected number, "M 70% 70% L 85% 70%". @ http://localhost:3000/_next/static/chunks/0c~n5k-nb05m2.js:0
[     247ms] [ERROR] Error: <path> attribute d: Expected number, "M 30% 50% C 50% 50%,…". @ http://localhost:3000/_next/static/chunks/0c~n5k-nb05m2.js:0
[     247ms] [ERROR] Error: <path> attribute d: Expected number, "M 30% 50% C 50% 50%,…". @ http://localhost:3000/_next/static/chunks/0c~n5k-nb05m2.js:0
[     247ms] [ERROR] Error: <path> attribute d: Expected number, "M 30% 50% C 50% 50%,…". @ http://localhost:3000/_next/static/chunks/0c~n5k-nb05m2.js:0
[     247ms] [ERROR] Error: <path> attribute d: Expected number, "M 30% 50% C 50% 50%,…". @ http://localhost:3000/_next/static/chunks/0c~n5k-nb05m2.js:0
[     250ms] [ERROR] Error: <path> attribute d: Expected number, "M 30% 50% C 50% 50%,…". @ http://localhost:3000/_next/static/chunks/0c~n5k-nb05m2.js:0
[     250ms] [ERROR] Error: <path> attribute d: Expected number, "M 30% 50% C 50% 50%,…". @ http://localhost:3000/_next/static/chunks/0c~n5k-nb05m2.js:0
[     250ms] [ERROR] Error: <path> attribute d: Expected number, "M 70% 30% L 85% 30%". @ http://localhost:3000/_next/static/chunks/0c~n5k-nb05m2.js:0
[     250ms] [ERROR] Error: <path> attribute d: Expected number, "M 70% 70% L 85% 70%". @ http://localhost:3000/_next/static/chunks/0c~n5k-nb05m2.js:0
[     250ms] [ERROR] Error: <path> attribute d: Expected number, "M 30% 50% C 50% 50%,…". @ http://localhost:3000/_next/static/chunks/0c~n5k-nb05m2.js:0
[     250ms] [ERROR] Error: <path> attribute d: Expected number, "M 30% 50% C 50% 50%,…". @ http://localhost:3000/_next/static/chunks/0c~n5k-nb05m2.js:0
[     250ms] [ERROR] Error: <path> attribute d: Expected number, "M 30% 50% C 50% 50%,…". @ http://localhost:3000/_next/static/chunks/0c~n5k-nb05m2.js:0
[     250ms] [ERROR] Error: <path> attribute d: Expected number, "M 30% 50% C 50% 50%,…". @ http://localhost:3000/_next/static/chunks/0c~n5k-nb05m2.js:0
[     253ms] [ERROR] Error: <path> attribute d: Expected number, "M 30% 50% C 50% 50%,…". @ http://localhost:3000/_next/static/chunks/0c~n5k-nb05m2.js:0
[     253ms] [ERROR] Error: <path> attribute d: Expected number, "M 30% 50% C 50% 50%,…". @ http://localhost:3000/_next/static/chunks/0c~n5k-nb05m2.js:0
[     253ms] [ERROR] Error: <path> attribute d: Expected number, "M 70% 30% L 85% 30%". @ http://localhost:3000/_next/static/chunks/0c~n5k-nb05m2.js:0
[     253ms] [ERROR] Error: <path> attribute d: Expected number, "M 70% 70% L 85% 70%". @ http://localhost:3000/_next/static/chunks/0c~n5k-nb05m2.js:0
[     253ms] [ERROR] Error: <path> attribute d: Expected number, "M 30% 50% C 50% 50%,…". @ http://localhost:3000/_next/static/chunks/0c~n5k-nb05m2.js:0
[     253ms] [ERROR] Error: <path> attribute d: Expected number, "M 30% 50% C 50% 50%,…". @ http://localhost:3000/_next/static/chunks/0c~n5k-nb05m2.js:0
[     253ms] [ERROR] Error: <path> attribute d: Expected number, "M 30% 50% C 50% 50%,…". @ http://localhost:3000/_next/static/chunks/0c~n5k-nb05m2.js:0
[     253ms] [ERROR] Error: <path> attribute d: Expected number, "M 30% 50% C 50% 50%,…". @ http://localhost:3000/_next/static/chunks/0c~n5k-nb05m2.js:0
[     256ms] [ERROR] Error: <path> attribute d: Expected number, "M 30% 50% C 50% 50%,…". @ http://localhost:3000/_next/static/chunks/0c~n5k-nb05m2.js:0
[     256ms] [ERROR] Error: <path> attribute d: Expected number, "M 30% 50% C 50% 50%,…". @ http://localhost:3000/_next/static/chunks/0c~n5k-nb05m2.js:0
[     256ms] [ERROR] Error: <path> attribute d: Expected number, "M 70% 30% L 85% 30%". @ http://localhost:3000/_next/static/chunks/0c~n5k-nb05m2.js:0
[     256ms] [ERROR] Error: <path> attribute d: Expected number, "M 70% 70% L 85% 70%". @ http://localhost:3000/_next/static/chunks/0c~n5k-nb05m2.js:0
[     256ms] [ERROR] Error: <path> attribute d: Expected number, "M 30% 50% C 50% 50%,…". @ http://localhost:3000/_next/static/chunks/0c~n5k-nb05m2.js:0
[     256ms] [ERROR] Error: <path> attribute d: Expected number, "M 30% 50% C 50% 50%,…". @ http://localhost:3000/_next/static/chunks/0c~n5k-nb05m2.js:0
[     256ms] [ERROR] Error: <path> attribute d: Expected number, "M 30% 50% C 50% 50%,…". @ http://localhost:3000/_next/static/chunks/0c~n5k-nb05m2.js:0
[     256ms] [ERROR] Error: <path> attribute d: Expected number, "M 30% 50% C 50% 50%,…". @ http://localhost:3000/_next/static/chunks/0c~n5k-nb05m2.js:0
[     259ms] [ERROR] Error: <path> attribute d: Expected number, "M 30% 50% C 50% 50%,…". @ http://localhost:3000/_next/static/chunks/0c~n5k-nb05m2.js:0
[     259ms] [ERROR] Error: <path> attribute d: Expected number, "M 30% 50% C 50% 50%,…". @ http://localhost:3000/_next/static/chunks/0c~n5k-nb05m2.js:0
[     259ms] [ERROR] Error: <path> attribute d: Expected number, "M 70% 30% L 85% 30%". @ http://localhost:3000/_next/static/chunks/0c~n5k-nb05m2.js:0
[     259ms] [ERROR] Error: <path> attribute d: Expected number, "M 70% 70% L 85% 70%". @ http://localhost:3000/_next/static/chunks/0c~n5k-nb05m2.js:0
[     260ms] [ERROR] Error: <path> attribute d: Expected number, "M 30% 50% C 50% 50%,…". @ http://localhost:3000/_next/static/chunks/0c~n5k-nb05m2.js:0
[     260ms] [ERROR] Error: <path> attribute d: Expected number, "M 30% 50% C 50% 50%,…". @ http://localhost:3000/_next/static/chunks/0c~n5k-nb05m2.js:0
[     260ms] [ERROR] Error: <path> attribute d: Expected number, "M 30% 50% C 50% 50%,…". @ http://localhost:3000/_next/static/chunks/0c~n5k-nb05m2.js:0
[     260ms] [ERROR] Error: <path> attribute d: Expected number, "M 30% 50% C 50% 50%,…". @ http://localhost:3000/_next/static/chunks/0c~n5k-nb05m2.js:0
[     263ms] [ERROR] Error: <path> attribute d: Expected number, "M 30% 50% C 50% 50%,…". @ http://localhost:3000/_next/static/chunks/0c~n5k-nb05m2.js:0
[     263ms] [ERROR] Error: <path> attribute d: Expected number, "M 30% 50% C 50% 50%,…". @ http://localhost:3000/_next/static/chunks/0c~n5k-nb05m2.js:0
[     263ms] [ERROR] Error: <path> attribute d: Expected number, "M 70% 30% L 85% 30%". @ http://localhost:3000/_next/static/chunks/0c~n5k-nb05m2.js:0
[     263ms] [ERROR] Error: <path> attribute d: Expected number, "M 70% 70% L 85% 70%". @ http://localhost:3000/_next/static/chunks/0c~n5k-nb05m2.js:0
[     263ms] [ERROR] Error: <path> attribute d: Expected number, "M 30% 50% C 50% 50%,…". @ http://localhost:3000/_next/static/chunks/0c~n5k-nb05m2.js:0
[     263ms] [ERROR] Error: <path> attribute d: Expected number, "M 30% 50% C 50% 50%,…". @ http://localhost:3000/_next/static/chunks/0c~n5k-nb05m2.js:0
[     263ms] [ERROR] Error: <path> attribute d: Expected number, "M 30% 50% C 50% 50%,…". @ http://localhost:3000/_next/static/chunks/0c~n5k-nb05m2.js:0
[     263ms] [ERROR] Error: <path> attribute d: Expected number, "M 30% 50% C 50% 50%,…". @ http://localhost:3000/_next/static/chunks/0c~n5k-nb05m2.js:0
[     267ms] [ERROR] Error: <path> attribute d: Expected number, "M 30% 50% C 50% 50%,…". @ http://localhost:3000/_next/static/chunks/0c~n5k-nb05m2.js:0
[     268ms] [ERROR] Error: <path> attribute d: Expected number, "M 30% 50% C 50% 50%,…". @ http://localhost:3000/_next/static/chunks/0c~n5k-nb05m2.js:0
[     268ms] [ERROR] Error: <path> attribute d: Expected number, "M 70% 30% L 85% 30%". @ http://localhost:3000/_next/static/chunks/0c~n5k-nb05m2.js:0
[     268ms] [ERROR] Error: <path> attribute d: Expected number, "M 70% 70% L 85% 70%". @ http://localhost:3000/_next/static/chunks/0c~n5k-nb05m2.js:0
[     268ms] [ERROR] Error: <path> attribute d: Expected number, "M 30% 50% C 50% 50%,…". @ http://localhost:3000/_next/static/chunks/0c~n5k-nb05m2.js:0
[     268ms] [ERROR] Error: <path> attribute d: Expected number, "M 30% 50% C 50% 50%,…". @ http://localhost:3000/_next/static/chunks/0c~n5k-nb05m2.js:0
[     268ms] [ERROR] Error: <path> attribute d: Expected number, "M 30% 50% C 50% 50%,…". @ http://localhost:3000/_next/static/chunks/0c~n5k-nb05m2.js:0
[     268ms] [ERROR] Error: <path> attribute d: Expected number, "M 30% 50% C 50% 50%,…". @ http://localhost:3000/_next/static/chunks/0c~n5k-nb05m2.js:0
[     272ms] [ERROR] Error: <path> attribute d: Expected number, "M 30% 50% C 50% 50%,…". @ http://localhost:3000/_next/static/chunks/0c~n5k-nb05m2.js:0
[     272ms] [ERROR] Error: <path> attribute d: Expected number, "M 30% 50% C 50% 50%,…". @ http://localhost:3000/_next/static/chunks/0c~n5k-nb05m2.js:0
[     272ms] [ERROR] Error: <path> attribute d: Expected number, "M 70% 30% L 85% 30%". @ http://localhost:3000/_next/static/chunks/0c~n5k-nb05m2.js:0
[     272ms] [ERROR] Error: <path> attribute d: Expected number, "M 70% 70% L 85% 70%". @ http://localhost:3000/_next/static/chunks/0c~n5k-nb05m2.js:0
[     272ms] [ERROR] Error: <path> attribute d: Expected number, "M 30% 50% C 50% 50%,…". @ http://localhost:3000/_next/static/chunks/0c~n5k-nb05m2.js:0
[     272ms] [ERROR] Error: <path> attribute d: Expected number, "M 30% 50% C 50% 50%,…". @ http://localhost:3000/_next/static/chunks/0c~n5k-nb05m2.js:0
[     272ms] [ERROR] Error: <path> attribute d: Expected number, "M 30% 50% C 50% 50%,…". @ http://localhost:3000/_next/static/chunks/0c~n5k-nb05m2.js:0
[     272ms] [ERROR] Error: <path> attribute d: Expected number, "M 30% 50% C 50% 50%,…". @ http://localhost:3000/_next/static/chunks/0c~n5k-nb05m2.js:0
[     275ms] [ERROR] Error: <path> attribute d: Expected number, "M 30% 50% C 50% 50%,…". @ http://localhost:3000/_next/static/chunks/0c~n5k-nb05m2.js:0
[     275ms] [ERROR] Error: <path> attribute d: Expected number, "M 30% 50% C 50% 50%,…". @ http://localhost:3000/_next/static/chunks/0c~n5k-nb05m2.js:0
[     275ms] [ERROR] Error: <path> attribute d: Expected number, "M 70% 30% L 85% 30%". @ http://localhost:3000/_next/static/chunks/0c~n5k-nb05m2.js:0
[     275ms] [ERROR] Error: <path> attribute d: Expected number, "M 70% 70% L 85% 70%". @ http://localhost:3000/_next/static/chunks/0c~n5k-nb05m2.js:0
[     275ms] [ERROR] Error: <path> attribute d: Expected number, "M 30% 50% C 50% 50%,…". @ http://localhost:3000/_next/static/chunks/0c~n5k-nb05m2.js:0
[     275ms] [ERROR] Error: <path> attribute d: Expected number, "M 30% 50% C 50% 50%,…". @ http://localhost:3000/_next/static/chunks/0c~n5k-nb05m2.js:0
[     275ms] [ERROR] Error: <path> attribute d: Expected number, "M 30% 50% C 50% 50%,…". @ http://localhost:3000/_next/static/chunks/0c~n5k-nb05m2.js:0
[     275ms] [ERROR] Error: <path> attribute d: Expected number, "M 30% 50% C 50% 50%,…". @ http://localhost:3000/_next/static/chunks/0c~n5k-nb05m2.js:0
[     279ms] [ERROR] Error: <path> attribute d: Expected number, "M 30% 50% C 50% 50%,…". @ http://localhost:3000/_next/static/chunks/0c~n5k-nb05m2.js:0
[     279ms] [ERROR] Error: <path> attribute d: Expected number, "M 30% 50% C 50% 50%,…". @ http://localhost:3000/_next/static/chunks/0c~n5k-nb05m2.js:0
[     279ms] [ERROR] Error: <path> attribute d: Expected number, "M 70% 30% L 85% 30%". @ http://localhost:3000/_next/static/chunks/0c~n5k-nb05m2.js:0
[     279ms] [ERROR] Error: <path> attribute d: Expected number, "M 70% 70% L 85% 70%". @ http://localhost:3000/_next/static/chunks/0c~n5k-nb05m2.js:0
[     279ms] [ERROR] Error: <path> attribute d: Expected number, "M 30% 50% C 50% 50%,…". @ http://localhost:3000/_next/static/chunks/0c~n5k-nb05m2.js:0
[     279ms] [ERROR] Error: <path> attribute d: Expected number, "M 30% 50% C 50% 50%,…". @ http://localhost:3000/_next/static/chunks/0c~n5k-nb05m2.js:0
[     279ms] [ERROR] Error: <path> attribute d: Expected number, "M 30% 50% C 50% 50%,…". @ http://localhost:3000/_next/static/chunks/0c~n5k-nb05m2.js:0
[     279ms] [ERROR] Error: <path> attribute d: Expected number, "M 30% 50% C 50% 50%,…". @ http://localhost:3000/_next/static/chunks/0c~n5k-nb05m2.js:0
[     282ms] [ERROR] Error: <path> attribute d: Expected number, "M 30% 50% C 50% 50%,…". @ http://localhost:3000/_next/static/chunks/0c~n5k-nb05m2.js:0
[     282ms] [ERROR] Error: <path> attribute d: Expected number, "M 30% 50% C 50% 50%,…". @ http://localhost:3000/_next/static/chunks/0c~n5k-nb05m2.js:0
[     282ms] [ERROR] Error: <path> attribute d: Expected number, "M 70% 30% L 85% 30%". @ http://localhost:3000/_next/static/chunks/0c~n5k-nb05m2.js:0
[     282ms] [ERROR] Error: <path> attribute d: Expected number, "M 70% 70% L 85% 70%". @ http://localhost:3000/_next/static/chunks/0c~n5k-nb05m2.js:0
[     282ms] [ERROR] Error: <path> attribute d: Expected number, "M 30% 50% C 50% 50%,…". @ http://localhost:3000/_next/static/chunks/0c~n5k-nb05m2.js:0
[     282ms] [ERROR] Error: <path> attribute d: Expected number, "M 30% 50% C 50% 50%,…". @ http://localhost:3000/_next/static/chunks/0c~n5k-nb05m2.js:0
[     282ms] [ERROR] Error: <path> attribute d: Expected number, "M 30% 50% C 50% 50%,…". @ http://localhost:3000/_next/static/chunks/0c~n5k-nb05m2.js:0
[     282ms] [ERROR] Error: <path> attribute d: Expected number, "M 30% 50% C 50% 50%,…". @ http://localhost:3000/_next/static/chunks/0c~n5k-nb05m2.js:0
[     285ms] [ERROR] Error: <path> attribute d: Expected number, "M 30% 50% C 50% 50%,…". @ http://localhost:3000/_next/static/chunks/0c~n5k-nb05m2.js:0
[     285ms] [ERROR] Error: <path> attribute d: Expected number, "M 30% 50% C 50% 50%,…". @ http://localhost:3000/_next/static/chunks/0c~n5k-nb05m2.js:0
[     285ms] [ERROR] Error: <path> attribute d: Expected number, "M 70% 30% L 85% 30%". @ http://localhost:3000/_next/static/chunks/0c~n5k-nb05m2.js:0
[     285ms] [ERROR] Error: <path> attribute d: Expected number, "M 70% 70% L 85% 70%". @ http://localhost:3000/_next/static/chunks/0c~n5k-nb05m2.js:0
[     285ms] [ERROR] Error: <path> attribute d: Expected number, "M 30% 50% C 50% 50%,…". @ http://localhost:3000/_next/static/chunks/0c~n5k-nb05m2.js:0
[     285ms] [ERROR] Error: <path> attribute d: Expected number, "M 30% 50% C 50% 50%,…". @ http://localhost:3000/_next/static/chunks/0c~n5k-nb05m2.js:0
[     286ms] [ERROR] Error: <path> attribute d: Expected number, "M 30% 50% C 50% 50%,…". @ http://localhost:3000/_next/static/chunks/0c~n5k-nb05m2.js:0
[     286ms] [ERROR] Error: <path> attribute d: Expected number, "M 30% 50% C 50% 50%,…". @ http://localhost:3000/_next/static/chunks/0c~n5k-nb05m2.js:0
[     288ms] [ERROR] Error: <path> attribute d: Expected number, "M 30% 50% C 50% 50%,…". @ http://localhost:3000/_next/static/chunks/0c~n5k-nb05m2.js:0
[     288ms] [ERROR] Error: <path> attribute d: Expected number, "M 30% 50% C 50% 50%,…". @ http://localhost:3000/_next/static/chunks/0c~n5k-nb05m2.js:0
[     288ms] [ERROR] Error: <path> attribute d: Expected number, "M 70% 30% L 85% 30%". @ http://localhost:3000/_next/static/chunks/0c~n5k-nb05m2.js:0
[     288ms] [ERROR] Error: <path> attribute d: Expected number, "M 70% 70% L 85% 70%". @ http://localhost:3000/_next/static/chunks/0c~n5k-nb05m2.js:0
[     289ms] [ERROR] Error: <path> attribute d: Expected number, "M 30% 50% C 50% 50%,…". @ http://localhost:3000/_next/static/chunks/0c~n5k-nb05m2.js:0
[     289ms] [ERROR] Error: <path> attribute d: Expected number, "M 30% 50% C 50% 50%,…". @ http://localhost:3000/_next/static/chunks/0c~n5k-nb05m2.js:0
[     289ms] [ERROR] Error: <path> attribute d: Expected number, "M 30% 50% C 50% 50%,…". @ http://localhost:3000/_next/static/chunks/0c~n5k-nb05m2.js:0
[     289ms] [ERROR] Error: <path> attribute d: Expected number, "M 30% 50% C 50% 50%,…". @ http://localhost:3000/_next/static/chunks/0c~n5k-nb05m2.js:0
[     297ms] [ERROR] Error: <path> attribute d: Expected number, "M 30% 50% C 50% 50%,…". @ http://localhost:3000/_next/static/chunks/0c~n5k-nb05m2.js:0
[     297ms] [ERROR] Error: <path> attribute d: Expected number, "M 30% 50% C 50% 50%,…". @ http://localhost:3000/_next/static/chunks/0c~n5k-nb05m2.js:0
[     297ms] [ERROR] Error: <path> attribute d: Expected number, "M 70% 30% L 85% 30%". @ http://localhost:3000/_next/static/chunks/0c~n5k-nb05m2.js:0
[     297ms] [ERROR] Error: <path> attribute d: Expected number, "M 70% 70% L 85% 70%". @ http://localhost:3000/_next/static/chunks/0c~n5k-nb05m2.js:0
[     297ms] [ERROR] Error: <path> attribute d: Expected number, "M 30% 50% C 50% 50%,…". @ http://localhost:3000/_next/static/chunks/0c~n5k-nb05m2.js:0
[     297ms] [ERROR] Error: <path> attribute d: Expected number, "M 30% 50% C 50% 50%,…". @ http://localhost:3000/_next/static/chunks/0c~n5k-nb05m2.js:0
[     298ms] [ERROR] Error: <path> attribute d: Expected number, "M 30% 50% C 50% 50%,…". @ http://localhost:3000/_next/static/chunks/0c~n5k-nb05m2.js:0
[     298ms] [ERROR] Error: <path> attribute d: Expected number, "M 30% 50% C 50% 50%,…". @ http://localhost:3000/_next/static/chunks/0c~n5k-nb05m2.js:0
[   95065ms] [ERROR] Error: <path> attribute d: Expected number, "M 30% 50% C 50% 50%,…". @ http://localhost:3000/_next/static/chunks/0c~n5k-nb05m2.js:0
[   95065ms] [ERROR] Error: <path> attribute d: Expected number, "M 30% 50% C 50% 50%,…". @ http://localhost:3000/_next/static/chunks/0c~n5k-nb05m2.js:0
[   95065ms] [ERROR] Error: <path> attribute d: Expected number, "M 70% 30% L 85% 30%". @ http://localhost:3000/_next/static/chunks/0c~n5k-nb05m2.js:0
[   95065ms] [ERROR] Error: <path> attribute d: Expected number, "M 70% 70% L 85% 70%". @ http://localhost:3000/_next/static/chunks/0c~n5k-nb05m2.js:0
[   95065ms] [ERROR] Error: <path> attribute d: Expected number, "M 30% 50% C 50% 50%,…". @ http://localhost:3000/_next/static/chunks/0c~n5k-nb05m2.js:0
[   95065ms] [ERROR] Error: <path> attribute d: Expected number, "M 30% 50% C 50% 50%,…". @ http://localhost:3000/_next/static/chunks/0c~n5k-nb05m2.js:0
[   95065ms] [ERROR] Error: <path> attribute d: Expected number, "M 30% 50% C 50% 50%,…". @ http://localhost:3000/_next/static/chunks/0c~n5k-nb05m2.js:0
[   95065ms] [ERROR] Error: <path> attribute d: Expected number, "M 30% 50% C 50% 50%,…". @ http://localhost:3000/_next/static/chunks/0c~n5k-nb05m2.js:0
