[     105ms] [ERROR] Failed to load resource: the server responded with a status of 404 (Not Found) @ http://localhost:3000/_vercel/insights/script.js:0
[     105ms] [ERROR] Refused to execute script from 'http://localhost:3000/_vercel/insights/script.js' because its MIME type ('text/html') is not executable, and strict MIME type checking is enabled. @ http://localhost:3000/:0
[     106ms] [ERROR] Failed to load resource: the server responded with a status of 404 (Not Found) @ http://localhost:3000/_vercel/speed-insights/script.js:0
[     106ms] [ERROR] Refused to execute script from 'http://localhost:3000/_vercel/speed-insights/script.js' because its MIME type ('text/html') is not executable, and strict MIME type checking is enabled. @ http://localhost:3000/:0
[     117ms] [LOG] [Vercel Web Analytics] Failed to load script from /_vercel/insights/script.js. Be sure to enable Web Analytics for your project and deploy again. See https://vercel.com/docs/analytics/quickstart for more information. @ http://localhost:3000/_next/static/chunks/0n4oga138q.z0.js:0
[     117ms] [LOG] [Vercel Speed Insights] Failed to load script from /_vercel/speed-insights/script.js. Please check if any content blockers are enabled and try again. @ http://localhost:3000/_next/static/chunks/0n4oga138q.z0.js:0
[     134ms] [ERROR] Error: <path> attribute d: Expected number, "M 30% 50% C 50% 50%,…". @ http://localhost:3000/_next/static/chunks/0c~n5k-nb05m2.js:0
[     134ms] [ERROR] Error: <path> attribute d: Expected number, "M 30% 50% C 50% 50%,…". @ http://localhost:3000/_next/static/chunks/0c~n5k-nb05m2.js:0
[     134ms] [ERROR] Error: <path> attribute d: Expected number, "M 70% 30% L 85% 30%". @ http://localhost:3000/_next/static/chunks/0c~n5k-nb05m2.js:0
[     134ms] [ERROR] Error: <path> attribute d: Expected number, "M 70% 70% L 85% 70%". @ http://localhost:3000/_next/static/chunks/0c~n5k-nb05m2.js:0
[     134ms] [ERROR] Error: <path> attribute d: Expected number, "M 30% 50% C 50% 50%,…". @ http://localhost:3000/_next/static/chunks/0c~n5k-nb05m2.js:0
[     134ms] [ERROR] Error: <path> attribute d: Expected number, "M 30% 50% C 50% 50%,…". @ http://localhost:3000/_next/static/chunks/0c~n5k-nb05m2.js:0
[     134ms] [ERROR] Error: <path> attribute d: Expected number, "M 30% 50% C 50% 50%,…". @ http://localhost:3000/_next/static/chunks/0c~n5k-nb05m2.js:0
[     134ms] [ERROR] Error: <path> attribute d: Expected number, "M 30% 50% C 50% 50%,…". @ http://localhost:3000/_next/static/chunks/0c~n5k-nb05m2.js:0
[     154ms] [ERROR] Error: <path> attribute d: Expected number, "M 30% 50% C 50% 50%,…". @ http://localhost:3000/_next/static/chunks/0c~n5k-nb05m2.js:0
[     155ms] [ERROR] Error: <path> attribute d: Expected number, "M 30% 50% C 50% 50%,…". @ http://localhost:3000/_next/static/chunks/0c~n5k-nb05m2.js:0
[     155ms] [ERROR] Error: <path> attribute d: Expected number, "M 70% 30% L 85% 30%". @ http://localhost:3000/_next/static/chunks/0c~n5k-nb05m2.js:0
[     155ms] [ERROR] Error: <path> attribute d: Expected number, "M 70% 70% L 85% 70%". @ http://localhost:3000/_next/static/chunks/0c~n5k-nb05m2.js:0
[     155ms] [ERROR] Error: <path> attribute d: Expected number, "M 30% 50% C 50% 50%,…". @ http://localhost:3000/_next/static/chunks/0c~n5k-nb05m2.js:0
[     155ms] [ERROR] Error: <path> attribute d: Expected number, "M 30% 50% C 50% 50%,…". @ http://localhost:3000/_next/static/chunks/0c~n5k-nb05m2.js:0
[     155ms] [ERROR] Error: <path> attribute d: Expected number, "M 30% 50% C 50% 50%,…". @ http://localhost:3000/_next/static/chunks/0c~n5k-nb05m2.js:0
[     155ms] [ERROR] Error: <path> attribute d: Expected number, "M 30% 50% C 50% 50%,…". @ http://localhost:3000/_next/static/chunks/0c~n5k-nb05m2.js:0
[     168ms] [ERROR] Error: <path> attribute d: Expected number, "M 30% 50% C 50% 50%,…". @ http://localhost:3000/_next/static/chunks/0c~n5k-nb05m2.js:0
[     168ms] [ERROR] Error: <path> attribute d: Expected number, "M 30% 50% C 50% 50%,…". @ http://localhost:3000/_next/static/chunks/0c~n5k-nb05m2.js:0
[     168ms] [ERROR] Error: <path> attribute d: Expected number, "M 70% 30% L 85% 30%". @ http://localhost:3000/_next/static/chunks/0c~n5k-nb05m2.js:0
[     168ms] [ERROR] Error: <path> attribute d: Expected number, "M 70% 70% L 85% 70%". @ http://localhost:3000/_next/static/chunks/0c~n5k-nb05m2.js:0
[     169ms] [ERROR] Error: <path> attribute d: Expected number, "M 30% 50% C 50% 50%,…". @ http://localhost:3000/_next/static/chunks/0c~n5k-nb05m2.js:0
[     169ms] [ERROR] Error: <path> attribute d: Expected number, "M 30% 50% C 50% 50%,…". @ http://localhost:3000/_next/static/chunks/0c~n5k-nb05m2.js:0
[     169ms] [ERROR] Error: <path> attribute d: Expected number, "M 30% 50% C 50% 50%,…". @ http://localhost:3000/_next/static/chunks/0c~n5k-nb05m2.js:0
[     169ms] [ERROR] Error: <path> attribute d: Expected number, "M 30% 50% C 50% 50%,…". @ http://localhost:3000/_next/static/chunks/0c~n5k-nb05m2.js:0
[     180ms] [ERROR] Error: <path> attribute d: Expected number, "M 30% 50% C 50% 50%,…". @ http://localhost:3000/_next/static/chunks/0c~n5k-nb05m2.js:0
[     180ms] [ERROR] Error: <path> attribute d: Expected number, "M 30% 50% C 50% 50%,…". @ http://localhost:3000/_next/static/chunks/0c~n5k-nb05m2.js:0
[     180ms] [ERROR] Error: <path> attribute d: Expected number, "M 70% 30% L 85% 30%". @ http://localhost:3000/_next/static/chunks/0c~n5k-nb05m2.js:0
[     180ms] [ERROR] Error: <path> attribute d: Expected number, "M 70% 70% L 85% 70%". @ http://localhost:3000/_next/static/chunks/0c~n5k-nb05m2.js:0
[     180ms] [ERROR] Error: <path> attribute d: Expected number, "M 30% 50% C 50% 50%,…". @ http://localhost:3000/_next/static/chunks/0c~n5k-nb05m2.js:0
[     180ms] [ERROR] Error: <path> attribute d: Expected number, "M 30% 50% C 50% 50%,…". @ http://localhost:3000/_next/static/chunks/0c~n5k-nb05m2.js:0
[     180ms] [ERROR] Error: <path> attribute d: Expected number, "M 30% 50% C 50% 50%,…". @ http://localhost:3000/_next/static/chunks/0c~n5k-nb05m2.js:0
[     180ms] [ERROR] Error: <path> attribute d: Expected number, "M 30% 50% C 50% 50%,…". @ http://localhost:3000/_next/static/chunks/0c~n5k-nb05m2.js:0
[     190ms] [ERROR] Error: <path> attribute d: Expected number, "M 30% 50% C 50% 50%,…". @ http://localhost:3000/_next/static/chunks/0c~n5k-nb05m2.js:0
[     190ms] [ERROR] Error: <path> attribute d: Expected number, "M 30% 50% C 50% 50%,…". @ http://localhost:3000/_next/static/chunks/0c~n5k-nb05m2.js:0
[     190ms] [ERROR] Error: <path> attribute d: Expected number, "M 70% 30% L 85% 30%". @ http://localhost:3000/_next/static/chunks/0c~n5k-nb05m2.js:0
[     190ms] [ERROR] Error: <path> attribute d: Expected number, "M 70% 70% L 85% 70%". @ http://localhost:3000/_next/static/chunks/0c~n5k-nb05m2.js:0
[     190ms] [ERROR] Error: <path> attribute d: Expected number, "M 30% 50% C 50% 50%,…". @ http://localhost:3000/_next/static/chunks/0c~n5k-nb05m2.js:0
[     190ms] [ERROR] Error: <path> attribute d: Expected number, "M 30% 50% C 50% 50%,…". @ http://localhost:3000/_next/static/chunks/0c~n5k-nb05m2.js:0
[     190ms] [ERROR] Error: <path> attribute d: Expected number, "M 30% 50% C 50% 50%,…". @ http://localhost:3000/_next/static/chunks/0c~n5k-nb05m2.js:0
[     190ms] [ERROR] Error: <path> attribute d: Expected number, "M 30% 50% C 50% 50%,…". @ http://localhost:3000/_next/static/chunks/0c~n5k-nb05m2.js:0
[     204ms] [ERROR] Error: <path> attribute d: Expected number, "M 30% 50% C 50% 50%,…". @ http://localhost:3000/_next/static/chunks/0c~n5k-nb05m2.js:0
[     205ms] [ERROR] Error: <path> attribute d: Expected number, "M 30% 50% C 50% 50%,…". @ http://localhost:3000/_next/static/chunks/0c~n5k-nb05m2.js:0
[     205ms] [ERROR] Error: <path> attribute d: Expected number, "M 70% 30% L 85% 30%". @ http://localhost:3000/_next/static/chunks/0c~n5k-nb05m2.js:0
[     205ms] [ERROR] Error: <path> attribute d: Expected number, "M 70% 70% L 85% 70%". @ http://localhost:3000/_next/static/chunks/0c~n5k-nb05m2.js:0
[     205ms] [ERROR] Error: <path> attribute d: Expected number, "M 30% 50% C 50% 50%,…". @ http://localhost:3000/_next/static/chunks/0c~n5k-nb05m2.js:0
[     205ms] [ERROR] Error: <path> attribute d: Expected number, "M 30% 50% C 50% 50%,…". @ http://localhost:3000/_next/static/chunks/0c~n5k-nb05m2.js:0
[     205ms] [ERROR] Error: <path> attribute d: Expected number, "M 30% 50% C 50% 50%,…". @ http://localhost:3000/_next/static/chunks/0c~n5k-nb05m2.js:0
[     205ms] [ERROR] Error: <path> attribute d: Expected number, "M 30% 50% C 50% 50%,…". @ http://localhost:3000/_next/static/chunks/0c~n5k-nb05m2.js:0
[     214ms] [ERROR] Error: <path> attribute d: Expected number, "M 30% 50% C 50% 50%,…". @ http://localhost:3000/_next/static/chunks/0c~n5k-nb05m2.js:0
[     215ms] [ERROR] Error: <path> attribute d: Expected number, "M 30% 50% C 50% 50%,…". @ http://localhost:3000/_next/static/chunks/0c~n5k-nb05m2.js:0
[     215ms] [ERROR] Error: <path> attribute d: Expected number, "M 70% 30% L 85% 30%". @ http://localhost:3000/_next/static/chunks/0c~n5k-nb05m2.js:0
[     215ms] [ERROR] Error: <path> attribute d: Expected number, "M 70% 70% L 85% 70%". @ http://localhost:3000/_next/static/chunks/0c~n5k-nb05m2.js:0
[     215ms] [ERROR] Error: <path> attribute d: Expected number, "M 30% 50% C 50% 50%,…". @ http://localhost:3000/_next/static/chunks/0c~n5k-nb05m2.js:0
[     215ms] [ERROR] Error: <path> attribute d: Expected number, "M 30% 50% C 50% 50%,…". @ http://localhost:3000/_next/static/chunks/0c~n5k-nb05m2.js:0
[     215ms] [ERROR] Error: <path> attribute d: Expected number, "M 30% 50% C 50% 50%,…". @ http://localhost:3000/_next/static/chunks/0c~n5k-nb05m2.js:0
[     215ms] [ERROR] Error: <path> attribute d: Expected number, "M 30% 50% C 50% 50%,…". @ http://localhost:3000/_next/static/chunks/0c~n5k-nb05m2.js:0
[     226ms] [ERROR] Error: <path> attribute d: Expected number, "M 30% 50% C 50% 50%,…". @ http://localhost:3000/_next/static/chunks/0c~n5k-nb05m2.js:0
[     227ms] [ERROR] Error: <path> attribute d: Expected number, "M 30% 50% C 50% 50%,…". @ http://localhost:3000/_next/static/chunks/0c~n5k-nb05m2.js:0
[     227ms] [ERROR] Error: <path> attribute d: Expected number, "M 70% 30% L 85% 30%". @ http://localhost:3000/_next/static/chunks/0c~n5k-nb05m2.js:0
[     227ms] [ERROR] Error: <path> attribute d: Expected number, "M 70% 70% L 85% 70%". @ http://localhost:3000/_next/static/chunks/0c~n5k-nb05m2.js:0
[     227ms] [ERROR] Error: <path> attribute d: Expected number, "M 30% 50% C 50% 50%,…". @ http://localhost:3000/_next/static/chunks/0c~n5k-nb05m2.js:0
[     227ms] [ERROR] Error: <path> attribute d: Expected number, "M 30% 50% C 50% 50%,…". @ http://localhost:3000/_next/static/chunks/0c~n5k-nb05m2.js:0
[     227ms] [ERROR] Error: <path> attribute d: Expected number, "M 30% 50% C 50% 50%,…". @ http://localhost:3000/_next/static/chunks/0c~n5k-nb05m2.js:0
[     227ms] [ERROR] Error: <path> attribute d: Expected number, "M 30% 50% C 50% 50%,…". @ http://localhost:3000/_next/static/chunks/0c~n5k-nb05m2.js:0
[     234ms] [ERROR] Error: <path> attribute d: Expected number, "M 30% 50% C 50% 50%,…". @ http://localhost:3000/_next/static/chunks/0c~n5k-nb05m2.js:0
[     234ms] [ERROR] Error: <path> attribute d: Expected number, "M 30% 50% C 50% 50%,…". @ http://localhost:3000/_next/static/chunks/0c~n5k-nb05m2.js:0
[     234ms] [ERROR] Error: <path> attribute d: Expected number, "M 70% 30% L 85% 30%". @ http://localhost:3000/_next/static/chunks/0c~n5k-nb05m2.js:0
[     234ms] [ERROR] Error: <path> attribute d: Expected number, "M 70% 70% L 85% 70%". @ http://localhost:3000/_next/static/chunks/0c~n5k-nb05m2.js:0
[     234ms] [ERROR] Error: <path> attribute d: Expected number, "M 30% 50% C 50% 50%,…". @ http://localhost:3000/_next/static/chunks/0c~n5k-nb05m2.js:0
[     234ms] [ERROR] Error: <path> attribute d: Expected number, "M 30% 50% C 50% 50%,…". @ http://localhost:3000/_next/static/chunks/0c~n5k-nb05m2.js:0
[     234ms] [ERROR] Error: <path> attribute d: Expected number, "M 30% 50% C 50% 50%,…". @ http://localhost:3000/_next/static/chunks/0c~n5k-nb05m2.js:0
[     234ms] [ERROR] Error: <path> attribute d: Expected number, "M 30% 50% C 50% 50%,…". @ http://localhost:3000/_next/static/chunks/0c~n5k-nb05m2.js:0
[     242ms] [ERROR] Error: <path> attribute d: Expected number, "M 30% 50% C 50% 50%,…". @ http://localhost:3000/_next/static/chunks/0c~n5k-nb05m2.js:0
[     242ms] [ERROR] Error: <path> attribute d: Expected number, "M 30% 50% C 50% 50%,…". @ http://localhost:3000/_next/static/chunks/0c~n5k-nb05m2.js:0
[     242ms] [ERROR] Error: <path> attribute d: Expected number, "M 70% 30% L 85% 30%". @ http://localhost:3000/_next/static/chunks/0c~n5k-nb05m2.js:0
[     242ms] [ERROR] Error: <path> attribute d: Expected number, "M 70% 70% L 85% 70%". @ http://localhost:3000/_next/static/chunks/0c~n5k-nb05m2.js:0
[     243ms] [ERROR] Error: <path> attribute d: Expected number, "M 30% 50% C 50% 50%,…". @ http://localhost:3000/_next/static/chunks/0c~n5k-nb05m2.js:0
[     243ms] [ERROR] Error: <path> attribute d: Expected number, "M 30% 50% C 50% 50%,…". @ http://localhost:3000/_next/static/chunks/0c~n5k-nb05m2.js:0
[     243ms] [ERROR] Error: <path> attribute d: Expected number, "M 30% 50% C 50% 50%,…". @ http://localhost:3000/_next/static/chunks/0c~n5k-nb05m2.js:0
[     243ms] [ERROR] Error: <path> attribute d: Expected number, "M 30% 50% C 50% 50%,…". @ http://localhost:3000/_next/static/chunks/0c~n5k-nb05m2.js:0
[     249ms] [ERROR] Error: <path> attribute d: Expected number, "M 30% 50% C 50% 50%,…". @ http://localhost:3000/_next/static/chunks/0c~n5k-nb05m2.js:0
[     249ms] [ERROR] Error: <path> attribute d: Expected number, "M 30% 50% C 50% 50%,…". @ http://localhost:3000/_next/static/chunks/0c~n5k-nb05m2.js:0
[     249ms] [ERROR] Error: <path> attribute d: Expected number, "M 70% 30% L 85% 30%". @ http://localhost:3000/_next/static/chunks/0c~n5k-nb05m2.js:0
[     249ms] [ERROR] Error: <path> attribute d: Expected number, "M 70% 70% L 85% 70%". @ http://localhost:3000/_next/static/chunks/0c~n5k-nb05m2.js:0
[     249ms] [ERROR] Error: <path> attribute d: Expected number, "M 30% 50% C 50% 50%,…". @ http://localhost:3000/_next/static/chunks/0c~n5k-nb05m2.js:0
[     249ms] [ERROR] Error: <path> attribute d: Expected number, "M 30% 50% C 50% 50%,…". @ http://localhost:3000/_next/static/chunks/0c~n5k-nb05m2.js:0
[     249ms] [ERROR] Error: <path> attribute d: Expected number, "M 30% 50% C 50% 50%,…". @ http://localhost:3000/_next/static/chunks/0c~n5k-nb05m2.js:0
[     249ms] [ERROR] Error: <path> attribute d: Expected number, "M 30% 50% C 50% 50%,…". @ http://localhost:3000/_next/static/chunks/0c~n5k-nb05m2.js:0
[     257ms] [ERROR] Error: <path> attribute d: Expected number, "M 30% 50% C 50% 50%,…". @ http://localhost:3000/_next/static/chunks/0c~n5k-nb05m2.js:0
[     257ms] [ERROR] Error: <path> attribute d: Expected number, "M 30% 50% C 50% 50%,…". @ http://localhost:3000/_next/static/chunks/0c~n5k-nb05m2.js:0
[     257ms] [ERROR] Error: <path> attribute d: Expected number, "M 70% 30% L 85% 30%". @ http://localhost:3000/_next/static/chunks/0c~n5k-nb05m2.js:0
[     257ms] [ERROR] Error: <path> attribute d: Expected number, "M 70% 70% L 85% 70%". @ http://localhost:3000/_next/static/chunks/0c~n5k-nb05m2.js:0
[     257ms] [ERROR] Error: <path> attribute d: Expected number, "M 30% 50% C 50% 50%,…". @ http://localhost:3000/_next/static/chunks/0c~n5k-nb05m2.js:0
[     257ms] [ERROR] Error: <path> attribute d: Expected number, "M 30% 50% C 50% 50%,…". @ http://localhost:3000/_next/static/chunks/0c~n5k-nb05m2.js:0
[     257ms] [ERROR] Error: <path> attribute d: Expected number, "M 30% 50% C 50% 50%,…". @ http://localhost:3000/_next/static/chunks/0c~n5k-nb05m2.js:0
[     257ms] [ERROR] Error: <path> attribute d: Expected number, "M 30% 50% C 50% 50%,…". @ http://localhost:3000/_next/static/chunks/0c~n5k-nb05m2.js:0
[     264ms] [ERROR] Error: <path> attribute d: Expected number, "M 30% 50% C 50% 50%,…". @ http://localhost:3000/_next/static/chunks/0c~n5k-nb05m2.js:0
[     264ms] [ERROR] Error: <path> attribute d: Expected number, "M 30% 50% C 50% 50%,…". @ http://localhost:3000/_next/static/chunks/0c~n5k-nb05m2.js:0
[     264ms] [ERROR] Error: <path> attribute d: Expected number, "M 70% 30% L 85% 30%". @ http://localhost:3000/_next/static/chunks/0c~n5k-nb05m2.js:0
[     264ms] [ERROR] Error: <path> attribute d: Expected number, "M 70% 70% L 85% 70%". @ http://localhost:3000/_next/static/chunks/0c~n5k-nb05m2.js:0
[     264ms] [ERROR] Error: <path> attribute d: Expected number, "M 30% 50% C 50% 50%,…". @ http://localhost:3000/_next/static/chunks/0c~n5k-nb05m2.js:0
[     264ms] [ERROR] Error: <path> attribute d: Expected number, "M 30% 50% C 50% 50%,…". @ http://localhost:3000/_next/static/chunks/0c~n5k-nb05m2.js:0
[     264ms] [ERROR] Error: <path> attribute d: Expected number, "M 30% 50% C 50% 50%,…". @ http://localhost:3000/_next/static/chunks/0c~n5k-nb05m2.js:0
[     264ms] [ERROR] Error: <path> attribute d: Expected number, "M 30% 50% C 50% 50%,…". @ http://localhost:3000/_next/static/chunks/0c~n5k-nb05m2.js:0
[     272ms] [ERROR] Error: <path> attribute d: Expected number, "M 30% 50% C 50% 50%,…". @ http://localhost:3000/_next/static/chunks/0c~n5k-nb05m2.js:0
[     272ms] [ERROR] Error: <path> attribute d: Expected number, "M 30% 50% C 50% 50%,…". @ http://localhost:3000/_next/static/chunks/0c~n5k-nb05m2.js:0
[     272ms] [ERROR] Error: <path> attribute d: Expected number, "M 70% 30% L 85% 30%". @ http://localhost:3000/_next/static/chunks/0c~n5k-nb05m2.js:0
[     272ms] [ERROR] Error: <path> attribute d: Expected number, "M 70% 70% L 85% 70%". @ http://localhost:3000/_next/static/chunks/0c~n5k-nb05m2.js:0
[     272ms] [ERROR] Error: <path> attribute d: Expected number, "M 30% 50% C 50% 50%,…". @ http://localhost:3000/_next/static/chunks/0c~n5k-nb05m2.js:0
[     272ms] [ERROR] Error: <path> attribute d: Expected number, "M 30% 50% C 50% 50%,…". @ http://localhost:3000/_next/static/chunks/0c~n5k-nb05m2.js:0
[     273ms] [ERROR] Error: <path> attribute d: Expected number, "M 30% 50% C 50% 50%,…". @ http://localhost:3000/_next/static/chunks/0c~n5k-nb05m2.js:0
[     273ms] [ERROR] Error: <path> attribute d: Expected number, "M 30% 50% C 50% 50%,…". @ http://localhost:3000/_next/static/chunks/0c~n5k-nb05m2.js:0
[     286ms] [ERROR] Error: <path> attribute d: Expected number, "M 30% 50% C 50% 50%,…". @ http://localhost:3000/_next/static/chunks/0c~n5k-nb05m2.js:0
[     286ms] [ERROR] Error: <path> attribute d: Expected number, "M 30% 50% C 50% 50%,…". @ http://localhost:3000/_next/static/chunks/0c~n5k-nb05m2.js:0
[     286ms] [ERROR] Error: <path> attribute d: Expected number, "M 70% 30% L 85% 30%". @ http://localhost:3000/_next/static/chunks/0c~n5k-nb05m2.js:0
[     286ms] [ERROR] Error: <path> attribute d: Expected number, "M 70% 70% L 85% 70%". @ http://localhost:3000/_next/static/chunks/0c~n5k-nb05m2.js:0
[     286ms] [ERROR] Error: <path> attribute d: Expected number, "M 30% 50% C 50% 50%,…". @ http://localhost:3000/_next/static/chunks/0c~n5k-nb05m2.js:0
[     286ms] [ERROR] Error: <path> attribute d: Expected number, "M 30% 50% C 50% 50%,…". @ http://localhost:3000/_next/static/chunks/0c~n5k-nb05m2.js:0
[     286ms] [ERROR] Error: <path> attribute d: Expected number, "M 30% 50% C 50% 50%,…". @ http://localhost:3000/_next/static/chunks/0c~n5k-nb05m2.js:0
[     286ms] [ERROR] Error: <path> attribute d: Expected number, "M 30% 50% C 50% 50%,…". @ http://localhost:3000/_next/static/chunks/0c~n5k-nb05m2.js:0
[     293ms] [ERROR] Error: <path> attribute d: Expected number, "M 30% 50% C 50% 50%,…". @ http://localhost:3000/_next/static/chunks/0c~n5k-nb05m2.js:0
[     293ms] [ERROR] Error: <path> attribute d: Expected number, "M 30% 50% C 50% 50%,…". @ http://localhost:3000/_next/static/chunks/0c~n5k-nb05m2.js:0
[     293ms] [ERROR] Error: <path> attribute d: Expected number, "M 70% 30% L 85% 30%". @ http://localhost:3000/_next/static/chunks/0c~n5k-nb05m2.js:0
[     293ms] [ERROR] Error: <path> attribute d: Expected number, "M 70% 70% L 85% 70%". @ http://localhost:3000/_next/static/chunks/0c~n5k-nb05m2.js:0
[     293ms] [ERROR] Error: <path> attribute d: Expected number, "M 30% 50% C 50% 50%,…". @ http://localhost:3000/_next/static/chunks/0c~n5k-nb05m2.js:0
[     293ms] [ERROR] Error: <path> attribute d: Expected number, "M 30% 50% C 50% 50%,…". @ http://localhost:3000/_next/static/chunks/0c~n5k-nb05m2.js:0
[     294ms] [ERROR] Error: <path> attribute d: Expected number, "M 30% 50% C 50% 50%,…". @ http://localhost:3000/_next/static/chunks/0c~n5k-nb05m2.js:0
[     294ms] [ERROR] Error: <path> attribute d: Expected number, "M 30% 50% C 50% 50%,…". @ http://localhost:3000/_next/static/chunks/0c~n5k-nb05m2.js:0
