[     178ms] [INFO] %cDownload the React DevTools for a better development experience: https://react.dev/link/react-devtools font-weight:bold @ http://localhost:3000/_next/static/chunks/node_modules_next_dist_115brz8._.js:2477
[     211ms] [LOG] [HMR] connected @ http://localhost:3000/_next/static/chunks/node_modules_next_dist_115brz8._.js:2477
[     564ms] [WARNING] Please ensure that the container has a non-static position, like 'relative', 'fixed', or 'absolute' to ensure scroll offset is calculated correctly. @ http://localhost:3000/_next/static/chunks/node_modules_next_dist_115brz8._.js:2477
[     656ms] [LOG] %c[Vercel Web Analytics]%c Debug mode is enabled by default in development. No requests will be sent to the server. color: rgb(120, 120, 120) color: inherit @ http://localhost:3000/_next/static/chunks/node_modules_next_dist_115brz8._.js:2477
[     656ms] [LOG] %c[Vercel Web Analytics]%c Running queued event color: rgb(120, 120, 120) color: inherit pageview {route: /work/[slug], path: /work/aulys} @ http://localhost:3000/_next/static/chunks/node_modules_next_dist_115brz8._.js:2477
[     657ms] [LOG] %c[Vercel Web Analytics]%c [view] http://localhost:3000/work/aulys color: rgb(120, 120, 120) color: inherit {o: http://localhost:3000/work/aulys, sv: 0.1.3, sdkn: @vercel/analytics/next, sdkv: 2.0.1, ts: 1781001851392} /_vercel/insights/view @ http://localhost:3000/_next/static/chunks/node_modules_next_dist_115brz8._.js:2477
[     661ms] [LOG] %c[Vercel Speed Insights]%c Debug mode is enabled by default in development. No requests will be sent to the server. color: rgb(120, 120, 120) color: inherit @ http://localhost:3000/_next/static/chunks/node_modules_next_dist_115brz8._.js:2477
[   37056ms] [LOG] [Fast Refresh] rebuilding @ http://localhost:3000/_next/static/chunks/node_modules_next_dist_115brz8._.js:2477
[   37157ms] [LOG] [Fast Refresh] done in 204ms @ http://localhost:3000/_next/static/chunks/node_modules_next_dist_115brz8._.js:2477
[   72197ms] [ERROR] WebSocket connection to 'ws://localhost:3000/_next/webpack-hmr?id=Dlf8K_L-Si9e_WC546dAc' failed: Error in connection establishment: net::ERR_CONNECTION_REFUSED @ http://localhost:3000/_next/static/chunks/node_modules_next_dist_client_0fhqo1d._.js:13322
[   75561ms] [ERROR] WebSocket connection to 'ws://localhost:3000/_next/webpack-hmr?id=Dlf8K_L-Si9e_WC546dAc' failed: Error in connection establishment: net::ERR_CONNECTION_REFUSED @ http://localhost:3000/_next/static/chunks/node_modules_next_dist_client_0fhqo1d._.js:13322
[   78899ms] [ERROR] WebSocket connection to 'ws://localhost:3000/_next/webpack-hmr?id=Dlf8K_L-Si9e_WC546dAc' failed: Error in connection establishment: net::ERR_CONNECTION_REFUSED @ http://localhost:3000/_next/static/chunks/node_modules_next_dist_client_0fhqo1d._.js:13322
[   82252ms] [ERROR] WebSocket connection to 'ws://localhost:3000/_next/webpack-hmr?id=Dlf8K_L-Si9e_WC546dAc' failed: Error in connection establishment: net::ERR_CONNECTION_REFUSED @ http://localhost:3000/_next/static/chunks/node_modules_next_dist_client_0fhqo1d._.js:13322
[   85582ms] [ERROR] WebSocket connection to 'ws://localhost:3000/_next/webpack-hmr?id=Dlf8K_L-Si9e_WC546dAc' failed: Error in connection establishment: net::ERR_CONNECTION_REFUSED @ http://localhost:3000/_next/static/chunks/node_modules_next_dist_client_0fhqo1d._.js:13322
[   92937ms] [ERROR] WebSocket connection to 'ws://localhost:3000/_next/webpack-hmr?id=Dlf8K_L-Si9e_WC546dAc' failed: Error in connection establishment: net::ERR_CONNECTION_REFUSED @ http://localhost:3000/_next/static/chunks/node_modules_next_dist_client_0fhqo1d._.js:13322
[  100290ms] [ERROR] WebSocket connection to 'ws://localhost:3000/_next/webpack-hmr?id=Dlf8K_L-Si9e_WC546dAc' failed: Error in connection establishment: net::ERR_CONNECTION_REFUSED @ http://localhost:3000/_next/static/chunks/node_modules_next_dist_client_0fhqo1d._.js:13322
[  107649ms] [ERROR] WebSocket connection to 'ws://localhost:3000/_next/webpack-hmr?id=Dlf8K_L-Si9e_WC546dAc' failed: Error in connection establishment: net::ERR_CONNECTION_REFUSED @ http://localhost:3000/_next/static/chunks/node_modules_next_dist_client_0fhqo1d._.js:13322
[  115007ms] [ERROR] WebSocket connection to 'ws://localhost:3000/_next/webpack-hmr?id=Dlf8K_L-Si9e_WC546dAc' failed: Error in connection establishment: net::ERR_CONNECTION_REFUSED @ http://localhost:3000/_next/static/chunks/node_modules_next_dist_client_0fhqo1d._.js:13322
[  122346ms] [ERROR] WebSocket connection to 'ws://localhost:3000/_next/webpack-hmr?id=Dlf8K_L-Si9e_WC546dAc' failed: Error in connection establishment: net::ERR_CONNECTION_REFUSED @ http://localhost:3000/_next/static/chunks/node_modules_next_dist_client_0fhqo1d._.js:13322
[  129678ms] [ERROR] WebSocket connection to 'ws://localhost:3000/_next/webpack-hmr?id=Dlf8K_L-Si9e_WC546dAc' failed: Error in connection establishment: net::ERR_CONNECTION_REFUSED @ http://localhost:3000/_next/static/chunks/node_modules_next_dist_client_0fhqo1d._.js:13322
[  137024ms] [ERROR] WebSocket connection to 'ws://localhost:3000/_next/webpack-hmr?id=Dlf8K_L-Si9e_WC546dAc' failed: Error in connection establishment: net::ERR_CONNECTION_REFUSED @ http://localhost:3000/_next/static/chunks/node_modules_next_dist_client_0fhqo1d._.js:13322
